Archive member included to satisfy reference by file (symbol)

app/libapp.a(main.c.obj)      (--whole-archive)
app/libapp.a(bmx160.c.obj)    (--whole-archive)
app/libapp.a(quaternion.c.obj)
                              (--whole-archive)
app/libapp.a(sensor_processing_lib.c.obj)
                              (--whole-archive)
app/libapp.a(vector_3d.c.obj)
                              (--whole-archive)
zephyr/libzephyr.a(cbprintf.c.obj)
                              (--whole-archive)
zephyr/libzephyr.a(cbprintf_packaged.c.obj)
                              (--whole-archive)
zephyr/libzephyr.a(crc32c_sw.c.obj)
                              (--whole-archive)
zephyr/libzephyr.a(crc32_sw.c.obj)
                              (--whole-archive)
zephyr/libzephyr.a(crc16_sw.c.obj)
                              (--whole-archive)
zephyr/libzephyr.a(crc8_sw.c.obj)
                              (--whole-archive)
zephyr/libzephyr.a(crc7_sw.c.obj)
                              (--whole-archive)
zephyr/libzephyr.a(dec.c.obj)
                              (--whole-archive)
zephyr/libzephyr.a(fdtable.c.obj)
                              (--whole-archive)
zephyr/libzephyr.a(hex.c.obj)
                              (--whole-archive)
zephyr/libzephyr.a(notify.c.obj)
                              (--whole-archive)
zephyr/libzephyr.a(printk.c.obj)
                              (--whole-archive)
zephyr/libzephyr.a(onoff.c.obj)
                              (--whole-archive)
zephyr/libzephyr.a(rb.c.obj)  (--whole-archive)
zephyr/libzephyr.a(sem.c.obj)
                              (--whole-archive)
zephyr/libzephyr.a(thread_entry.c.obj)
                              (--whole-archive)
zephyr/libzephyr.a(timeutil.c.obj)
                              (--whole-archive)
zephyr/libzephyr.a(heap.c.obj)
                              (--whole-archive)
zephyr/libzephyr.a(heap-validate.c.obj)
                              (--whole-archive)
zephyr/libzephyr.a(bitarray.c.obj)
                              (--whole-archive)
zephyr/libzephyr.a(multi_heap.c.obj)
                              (--whole-archive)
zephyr/libzephyr.a(cbprintf_complete.c.obj)
                              (--whole-archive)
zephyr/libzephyr.a(assert.c.obj)
                              (--whole-archive)
zephyr/libzephyr.a(mpsc_pbuf.c.obj)
                              (--whole-archive)
zephyr/libzephyr.a(reboot.c.obj)
                              (--whole-archive)
zephyr/libzephyr.a(configs.c.obj)
                              (--whole-archive)
zephyr/libzephyr.a(soc_nrf_common.S.obj)
                              (--whole-archive)
zephyr/libzephyr.a(validate_base_addresses.c.obj)
                              (--whole-archive)
zephyr/libzephyr.a(validate_enabled_instances.c.obj)
                              (--whole-archive)
zephyr/libzephyr.a(thread_info.c.obj)
                              (--whole-archive)
zephyr/libzephyr.a(log_list.c.obj)
                              (--whole-archive)
zephyr/libzephyr.a(log_core.c.obj)
                              (--whole-archive)
zephyr/libzephyr.a(log_mgmt.c.obj)
                              (--whole-archive)
zephyr/libzephyr.a(log_msg.c.obj)
                              (--whole-archive)
zephyr/libzephyr.a(log_output.c.obj)
                              (--whole-archive)
zephyr/libzephyr.a(log_backend_rtt.c.obj)
                              (--whole-archive)
zephyr/libzephyr.a(disk_access.c.obj)
                              (--whole-archive)
zephyr/libzephyr.a(pm.c.obj)  (--whole-archive)
zephyr/libzephyr.a(constraint.c.obj)
                              (--whole-archive)
zephyr/libzephyr.a(residency.c.obj)
                              (--whole-archive)
zephyr/libzephyr.a(tracing_none.c.obj)
                              (--whole-archive)
zephyr/arch/common/libarch__common.a(sw_isr_common.c.obj)
                              (--whole-archive)
zephyr/arch/arch/arm/core/aarch32/libarch__arm__core__aarch32.a(cpu_idle.S.obj)
                              (--whole-archive)
zephyr/arch/arch/arm/core/aarch32/libarch__arm__core__aarch32.a(fatal.c.obj)
                              (--whole-archive)
zephyr/arch/arch/arm/core/aarch32/libarch__arm__core__aarch32.a(irq_manage.c.obj)
                              (--whole-archive)
zephyr/arch/arch/arm/core/aarch32/libarch__arm__core__aarch32.a(nmi.c.obj)
                              (--whole-archive)
zephyr/arch/arch/arm/core/aarch32/libarch__arm__core__aarch32.a(nmi_on_reset.S.obj)
                              (--whole-archive)
zephyr/arch/arch/arm/core/aarch32/libarch__arm__core__aarch32.a(prep_c.c.obj)
                              (--whole-archive)
zephyr/arch/arch/arm/core/aarch32/libarch__arm__core__aarch32.a(swap.c.obj)
                              (--whole-archive)
zephyr/arch/arch/arm/core/aarch32/libarch__arm__core__aarch32.a(swap_helper.S.obj)
                              (--whole-archive)
zephyr/arch/arch/arm/core/aarch32/libarch__arm__core__aarch32.a(thread.c.obj)
[...]
Memory Configuration

Name             Origin             Length             Attributes
FLASH            0x00000000         0x00080000         xr
SRAM             0x20000000         0x00010000         xw
IDT_LIST         0xfffff7ff         0x00000800         xw
*default*        0x00000000         0xffffffff

Linker script and memory map

LOAD zephyr/CMakeFiles/zephyr_pre1.dir/misc/empty_file.c.obj
LOAD zephyr/CMakeFiles/zephyr_pre1.dir/dev_handles.c.obj
                0x00000020                _region_min_align = 0x20

.rel.plt        0x00000000        0x0
 *(SORT_BY_ALIGNMENT(.rel.plt))
                [!provide]                PROVIDE (__rel_iplt_start = .)
 *(SORT_BY_ALIGNMENT(.rel.iplt))
 .rel.iplt      0x00000000        0x0 zephyr/CMakeFiles/zephyr_pre1.dir/dev_handles.c.obj
                [!provide]                PROVIDE (__rel_iplt_end = .)

.rela.plt       0x00000000        0x0
 *(SORT_BY_ALIGNMENT(.rela.plt))
                [!provide]                PROVIDE (__rela_iplt_start = .)
 *(SORT_BY_ALIGNMENT(.rela.iplt))
                [!provide]                PROVIDE (__rela_iplt_end = .)

.rel.dyn
 *(SORT_BY_ALIGNMENT(.rel.*))

.rela.dyn
 *(SORT_BY_ALIGNMENT(.rela.*))

/DISCARD/
 *(SORT_BY_ALIGNMENT(.plt))
 *(SORT_BY_ALIGNMENT(.iplt))
 *(SORT_BY_ALIGNMENT(.got.plt))
 *(SORT_BY_ALIGNMENT(.igot.plt))
 *(SORT_BY_ALIGNMENT(.got))
 *(SORT_BY_ALIGNMENT(.igot))
 *(SORT_BY_ALIGNMENT(.note.GNU-stack))
                0x00000000                __rom_region_start = 0x0

rom_start       0x00000000       0xdc
                0x00000000                . = 0x0
                0x00000000                . = ALIGN (0x4)
                0x00000000                . = ALIGN (0x80)
                0x00000000                . = ALIGN (0x100)
                0x00000000                _vector_start = .
 *(SORT_BY_ALIGNMENT(.exc_vector_table))
 *(SORT_BY_ALIGNMENT(.exc_vector_table.*))
 .exc_vector_table._vector_table_section
                0x00000000       0x40 zephyr/arch/arch/arm/core/aarch32/cortex_m/libarch__arm__core__aarch32__cortex_m.a(vector_table.S.obj)
                0x00000000                _vector_table
 *(SORT_BY_ALIGNMENT(.gnu.linkonce.irq_vector_table*))
 .gnu.linkonce.irq_vector_table
                0x00000040       0x9c zephyr/arch/common/libisr_tables.a(isr_tables.c.obj)
                0x00000040                _irq_vector_table
 *(SORT_BY_ALIGNMENT(.vectors))
                0x000000dc                _vector_end = .

text            0x000000e0    0x15464
                0x000000e0                __text_region_start = .
 *(SORT_BY_ALIGNMENT(.text))
 .text          0x000000e0       0xa0 c:/ncs/v1.9.1/toolchain/opt/arm-none-eabi/lib/thumb/v7e-m/nofp\libc_nano.a(lib_a-memchr.o)
                0x000000e0                memchr
 .text          0x00000180      0x378 c:/ncs/v1.9.1/toolchain/opt/bin/../lib/gcc/arm-none-eabi/9.2.1/thumb/v7e-m/nofp\libgcc.a(_arm_addsubdf3.o)
                0x00000180                __aeabi_drsub
                0x00000188                __aeabi_dsub
                0x00000188                __subdf3
                0x0000018c                __aeabi_dadd
                0x0000018c                __adddf3
                0x00000404                __floatunsidf
                0x00000404                __aeabi_ui2d
                0x00000424                __floatsidf
                0x00000424                __aeabi_i2d
                0x00000448                __aeabi_f2d
                0x00000448                __extendsfdf2
                0x0000048c                __floatundidf
                0x0000048c                __aeabi_ul2d
                0x0000049c                __floatdidf
                0x0000049c                __aeabi_l2d
 .text          0x000004f8      0x424 c:/ncs/v1.9.1/toolchain/opt/bin/../lib/gcc/arm-none-eabi/9.2.1/thumb/v7e-m/nofp\libgcc.a(_arm_muldivdf3.o)
                0x000004f8                __aeabi_dmul
                0x000004f8                __muldf3
                0x0000074c                __divdf3
                0x0000074c                __aeabi_ddiv
 .text          0x0000091c      0x110 c:/ncs/v1.9.1/toolchain/opt/bin/../lib/gcc/arm-none-eabi/9.2.1/thumb/v7e-m/nofp\libgcc.a(_arm_cmpdf2.o)
                0x0000091c                __gtdf2
                0x0000091c                __gedf2
                0x00000924                __ltdf2
                0x00000924                __ledf2
                0x0000092c                __nedf2
                0x0000092c                __eqdf2
                0x0000092c                __cmpdf2
                0x000009a8                __aeabi_cdrcmple
                0x000009b8                __aeabi_cdcmpeq
                0x000009b8                __aeabi_cdcmple
                0x000009c8                __aeabi_dcmpeq
                0x000009dc                __aeabi_dcmplt
                0x000009f0                __aeabi_dcmple
                0x00000a04                __aeabi_dcmpge
                0x00000a18                __aeabi_dcmpgt
 .text          0x00000a2c      0x21c c:/ncs/v1.9.1/toolchain/opt/bin/../lib/gcc/arm-none-eabi/9.2.1/thumb/v7e-m/nofp\libgcc.a(_arm_addsubsf3.o)
                0x00000a2c                __aeabi_frsub
                0x00000a34                __subsf3
                0x00000a34                __aeabi_fsub
                0x00000a38                __aeabi_fadd
                0x00000a38                __addsf3
                0x00000b98                __aeabi_ui2f
                0x00000b98                __floatunsisf
                0x00000ba0                __aeabi_i2f
                0x00000ba0                __floatsisf
                0x00000bbc                __aeabi_ul2f
                0x00000bbc                __floatundisf
                0x00000bcc                __aeabi_l2f
                0x00000bcc                __floatdisf
 .text          0x00000c48      0x2a0 c:/ncs/v1.9.1/toolchain/opt/bin/../lib/gcc/arm-none-eabi/9.2.1/thumb/v7e-m/nofp\libgcc.a(_arm_muldivsf3.o)
                0x00000c48                __mulsf3
                0x00000c48                __aeabi_fmul
                0x00000db0                __aeabi_fdiv
                0x00000db0                __divsf3
 .text          0x00000ee8       0xec c:/ncs/v1.9.1/toolchain/opt/bin/../lib/gcc/arm-none-eabi/9.2.1/thumb/v7e-m/nofp\libgcc.a(_arm_cmpsf2.o)
                0x00000ee8                __gesf2
                0x00000ee8                __gtsf2
                0x00000ef0                __lesf2
                0x00000ef0                __ltsf2
                0x00000ef8                __nesf2
                0x00000ef8                __eqsf2
                0x00000ef8                __cmpsf2
                0x00000f58                __aeabi_cfrcmple
                0x00000f60                __aeabi_cfcmpeq
                0x00000f60                __aeabi_cfcmple
                0x00000f70                __aeabi_fcmpeq
                0x00000f84                __aeabi_fcmplt
                0x00000f98                __aeabi_fcmple
                0x00000fac                __aeabi_fcmpge
                0x00000fc0                __aeabi_fcmpgt
 .text          0x00000fd4       0x30 c:/ncs/v1.9.1/toolchain/opt/bin/../lib/gcc/arm-none-eabi/9.2.1/thumb/v7e-m/nofp\libgcc.a(_aeabi_uldivmod.o)
                0x00000fd4                __aeabi_uldivmod
 .text          0x00001004      0x2c0 c:/ncs/v1.9.1/toolchain/opt/bin/../lib/gcc/arm-none-eabi/9.2.1/thumb/v7e-m/nofp\libgcc.a(_udivmoddi4.o)
                0x00001004                __udivmoddi4
 .text          0x000012c4        0x4 c:/ncs/v1.9.1/toolchain/opt/bin/../lib/gcc/arm-none-eabi/9.2.1/thumb/v7e-m/nofp\libgcc.a(_dvmd_tls.o)
                0x000012c4                __aeabi_idiv0
                0x000012c4                __aeabi_ldiv0
 .text          0x000012c8       0x2c c:/ncs/v1.9.1/toolchain/opt/bin/../lib/gcc/arm-none-eabi/9.2.1/thumb/v7e-m/nofp\libgcc.a(_arm_unorddf2.o)
                0x000012c8                __unorddf2
                0x000012c8                __aeabi_dcmpun
 .text          0x000012f4       0x50 c:/ncs/v1.9.1/toolchain/opt/bin/../lib/gcc/arm-none-eabi/9.2.1/thumb/v7e-m/nofp\libgcc.a(_arm_fixdfsi.o)
                0x000012f4                __aeabi_d2iz
                0x000012f4                __fixdfsi
 .text          0x00001344       0x14 c:/ncs/v1.9.1/toolchain/opt/arm-none-eabi/lib/thumb/v7e-m/nofp\libc_nano.a(lib_a-strcmp.o)
                0x00001344                strcmp
 .text          0x00001358       0x10 c:/ncs/v1.9.1/toolchain/opt/arm-none-eabi/lib/thumb/v7e-m/nofp\libc_nano.a(lib_a-strlen.o)
                0x00001358                strlen
 *(SORT_BY_ALIGNMENT(.text.*))
 .text._dtoa_r  0x00001368      0xba4 c:/ncs/v1.9.1/toolchain/opt/arm-none-eabi/lib/thumb/v7e-m/nofp\libc_nano.a(lib_a-dtoa.o)
                0x00001368                _dtoa_r
 .text.z_impl_gpio_pin_configure
                0x00001f0c      0x15c app/libapp.a(main.c.obj)
 .text.lsdir    0x00002068       0x84 app/libapp.a(main.c.obj)
 .text.clocks_start
                0x000020ec       0xe8 app/libapp.a(main.c.obj)
                0x000020ec                clocks_start
 .text.main     0x000021d4      0x304 app/libapp.a(main.c.obj)
                0x000021d4                main
 .text.writeReg_bmx160
                0x000024d8      0x14c app/libapp.a(bmx160.c.obj)
                0x000024d8                writeReg_bmx160
 .text.setAccelRange_bmx160
                0x00002624       0x5c app/libapp.a(bmx160.c.obj)
                0x00002624                setAccelRange_bmx160
 .text.setGyroRange_bmx160
                0x00002680       0x64 app/libapp.a(bmx160.c.obj)
                0x00002680                setGyroRange_bmx160
 .text.readReg_bmx160
                0x000026e4      0x158 app/libapp.a(bmx160.c.obj)
                0x000026e4                readReg_bmx160
 .text.getData_bmx160
                0x0000283c       0xec app/libapp.a(bmx160.c.obj)
                0x0000283c                getData_bmx160
 .text.sys_notify_finalize
                0x00002928       0x44 zephyr/libzephyr.a(notify.c.obj)
                0x00002928                sys_notify_finalize
 .text.__printk_hook_install
                0x0000296c        0xc zephyr/libzephyr.a(printk.c.obj)
                0x0000296c                __printk_hook_install
 .text.vsnprintk
                0x00002978       0x2c zephyr/libzephyr.a(printk.c.obj)
                0x00002978                vsnprintk
 .text.process_complete
                0x000029a4       0xd8 zephyr/libzephyr.a(onoff.c.obj)
 .text.process_event
                0x00002a7c      0x36c zephyr/libzephyr.a(onoff.c.obj)
 .text.transition_complete
                0x00002de8       0x5c zephyr/libzephyr.a(onoff.c.obj)
 .text.onoff_request
                0x00002e44      0x150 zephyr/libzephyr.a(onoff.c.obj)
                0x00002e44                onoff_request
 .text.extract_decimal
                0x00002f94       0x2c zephyr/libzephyr.a(cbprintf_complete.c.obj)
 .text.encode_uint
                0x00002fc0       0xe0 zephyr/libzephyr.a(cbprintf_complete.c.obj)
 .text.encode_float
                0x000030a0      0x430 zephyr/libzephyr.a(cbprintf_complete.c.obj)
 .text.cbvprintf
                0x000034d0      0xb50 zephyr/libzephyr.a(cbprintf_complete.c.obj)
                0x000034d0                cbvprintf
 .text.is_rodata
                0x00004020       0x20 zephyr/libzephyr.a(log_core.c.obj)
 .text.thread_set
                0x00004040       0x28 zephyr/libzephyr.a(log_core.c.obj)
 .text.log_process_thread_timer_expiry_fn
                0x00004068       0x10 zephyr/libzephyr.a(log_core.c.obj)
 .text.next_pending
                0x00004078       0x14 zephyr/libzephyr.a(log_core.c.obj)
 .text.enable_logger
                0x0000408c       0x5c zephyr/libzephyr.a(log_core.c.obj)
 .text.z_log_get_s_mask
                0x000040e8       0x6c zephyr/libzephyr.a(log_core.c.obj)
                0x000040e8                z_log_get_s_mask
 .text.log_init
                0x00004154       0x94 zephyr/libzephyr.a(log_core.c.obj)
                0x00004154                log_init
 .text.log_set_timestamp_func
                0x000041e8       0x1c zephyr/libzephyr.a(log_core.c.obj)
                0x000041e8                log_set_timestamp_func
 .text.log_core_init
                0x00004204       0x48 zephyr/libzephyr.a(log_core.c.obj)
                0x00004204                log_core_init
 .text.get_msg  0x0000424c       0x28 zephyr/libzephyr.a(log_core.c.obj)
                0x0000424c                get_msg
 .text.z_log_notify_backend_enabled
                0x00004274       0x20 zephyr/libzephyr.a(log_core.c.obj)
                0x00004274                z_log_notify_backend_enabled
 .text.z_log_dropped
                0x00004294       0x3c zephyr/libzephyr.a(log_core.c.obj)
                0x00004294                z_log_dropped
 .text.z_log_dropped_read_and_clear
                0x000042d0       0x20 zephyr/libzephyr.a(log_core.c.obj)
                0x000042d0                z_log_dropped_read_and_clear
 .text.dropped_notify
                0x000042f0       0x90 zephyr/libzephyr.a(log_core.c.obj)
                0x000042f0                dropped_notify
 .text.z_log_dropped_pending
                0x00004380       0x14 zephyr/libzephyr.a(log_core.c.obj)
                0x00004380                z_log_dropped_pending
 .text.z_log_strdup
                0x00004394       0x60 zephyr/libzephyr.a(log_core.c.obj)
                0x00004394                z_log_strdup
 .text.log_is_strdup
                0x000043f4       0x24 zephyr/libzephyr.a(log_core.c.obj)
                0x000043f4                log_is_strdup
 .text.detect_missed_strdup
                0x00004418       0x8c zephyr/libzephyr.a(log_core.c.obj)
 .text.msg_process
                0x000044a4       0xc8 zephyr/libzephyr.a(log_core.c.obj)
 .text.z_impl_log_process
                0x0000456c       0x54 zephyr/libzephyr.a(log_core.c.obj)
                0x0000456c                z_impl_log_process
 .text.z_log_msg_post_finalize
                0x000045c0       0x90 zephyr/libzephyr.a(log_core.c.obj)
 .text.z_log_printk
                0x00004650       0x60 zephyr/libzephyr.a(log_core.c.obj)
                0x00004650                z_log_printk
 .text.log_1    0x000046b0       0x6c zephyr/libzephyr.a(log_core.c.obj)
                0x000046b0                log_1
 .text.log_2    0x0000471c       0x78 zephyr/libzephyr.a(log_core.c.obj)
                0x0000471c                log_2
 .text.log_n    0x00004794       0x44 zephyr/libzephyr.a(log_core.c.obj)
                0x00004794                log_n
 .text.log_3    0x000047d8       0x7c zephyr/libzephyr.a(log_core.c.obj)
                0x000047d8                log_3
 .text.log_0    0x00004854       0x60 zephyr/libzephyr.a(log_core.c.obj)
                0x00004854                log_0
 .text.z_impl_log_panic
                0x000048b4       0x9c zephyr/libzephyr.a(log_core.c.obj)
                0x000048b4                z_impl_log_panic
 .text.log_process_thread_func
                0x00004950       0x64 zephyr/libzephyr.a(log_core.c.obj)
 .text.z_log_free
                0x000049b4       0x38 zephyr/libzephyr.a(log_core.c.obj)
                0x000049b4                z_log_free
 .text.log_source_name_get
                0x000049ec       0x20 zephyr/libzephyr.a(log_mgmt.c.obj)
                0x000049ec                log_source_name_get
 .text.log_backend_enable
                0x00004a0c       0x64 zephyr/libzephyr.a(log_mgmt.c.obj)
                0x00004a0c                log_backend_enable
 .text.cont_free
                0x00004a70       0x20 zephyr/libzephyr.a(log_msg.c.obj)
 .text.log_msg_pool_init
                0x00004a90       0x18 zephyr/libzephyr.a(log_msg.c.obj)
                0x00004a90                log_msg_pool_init
 .text.log_msg_no_space_handle
                0x00004aa8       0x30 zephyr/libzephyr.a(log_msg.c.obj)
                0x00004aa8                log_msg_no_space_handle
 .text.log_msg_chunk_alloc
                0x00004ad8       0x38 zephyr/libzephyr.a(log_msg.c.obj)
                0x00004ad8                log_msg_chunk_alloc
 .text.msg_free
                0x00004b10       0x80 zephyr/libzephyr.a(log_msg.c.obj)
 .text.log_msg_create_n
                0x00004b90       0x50 zephyr/libzephyr.a(log_msg.c.obj)
                0x00004b90                log_msg_create_n
 .text.print_formatted
                0x00004be0       0x24 zephyr/libzephyr.a(log_output.c.obj)
 .text.timestamp_print
                0x00004c04       0x8c zephyr/libzephyr.a(log_output.c.obj)
 .text.color_print
                0x00004c90       0x2c zephyr/libzephyr.a(log_output.c.obj)
 .text.newline_print
                0x00004cbc       0x28 zephyr/libzephyr.a(log_output.c.obj)
 .text.hexdump_line_print
                0x00004ce4       0xc4 zephyr/libzephyr.a(log_output.c.obj)
 .text.ids_print
                0x00004da8       0x6c zephyr/libzephyr.a(log_output.c.obj)
 .text.prefix_print
                0x00004e14       0x78 zephyr/libzephyr.a(log_output.c.obj)
 .text.hexdump_print
                0x00004e8c       0x54 zephyr/libzephyr.a(log_output.c.obj)
 .text.out_func
                0x00004ee0       0x60 zephyr/libzephyr.a(log_output.c.obj)
 .text.raw_string_print
                0x00004f40       0x84 zephyr/libzephyr.a(log_output.c.obj)
 .text.log_output_dropped_process
                0x00004fc4       0x58 zephyr/libzephyr.a(log_output.c.obj)
                0x00004fc4                log_output_dropped_process
 .text.log_output_timestamp_freq_set
                0x0000501c       0x2c zephyr/libzephyr.a(log_output.c.obj)
                0x0000501c                log_output_timestamp_freq_set
 .text.log_backend_rtt_init
                0x00005048        0xc zephyr/libzephyr.a(log_backend_rtt.c.obj)
 .text.on_failed_write
                0x00005054       0x30 zephyr/libzephyr.a(log_backend_rtt.c.obj)
 .text.on_write
                0x00005084       0x38 zephyr/libzephyr.a(log_backend_rtt.c.obj)
 .text.data_out_block_mode
                0x000050bc       0x88 zephyr/libzephyr.a(log_backend_rtt.c.obj)
 .text.panic    0x00005144       0x18 zephyr/libzephyr.a(log_backend_rtt.c.obj)
 .text.dropped  0x0000515c       0x10 zephyr/libzephyr.a(log_backend_rtt.c.obj)
 .text.put      0x0000516c       0x20 zephyr/libzephyr.a(log_backend_rtt.c.obj)
 .text.disk_init
                0x0000518c       0x1c zephyr/libzephyr.a(disk_access.c.obj)
 .text.disk_access_get_di
                0x000051a8       0x60 zephyr/libzephyr.a(disk_access.c.obj)
                0x000051a8                disk_access_get_di
 .text.disk_access_register
                0x00005208       0x9c zephyr/libzephyr.a(disk_access.c.obj)
                0x00005208                disk_access_register
 .text.pm_system_resume
                0x000052a4      0x11c zephyr/libzephyr.a(pm.c.obj)
                0x000052a4                pm_system_resume
 .text.pm_system_suspend
                0x000053c0      0x1cc zephyr/libzephyr.a(pm.c.obj)
                0x000053c0                pm_system_suspend
 .text.z_arm_cpu_idle_init
                0x0000558c        0xc zephyr/arch/arch/arm/core/aarch32/libarch__arm__core__aarch32.a(cpu_idle.S.obj)
                0x0000558c                z_arm_cpu_idle_init
 .text.arch_cpu_idle
                0x00005598       0x1c zephyr/arch/arch/arm/core/aarch32/libarch__arm__core__aarch32.a(cpu_idle.S.obj)
                0x00005598                arch_cpu_idle
 .text.arch_cpu_atomic_idle
                0x000055b4       0x14 zephyr/arch/arch/arm/core/aarch32/libarch__arm__core__aarch32.a(cpu_idle.S.obj)
                0x000055b4                arch_cpu_atomic_idle
 .text.esf_dump
                0x000055c8       0x9c zephyr/arch/arch/arm/core/aarch32/libarch__arm__core__aarch32.a(fatal.c.obj)
 .text.arch_irq_enable
                0x00005664       0x20 zephyr/arch/arch/arm/core/aarch32/libarch__arm__core__aarch32.a(irq_manage.c.obj)
                0x00005664                arch_irq_enable
 .text.arch_irq_disable
                0x00005684       0x28 zephyr/arch/arch/arm/core/aarch32/libarch__arm__core__aarch32.a(irq_manage.c.obj)
                0x00005684                arch_irq_disable
 .text.arch_irq_is_enabled
                0x000056ac       0x1c zephyr/arch/arch/arm/core/aarch32/libarch__arm__core__aarch32.a(irq_manage.c.obj)
                0x000056ac                arch_irq_is_enabled
 .text.z_arm_irq_priority_set
                0x000056c8       0x54 zephyr/arch/arch/arm/core/aarch32/libarch__arm__core__aarch32.a(irq_manage.c.obj)
                0x000056c8                z_arm_irq_priority_set
 .text._arch_isr_direct_pm
                0x0000571c       0x20 zephyr/arch/arch/arm/core/aarch32/libarch__arm__core__aarch32.a(irq_manage.c.obj)
                0x0000571c                _arch_isr_direct_pm
 .text.z_SysNmiOnReset
                0x0000573c        0x8 zephyr/arch/arch/arm/core/aarch32/libarch__arm__core__aarch32.a(nmi_on_reset.S.obj)
                0x0000573c                z_SysNmiOnReset
 .text.z_arm_prep_c
                0x00005744       0x38 zephyr/arch/arch/arm/core/aarch32/libarch__arm__core__aarch32.a(prep_c.c.obj)
                0x00005744                z_arm_prep_c
 .text.arch_swap
                0x0000577c       0x38 zephyr/arch/arch/arm/core/aarch32/libarch__arm__core__aarch32.a(swap.c.obj)
                0x0000577c                arch_swap
 .text.z_arm_pendsv
                0x000057b4       0x58 zephyr/arch/arch/arm/core/aarch32/libarch__arm__core__aarch32.a(swap_helper.S.obj)
                0x000057b4                z_arm_pendsv
 .text.z_arm_svc
                0x0000580c       0x20 zephyr/arch/arch/arm/core/aarch32/libarch__arm__core__aarch32.a(swap_helper.S.obj)
                0x0000580c                z_arm_svc
 .text.arch_new_thread
                0x0000582c       0x40 zephyr/arch/arch/arm/core/aarch32/libarch__arm__core__aarch32.a(thread.c.obj)
                0x0000582c                arch_new_thread
 .text.z_check_thread_stack_fail
                0x0000586c       0x60 zephyr/arch/arch/arm/core/aarch32/libarch__arm__core__aarch32.a(thread.c.obj)
                0x0000586c                z_check_thread_stack_fail
 .text.arch_switch_to_main_thread
                0x000058cc       0x2c zephyr/arch/arch/arm/core/aarch32/libarch__arm__core__aarch32.a(thread.c.obj)
                0x000058cc                arch_switch_to_main_thread
 .text._isr_wrapper
                0x000058f8       0x40 zephyr/arch/arch/arm/core/aarch32/libarch__arm__core__aarch32.a(isr_wrapper.S.obj)
                0x000058f8                _isr_wrapper
 .text._HandlerModeExit
                0x00005938       0x1c zephyr/arch/arch/arm/core/aarch32/cortex_m/libarch__arm__core__aarch32__cortex_m.a(exc_exit.S.obj)
                0x00005938                z_arm_int_exit
                0x00005938                z_arm_exc_exit
 .text.usage_fault
                0x00005954      0x164 zephyr/arch/arch/arm/core/aarch32/cortex_m/libarch__arm__core__aarch32__cortex_m.a(fault.c.obj)
 .text.debug_monitor
                0x00005ab8       0x34 zephyr/arch/arch/arm/core/aarch32/cortex_m/libarch__arm__core__aarch32__cortex_m.a(fault.c.obj)
 .text.bus_fault
                0x00005aec      0x1b0 zephyr/arch/arch/arm/core/aarch32/cortex_m/libarch__arm__core__aarch32__cortex_m.a(fault.c.obj)
 .text.mem_manage_fault
                0x00005c9c      0x1f0 zephyr/arch/arch/arm/core/aarch32/cortex_m/libarch__arm__core__aarch32__cortex_m.a(fault.c.obj)
 .text.hard_fault
                0x00005e8c      0x190 zephyr/arch/arch/arm/core/aarch32/cortex_m/libarch__arm__core__aarch32__cortex_m.a(fault.c.obj)
 .text.reserved_exception
                0x0000601c       0x48 zephyr/arch/arch/arm/core/aarch32/cortex_m/libarch__arm__core__aarch32__cortex_m.a(fault.c.obj)
 .text.z_arm_fault
                0x00006064       0xf4 zephyr/arch/arch/arm/core/aarch32/cortex_m/libarch__arm__core__aarch32__cortex_m.a(fault.c.obj)
                0x00006064                z_arm_fault
 .text.z_arm_fault_init
                0x00006158       0x10 zephyr/arch/arch/arm/core/aarch32/cortex_m/libarch__arm__core__aarch32__cortex_m.a(fault.c.obj)
                0x00006158                z_arm_fault_init
 .text.__fault  0x00006168       0x14 zephyr/arch/arch/arm/core/aarch32/cortex_m/libarch__arm__core__aarch32__cortex_m.a(fault_s.S.obj)
                0x00006168                z_arm_usage_fault
                0x00006168                z_arm_mpu_fault
                0x00006168                z_arm_exc_spurious
                0x00006168                z_arm_debug_monitor
                0x00006168                z_arm_hard_fault
                0x00006168                z_arm_bus_fault
 .text.z_arm_interrupt_init
                0x0000617c       0x34 zephyr/arch/arch/arm/core/aarch32/cortex_m/libarch__arm__core__aarch32__cortex_m.a(irq_init.c.obj)
                0x0000617c                z_arm_interrupt_init
 .text._reset_section
                0x000061b0       0x54 zephyr/arch/arch/arm/core/aarch32/cortex_m/libarch__arm__core__aarch32__cortex_m.a(reset.S.obj)
                0x000061b0                __start
                0x000061b0                z_arm_reset
 .text.z_arm_clear_arm_mpu_config
                0x00006204       0x20 zephyr/arch/arch/arm/core/aarch32/cortex_m/libarch__arm__core__aarch32__cortex_m.a(scb.c.obj)
                0x00006204                z_arm_clear_arm_mpu_config
 .text.z_arm_init_arch_hw_at_boot
                0x00006224       0x54 zephyr/arch/arch/arm/core/aarch32/cortex_m/libarch__arm__core__aarch32__cortex_m.a(scb.c.obj)
                0x00006224                z_arm_init_arch_hw_at_boot
 .text.z_impl_k_thread_abort
                0x00006278       0x2c zephyr/arch/arch/arm/core/aarch32/cortex_m/libarch__arm__core__aarch32__cortex_m.a(thread_abort.c.obj)
                0x00006278                z_impl_k_thread_abort
 .text.z_arm_configure_static_mpu_regions
                0x000062a4       0x1c zephyr/arch/arch/arm/core/aarch32/mpu/libarch__arm__core__aarch32__mpu.a(arm_core_mpu.c.obj)
                0x000062a4                z_arm_configure_static_mpu_regions
 .text.z_arm_configure_dynamic_mpu_regions
                0x000062c0       0x24 zephyr/arch/arch/arm/core/aarch32/mpu/libarch__arm__core__aarch32__mpu.a(arm_core_mpu.c.obj)
                0x000062c0                z_arm_configure_dynamic_mpu_regions
 .text.region_init
                0x000062e4       0x20 zephyr/arch/arch/arm/core/aarch32/mpu/libarch__arm__core__aarch32__mpu.a(arm_mpu.c.obj)
 .text.region_allocate_and_init
                0x00006304       0x44 zephyr/arch/arch/arm/core/aarch32/mpu/libarch__arm__core__aarch32__mpu.a(arm_mpu.c.obj)
 .text.mpu_configure_regions
                0x00006348       0x80 zephyr/arch/arch/arm/core/aarch32/mpu/libarch__arm__core__aarch32__mpu.a(arm_mpu.c.obj)
 .text.mpu_configure_static_mpu_regions
                0x000063c8       0x14 zephyr/arch/arch/arm/core/aarch32/mpu/libarch__arm__core__aarch32__mpu.a(arm_mpu.c.obj)
 .text.mpu_configure_dynamic_mpu_regions
                0x000063dc       0x30 zephyr/arch/arch/arm/core/aarch32/mpu/libarch__arm__core__aarch32__mpu.a(arm_mpu.c.obj)
 .text.arm_core_mpu_enable
                0x0000640c       0x14 zephyr/arch/arch/arm/core/aarch32/mpu/libarch__arm__core__aarch32__mpu.a(arm_mpu.c.obj)
                0x0000640c                arm_core_mpu_enable
 .text.arm_core_mpu_disable
                0x00006420       0x10 zephyr/arch/arch/arm/core/aarch32/mpu/libarch__arm__core__aarch32__mpu.a(arm_mpu.c.obj)
                0x00006420                arm_core_mpu_disable
 .text.arm_core_mpu_configure_static_mpu_regions
                0x00006430       0x30 zephyr/arch/arch/arm/core/aarch32/mpu/libarch__arm__core__aarch32__mpu.a(arm_mpu.c.obj)
                0x00006430                arm_core_mpu_configure_static_mpu_regions
 .text.arm_core_mpu_configure_dynamic_mpu_regions
                0x00006460       0x30 zephyr/arch/arch/arm/core/aarch32/mpu/libarch__arm__core__aarch32__mpu.a(arm_mpu.c.obj)
                0x00006460                arm_core_mpu_configure_dynamic_mpu_regions
 .text.z_arm_mpu_init
                0x00006490       0x90 zephyr/arch/arch/arm/core/aarch32/mpu/libarch__arm__core__aarch32__mpu.a(arm_mpu.c.obj)
                0x00006490                z_arm_mpu_init
 .text.malloc_prepare
                0x00006520       0x3c zephyr/lib/libc/newlib/liblib__libc__newlib.a(libc-hooks.c.obj)
 .text.__stdout_hook_install
                0x0000655c        0xc zephyr/lib/libc/newlib/liblib__libc__newlib.a(libc-hooks.c.obj)
                0x0000655c                __stdout_hook_install
 .text._sbrk    0x00006568       0x2c zephyr/lib/libc/newlib/liblib__libc__newlib.a(libc-hooks.c.obj)
                0x00006568                sbrk
                0x00006568                _sbrk
 .text.__retarget_lock_acquire_recursive
                0x00006594       0x38 zephyr/lib/libc/newlib/liblib__libc__newlib.a(libc-hooks.c.obj)
                0x00006594                __retarget_lock_acquire_recursive
 .text.__retarget_lock_release_recursive
                0x000065cc       0x30 zephyr/lib/libc/newlib/liblib__libc__newlib.a(libc-hooks.c.obj)
                0x000065cc                __retarget_lock_release_recursive
 .text.nordicsemi_nrf52_init
                0x000065fc       0x28 zephyr/soc/arm/nordic_nrf/nrf52/libsoc__arm__nordic_nrf__nrf52.a(soc.c.obj)
 .text.sys_arch_reboot
                0x00006624       0x2c zephyr/soc/arm/nordic_nrf/nrf52/libsoc__arm__nordic_nrf__nrf52.a(soc.c.obj)
                0x00006624                sys_arch_reboot
 .text.arch_busy_wait
                0x00006650       0x18 zephyr/soc/arm/nordic_nrf/nrf52/libsoc__arm__nordic_nrf__nrf52.a(soc.c.obj)
                0x00006650                arch_busy_wait
 .text.registry_add
                0x00006668       0x30 zephyr/subsys/fs/libsubsys__fs.a(fs.c.obj)
 .text.registry_find
                0x00006698       0x2c zephyr/subsys/fs/libsubsys__fs.a(fs.c.obj)
 .text.fs_get_mnt_point
                0x000066c4       0xa4 zephyr/subsys/fs/libsubsys__fs.a(fs.c.obj)
 .text.fs_init  0x00006768       0x1c zephyr/subsys/fs/libsubsys__fs.a(fs.c.obj)
 .text.fs_opendir
                0x00006784      0x12c zephyr/subsys/fs/libsubsys__fs.a(fs.c.obj)
                0x00006784                fs_opendir
 .text.fs_readdir
                0x000068b0      0x118 zephyr/subsys/fs/libsubsys__fs.a(fs.c.obj)
                0x000068b0                fs_readdir
 .text.fs_closedir
                0x000069c8       0x5c zephyr/subsys/fs/libsubsys__fs.a(fs.c.obj)
                0x000069c8                fs_closedir
 .text.fs_mount
                0x00006a24      0x1cc zephyr/subsys/fs/libsubsys__fs.a(fs.c.obj)
                0x00006a24                fs_mount
 .text.fs_register
                0x00006bf0       0x3c zephyr/subsys/fs/libsubsys__fs.a(fs.c.obj)
                0x00006bf0                fs_register
 .text.fatfs_init
                0x00006c2c       0x10 zephyr/subsys/fs/libsubsys__fs.a(fat_fs.c.obj)
 .text.fatfs_mount
                0x00006c3c       0x80 zephyr/subsys/fs/libsubsys__fs.a(fat_fs.c.obj)
 .text.fatfs_closedir
                0x00006cbc       0x20 zephyr/subsys/fs/libsubsys__fs.a(fat_fs.c.obj)
 .text.fatfs_opendir
                0x00006cdc       0x50 zephyr/subsys/fs/libsubsys__fs.a(fat_fs.c.obj)
 .text.fatfs_close
                0x00006d2c       0x24 zephyr/subsys/fs/libsubsys__fs.a(fat_fs.c.obj)
 .text.fatfs_open
                0x00006d50       0x5c zephyr/subsys/fs/libsubsys__fs.a(fat_fs.c.obj)
 .text.sdhc_spi_rx_bytes
                0x00006dac       0x48 zephyr/drivers/disk/libdrivers__disk.a(sdmmc_spi.c.obj)
 .text.disk_spi_sdhc_access_ioctl
                0x00006df4       0x54 zephyr/drivers/disk/libdrivers__disk.a(sdmmc_spi.c.obj)
 .text.disk_spi_sdhc_init
                0x00006e48       0x18 zephyr/drivers/disk/libdrivers__disk.a(sdmmc_spi.c.obj)
 .text.sdhc_spi_init
                0x00006e60       0x1c zephyr/drivers/disk/libdrivers__disk.a(sdmmc_spi.c.obj)
 .text.sdhc_spi_tx_block
                0x00006e7c       0x7c zephyr/drivers/disk/libdrivers__disk.a(sdmmc_spi.c.obj)
 .text.sdhc_spi_cmd_r1
                0x00006ef8       0x28 zephyr/drivers/disk/libdrivers__disk.a(sdmmc_spi.c.obj)
 .text.sdhc_spi_write_multi
                0x00006f20       0xfc zephyr/drivers/disk/libdrivers__disk.a(sdmmc_spi.c.obj)
 .text.sdhc_spi_cmd_r1_idle
                0x0000701c       0x30 zephyr/drivers/disk/libdrivers__disk.a(sdmmc_spi.c.obj)
 .text.sdhc_spi_go_idle
                0x0000704c       0x28 zephyr/drivers/disk/libdrivers__disk.a(sdmmc_spi.c.obj)
 .text.sdhc_spi_cmd_r2
                0x00007074       0x4c zephyr/drivers/disk/libdrivers__disk.a(sdmmc_spi.c.obj)
 .text.sdhc_spi_write
                0x000070c0       0x94 zephyr/drivers/disk/libdrivers__disk.a(sdmmc_spi.c.obj)
 .text.sdhc_spi_cmd_r7_idle
                0x00007154       0x30 zephyr/drivers/disk/libdrivers__disk.a(sdmmc_spi.c.obj)
 .text.sdhc_spi_cmd_r3
                0x00007184       0x28 zephyr/drivers/disk/libdrivers__disk.a(sdmmc_spi.c.obj)
 .text.sdhc_spi_skip
                0x000071ac      0x158 zephyr/drivers/disk/libdrivers__disk.a(sdmmc_spi.c.obj)
 .text.sdhc_spi_rx_block
                0x00007304       0xac zephyr/drivers/disk/libdrivers__disk.a(sdmmc_spi.c.obj)
 .text.sdhc_spi_read
                0x000073b0       0x80 zephyr/drivers/disk/libdrivers__disk.a(sdmmc_spi.c.obj)
 .text.sdhc_spi_detect
                0x00007430      0x4f4 zephyr/drivers/disk/libdrivers__disk.a(sdmmc_spi.c.obj)
 .text.get_hf_flags
                0x00007924        0x8 zephyr/drivers/clock_control/libdrivers__clock_control.a(clock_control_nrf.c.obj)
 .text.get_subsys
                0x0000792c        0xc zephyr/drivers/clock_control/libdrivers__clock_control.a(clock_control_nrf.c.obj)
 .text.onoff_start
                0x00007938       0x34 zephyr/drivers/clock_control/libdrivers__clock_control.a(clock_control_nrf.c.obj)
 .text.generic_hfclk_stop
                0x0000796c       0x30 zephyr/drivers/clock_control/libdrivers__clock_control.a(clock_control_nrf.c.obj)
 .text.generic_hfclk_start
                0x0000799c       0x68 zephyr/drivers/clock_control/libdrivers__clock_control.a(clock_control_nrf.c.obj)
 .text.get_status
                0x00007a04       0x38 zephyr/drivers/clock_control/libdrivers__clock_control.a(clock_control_nrf.c.obj)
 .text.stop     0x00007a3c       0x5c zephyr/drivers/clock_control/libdrivers__clock_control.a(clock_control_nrf.c.obj)
 .text.onoff_stop
                0x00007a98       0x20 zephyr/drivers/clock_control/libdrivers__clock_control.a(clock_control_nrf.c.obj)
 .text.clock_event_handler
                0x00007ab8       0x70 zephyr/drivers/clock_control/libdrivers__clock_control.a(clock_control_nrf.c.obj)
 .text.api_blocking_start
                0x00007b28       0x38 zephyr/drivers/clock_control/libdrivers__clock_control.a(clock_control_nrf.c.obj)
 .text.lfclk_start
                0x00007b60       0x24 zephyr/drivers/clock_control/libdrivers__clock_control.a(clock_control_nrf.c.obj)
 .text.clk_init
                0x00007b84       0x68 zephyr/drivers/clock_control/libdrivers__clock_control.a(clock_control_nrf.c.obj)
 .text.lfclk_spinwait
                0x00007bec       0xe8 zephyr/drivers/clock_control/libdrivers__clock_control.a(clock_control_nrf.c.obj)
 .text.z_nrf_clock_control_get_onoff
                0x00007cd4       0x10 zephyr/drivers/clock_control/libdrivers__clock_control.a(clock_control_nrf.c.obj)
                0x00007cd4                z_nrf_clock_control_get_onoff
 .text.z_nrf_clock_control_lf_on
                0x00007ce4       0x94 zephyr/drivers/clock_control/libdrivers__clock_control.a(clock_control_nrf.c.obj)
                0x00007ce4                z_nrf_clock_control_lf_on
 .text.rtt_console_init
                0x00007d78       0x18 zephyr/drivers/console/libdrivers__console.a(rtt_console.c.obj)
 .text.rtt_console_out
                0x00007d90       0x64 zephyr/drivers/console/libdrivers__console.a(rtt_console.c.obj)
 .text.get_drive
                0x00007df4       0x8c zephyr/drivers/gpio/libdrivers__gpio.a(gpio_nrfx.c.obj)
 .text.get_dev  0x00007e80       0x10 zephyr/drivers/gpio/libdrivers__gpio.a(gpio_nrfx.c.obj)
 .text.gpio_nrfx_manage_callback
                0x00007e90       0xac zephyr/drivers/gpio/libdrivers__gpio.a(gpio_nrfx.c.obj)
 .text.nrfx_gpio_handler
                0x00007f3c       0x78 zephyr/drivers/gpio/libdrivers__gpio.a(gpio_nrfx.c.obj)
 .text.gpio_nrfx_pin_interrupt_configure
                0x00007fb4      0x110 zephyr/drivers/gpio/libdrivers__gpio.a(gpio_nrfx.c.obj)
 .text.pin_uninit
                0x000080c4       0x48 zephyr/drivers/gpio/libdrivers__gpio.a(gpio_nrfx.c.obj)
 .text.gpio_nrfx_pin_configure
                0x0000810c      0x104 zephyr/drivers/gpio/libdrivers__gpio.a(gpio_nrfx.c.obj)
 .text.gpio_nrfx_init
                0x00008210       0x3c zephyr/drivers/gpio/libdrivers__gpio.a(gpio_nrfx.c.obj)
 .text.configure
                0x0000824c      0x25c zephyr/drivers/spi/libdrivers__spi.a(spi_nrfx_spi.c.obj)
 .text.spi_nrfx_release
                0x000084a8       0xd8 zephyr/drivers/spi/libdrivers__spi.a(spi_nrfx_spi.c.obj)
 .text.spi_0_init
                0x00008580      0x268 zephyr/drivers/spi/libdrivers__spi.a(spi_nrfx_spi.c.obj)
 .text.transfer_next_chunk
                0x000087e8      0x14c zephyr/drivers/spi/libdrivers__spi.a(spi_nrfx_spi.c.obj)
 .text.transceive
                0x00008934      0x20c zephyr/drivers/spi/libdrivers__spi.a(spi_nrfx_spi.c.obj)
 .text.event_handler
                0x00008b40       0xf0 zephyr/drivers/spi/libdrivers__spi.a(spi_nrfx_spi.c.obj)
 .text.spi_1_init
                0x00008c30      0x268 zephyr/drivers/spi/libdrivers__spi.a(spi_nrfx_spi.c.obj)
 .text.set_comparator
                0x00008e98       0x14 zephyr/drivers/timer/libdrivers__timer.a(nrf_rtc_timer.c.obj)
 .text.get_comparator
                0x00008eac       0x10 zephyr/drivers/timer/libdrivers__timer.a(nrf_rtc_timer.c.obj)
 .text.event_enable
                0x00008ebc       0x14 zephyr/drivers/timer/libdrivers__timer.a(nrf_rtc_timer.c.obj)
 .text.event_disable
                0x00008ed0       0x14 zephyr/drivers/timer/libdrivers__timer.a(nrf_rtc_timer.c.obj)
 .text.counter  0x00008ee4        0xc zephyr/drivers/timer/libdrivers__timer.a(nrf_rtc_timer.c.obj)
 .text.compare_int_lock
                0x00008ef0       0x50 zephyr/drivers/timer/libdrivers__timer.a(nrf_rtc_timer.c.obj)
 .text.channel_processing_check_and_clear
                0x00008f40       0x78 zephyr/drivers/timer/libdrivers__timer.a(nrf_rtc_timer.c.obj)
 .text.compare_int_unlock
                0x00008fb8       0x60 zephyr/drivers/timer/libdrivers__timer.a(nrf_rtc_timer.c.obj)
 .text.sys_clock_timeout_handler
                0x00009018       0x74 zephyr/drivers/timer/libdrivers__timer.a(nrf_rtc_timer.c.obj)
 .text.z_nrf_rtc_timer_read
                0x0000908c       0x40 zephyr/drivers/timer/libdrivers__timer.a(nrf_rtc_timer.c.obj)
                0x0000908c                z_nrf_rtc_timer_read
 .text.compare_set_nolocks
                0x000090cc       0xa4 zephyr/drivers/timer/libdrivers__timer.a(nrf_rtc_timer.c.obj)
 .text.sys_clock_driver_init
                0x00009170       0x9c zephyr/drivers/timer/libdrivers__timer.a(nrf_rtc_timer.c.obj)
 .text.process_channel
                0x0000920c       0x74 zephyr/drivers/timer/libdrivers__timer.a(nrf_rtc_timer.c.obj)
 .text.rtc_nrf_isr
                0x00009280       0x44 zephyr/drivers/timer/libdrivers__timer.a(nrf_rtc_timer.c.obj)
                0x00009280                rtc_nrf_isr
 .text.sys_clock_set_timeout
                0x000092c4       0x68 zephyr/drivers/timer/libdrivers__timer.a(nrf_rtc_timer.c.obj)
                0x000092c4                sys_clock_set_timeout
 .text.sys_clock_elapsed
                0x0000932c       0x14 zephyr/drivers/timer/libdrivers__timer.a(nrf_rtc_timer.c.obj)
                0x0000932c                sys_clock_elapsed
 .text.k_sys_fatal_error_handler
                0x00009340       0x38 modules/nrf/lib/fatal_error/lib..__nrf__lib__fatal_error.a(fatal_error.c.obj)
                0x00009340                k_sys_fatal_error_handler
 .text.radio_irq_handler
                0x00009378       0x70 modules/nrf/subsys/esb/lib..__nrf__subsys__esb.a(esb.c.obj)
 .text.get_and_clear_irqs
                0x000093e8       0x50 modules/nrf/subsys/esb/lib..__nrf__subsys__esb.a(esb.c.obj)
 .text.esb_evt_irq_handler
                0x00009438       0x64 modules/nrf/subsys/esb/lib..__nrf__subsys__esb.a(esb.c.obj)
 .text.pick_lfn
                0x0000949c       0x84 modules/fatfs/lib..__modules__fs__fatfs.a(ff.c.obj)
 .text.put_lfn  0x00009520       0x78 modules/fatfs/lib..__modules__fs__fatfs.a(ff.c.obj)
 .text.get_ldnumber
                0x00009598       0x9c modules/fatfs/lib..__modules__fs__fatfs.a(ff.c.obj)
 .text.check_fs
                0x00009634       0xf4 modules/fatfs/lib..__modules__fs__fatfs.a(ff.c.obj)
 .text.mount_volume
                0x00009728      0x484 modules/fatfs/lib..__modules__fs__fatfs.a(ff.c.obj)
 .text.create_name
                0x00009bac      0x250 modules/fatfs/lib..__modules__fs__fatfs.a(ff.c.obj)
 .text.cmp_lfn  0x00009dfc       0xa0 modules/fatfs/lib..__modules__fs__fatfs.a(ff.c.obj)
 .text.load_xdir
                0x00009e9c      0x15c modules/fatfs/lib..__modules__fs__fatfs.a(ff.c.obj)
 .text.dir_register
                0x00009ff8      0x208 modules/fatfs/lib..__modules__fs__fatfs.a(ff.c.obj)
 .text.sync_fs  0x0000a200       0x8c modules/fatfs/lib..__modules__fs__fatfs.a(ff.c.obj)
 .text.create_partition
                0x0000a28c      0x13c modules/fatfs/lib..__modules__fs__fatfs.a(ff.c.obj)
 .text.f_mount  0x0000a3c8       0x50 modules/fatfs/lib..__modules__fs__fatfs.a(ff.c.obj)
                0x0000a3c8                f_mount
 .text.f_open   0x0000a418      0x2bc modules/fatfs/lib..__modules__fs__fatfs.a(ff.c.obj)
                0x0000a418                f_open
 .text.f_sync   0x0000a6d4      0x120 modules/fatfs/lib..__modules__fs__fatfs.a(ff.c.obj)
                0x0000a6d4                f_sync
 .text.f_mkdir  0x0000a7f4      0x17c modules/fatfs/lib..__modules__fs__fatfs.a(ff.c.obj)
                0x0000a7f4                f_mkdir
 .text.f_mkfs   0x0000a970      0xc38 modules/fatfs/lib..__modules__fs__fatfs.a(ff.c.obj)
                0x0000a970                f_mkfs
 .text.disk_status
                0x0000b5a8       0x40 modules/fatfs/lib..__modules__fs__fatfs.a(zfs_diskio.c.obj)
                0x0000b5a8                disk_status
 .text.disk_initialize
                0x0000b5e8       0x40 modules/fatfs/lib..__modules__fs__fatfs.a(zfs_diskio.c.obj)
                0x0000b5e8                disk_initialize
 .text.disk_read
                0x0000b628       0x50 modules/fatfs/lib..__modules__fs__fatfs.a(zfs_diskio.c.obj)
                0x0000b628                disk_read
 .text.disk_write
                0x0000b678       0x50 modules/fatfs/lib..__modules__fs__fatfs.a(zfs_diskio.c.obj)
                0x0000b678                disk_write
 .text.disk_ioctl
                0x0000b6c8       0xb8 modules/fatfs/lib..__modules__fs__fatfs.a(zfs_diskio.c.obj)
                0x0000b6c8                disk_ioctl
 .text.ff_uni2oem
                0x0000b780       0x40 modules/fatfs/lib..__modules__fs__fatfs.a(ffunicode.c.obj)
                0x0000b780                ff_uni2oem
 .text.ff_oem2uni
                0x0000b7c0       0x2c modules/fatfs/lib..__modules__fs__fatfs.a(ffunicode.c.obj)
                0x0000b7c0                ff_oem2uni
 .text.ff_wtoupper
                0x0000b7ec       0x9c modules/fatfs/lib..__modules__fs__fatfs.a(ffunicode.c.obj)
                0x0000b7ec                ff_wtoupper
 .text.nrf52_errata_12
                0x0000b888       0x24 modules/hal_nordic/nrfx/libmodules__hal_nordic__nrfx.a(system_nrf52.c.obj)
 .text.nrf52_errata_16
                0x0000b8ac       0x2c modules/hal_nordic/nrfx/libmodules__hal_nordic__nrfx.a(system_nrf52.c.obj)
 .text.nrf52_errata_31
                0x0000b8d8       0x24 modules/hal_nordic/nrfx/libmodules__hal_nordic__nrfx.a(system_nrf52.c.obj)
 .text.nrf52_errata_32
                0x0000b8fc       0x2c modules/hal_nordic/nrfx/libmodules__hal_nordic__nrfx.a(system_nrf52.c.obj)
 .text.nrf52_errata_36
                0x0000b928       0x24 modules/hal_nordic/nrfx/libmodules__hal_nordic__nrfx.a(system_nrf52.c.obj)
 .text.nrf52_errata_37
                0x0000b94c       0x2c modules/hal_nordic/nrfx/libmodules__hal_nordic__nrfx.a(system_nrf52.c.obj)
 .text.nrf52_errata_57
                0x0000b978       0x2c modules/hal_nordic/nrfx/libmodules__hal_nordic__nrfx.a(system_nrf52.c.obj)
 .text.nrf52_errata_66
                0x0000b9a4       0x44 modules/hal_nordic/nrfx/libmodules__hal_nordic__nrfx.a(system_nrf52.c.obj)
 .text.nrf52_errata_108
                0x0000b9e8       0x24 modules/hal_nordic/nrfx/libmodules__hal_nordic__nrfx.a(system_nrf52.c.obj)
 .text.nrf52_errata_136
                0x0000ba0c       0x24 modules/hal_nordic/nrfx/libmodules__hal_nordic__nrfx.a(system_nrf52.c.obj)
 .text.nrf52_errata_182
                0x0000ba30       0x2c modules/hal_nordic/nrfx/libmodules__hal_nordic__nrfx.a(system_nrf52.c.obj)
 .text.nrf52_configuration_249
                0x0000ba5c       0x2c modules/hal_nordic/nrfx/libmodules__hal_nordic__nrfx.a(system_nrf52.c.obj)
 .text.SystemCoreClockUpdate
                0x0000ba88       0x10 modules/hal_nordic/nrfx/libmodules__hal_nordic__nrfx.a(system_nrf52.c.obj)
                0x0000ba88                SystemCoreClockUpdate
 .text.SystemInit
                0x0000ba98      0x1ac modules/hal_nordic/nrfx/libmodules__hal_nordic__nrfx.a(system_nrf52.c.obj)
                0x0000ba98                SystemInit
 .text.nrfx_flag32_alloc
                0x0000bc44       0x48 modules/hal_nordic/nrfx/libmodules__hal_nordic__nrfx.a(nrfx_flag32_allocator.c.obj)
                0x0000bc44                nrfx_flag32_alloc
 .text.nrfx_flag32_free
                0x0000bc8c       0x48 modules/hal_nordic/nrfx/libmodules__hal_nordic__nrfx.a(nrfx_flag32_allocator.c.obj)
                0x0000bc8c                nrfx_flag32_free
 .text.nrfx_clock_anomaly_132
                0x0000bcd4       0x38 modules/hal_nordic/nrfx/libmodules__hal_nordic__nrfx.a(nrfx_clock.c.obj)
 .text.nrfx_clock_init
                0x0000bd0c       0x4c modules/hal_nordic/nrfx/libmodules__hal_nordic__nrfx.a(nrfx_clock.c.obj)
                0x0000bd0c                nrfx_clock_init
 .text.nrfx_clock_enable
                0x0000bd58       0x3c modules/hal_nordic/nrfx/libmodules__hal_nordic__nrfx.a(nrfx_clock.c.obj)
                0x0000bd58                nrfx_clock_enable
 .text.nrfx_clock_start
                0x0000bd94       0xc8 modules/hal_nordic/nrfx/libmodules__hal_nordic__nrfx.a(nrfx_clock.c.obj)
                0x0000bd94                nrfx_clock_start
 .text.nrfx_clock_stop
                0x0000be5c      0x190 modules/hal_nordic/nrfx/libmodules__hal_nordic__nrfx.a(nrfx_clock.c.obj)
                0x0000be5c                nrfx_clock_stop
 .text.nrfx_power_clock_irq_handler
                0x0000bfec       0x7c modules/hal_nordic/nrfx/libmodules__hal_nordic__nrfx.a(nrfx_clock.c.obj)
                0x0000bfec                nrfx_power_clock_irq_handler
 .text.pin_in_use
                0x0000c068       0x14 modules/hal_nordic/nrfx/libmodules__hal_nordic__nrfx.a(nrfx_gpiote.c.obj)
 .text.pin_in_use_by_te
                0x0000c07c       0x14 modules/hal_nordic/nrfx/libmodules__hal_nordic__nrfx.a(nrfx_gpiote.c.obj)
 .text.pin_has_trigger
                0x0000c090       0x18 modules/hal_nordic/nrfx/libmodules__hal_nordic__nrfx.a(nrfx_gpiote.c.obj)
 .text.pin_is_output
                0x0000c0a8       0x14 modules/hal_nordic/nrfx/libmodules__hal_nordic__nrfx.a(nrfx_gpiote.c.obj)
 .text.pin_te_get
                0x0000c0bc       0x10 modules/hal_nordic/nrfx/libmodules__hal_nordic__nrfx.a(nrfx_gpiote.c.obj)
 .text.handler_in_use
                0x0000c0cc       0x34 modules/hal_nordic/nrfx/libmodules__hal_nordic__nrfx.a(nrfx_gpiote.c.obj)
 .text.find_handler
                0x0000c100       0x2c modules/hal_nordic/nrfx/libmodules__hal_nordic__nrfx.a(nrfx_gpiote.c.obj)
 .text.channel_handler_get
                0x0000c12c       0x20 modules/hal_nordic/nrfx/libmodules__hal_nordic__nrfx.a(nrfx_gpiote.c.obj)
 .text.call_handler
                0x0000c14c       0x2c modules/hal_nordic/nrfx/libmodules__hal_nordic__nrfx.a(nrfx_gpiote.c.obj)
 .text.release_handler
                0x0000c178       0x70 modules/hal_nordic/nrfx/libmodules__hal_nordic__nrfx.a(nrfx_gpiote.c.obj)
 .text.pin_handler_trigger_uninit
                0x0000c1e8       0x38 modules/hal_nordic/nrfx/libmodules__hal_nordic__nrfx.a(nrfx_gpiote.c.obj)
 .text.pin_handler_set
                0x0000c220       0x6c modules/hal_nordic/nrfx/libmodules__hal_nordic__nrfx.a(nrfx_gpiote.c.obj)
 .text.gpiote_evt_handle
                0x0000c28c       0x40 modules/hal_nordic/nrfx/libmodules__hal_nordic__nrfx.a(nrfx_gpiote.c.obj)
 .text.next_sense_cond_call_handler
                0x0000c2cc      0x214 modules/hal_nordic/nrfx/libmodules__hal_nordic__nrfx.a(nrfx_gpiote.c.obj)
 .text.port_event_handle
                0x0000c4e0      0x160 modules/hal_nordic/nrfx/libmodules__hal_nordic__nrfx.a(nrfx_gpiote.c.obj)
 .text.nrfx_gpiote_input_configure
                0x0000c640      0x1c8 modules/hal_nordic/nrfx/libmodules__hal_nordic__nrfx.a(nrfx_gpiote.c.obj)
                0x0000c640                nrfx_gpiote_input_configure
 .text.nrfx_gpiote_output_configure
                0x0000c808      0x1e0 modules/hal_nordic/nrfx/libmodules__hal_nordic__nrfx.a(nrfx_gpiote.c.obj)
                0x0000c808                nrfx_gpiote_output_configure
 .text.nrfx_gpiote_global_callback_set
                0x0000c9e8        0xc modules/hal_nordic/nrfx/libmodules__hal_nordic__nrfx.a(nrfx_gpiote.c.obj)
                0x0000c9e8                nrfx_gpiote_global_callback_set
 .text.nrfx_gpiote_channel_get
                0x0000c9f4       0x54 modules/hal_nordic/nrfx/libmodules__hal_nordic__nrfx.a(nrfx_gpiote.c.obj)
                0x0000c9f4                nrfx_gpiote_channel_get
 .text.nrfx_gpiote_init
                0x0000ca48       0x54 modules/hal_nordic/nrfx/libmodules__hal_nordic__nrfx.a(nrfx_gpiote.c.obj)
                0x0000ca48                nrfx_gpiote_init
 .text.nrfx_gpiote_is_init
                0x0000ca9c       0x14 modules/hal_nordic/nrfx/libmodules__hal_nordic__nrfx.a(nrfx_gpiote.c.obj)
                0x0000ca9c                nrfx_gpiote_is_init
 .text.nrfx_gpiote_channel_free
                0x0000cab0       0x10 modules/hal_nordic/nrfx/libmodules__hal_nordic__nrfx.a(nrfx_gpiote.c.obj)
                0x0000cab0                nrfx_gpiote_channel_free
 .text.nrfx_gpiote_channel_alloc
                0x0000cac0       0x10 modules/hal_nordic/nrfx/libmodules__hal_nordic__nrfx.a(nrfx_gpiote.c.obj)
                0x0000cac0                nrfx_gpiote_channel_alloc
 .text.nrfx_gpiote_trigger_enable
                0x0000cad0      0x1c4 modules/hal_nordic/nrfx/libmodules__hal_nordic__nrfx.a(nrfx_gpiote.c.obj)
                0x0000cad0                nrfx_gpiote_trigger_enable
 .text.nrfx_gpiote_trigger_disable
                0x0000cc94       0xac modules/hal_nordic/nrfx/libmodules__hal_nordic__nrfx.a(nrfx_gpiote.c.obj)
                0x0000cc94                nrfx_gpiote_trigger_disable
 .text.nrfx_gpiote_pin_uninit
                0x0000cd40       0x90 modules/hal_nordic/nrfx/libmodules__hal_nordic__nrfx.a(nrfx_gpiote.c.obj)
                0x0000cd40                nrfx_gpiote_pin_uninit
 .text.nrfx_gpiote_irq_handler
                0x0000cdd0       0x60 modules/hal_nordic/nrfx/libmodules__hal_nordic__nrfx.a(nrfx_gpiote.c.obj)
                0x0000cdd0                nrfx_gpiote_irq_handler
 .text.finish_transfer
                0x0000ce30       0x88 modules/hal_nordic/nrfx/libmodules__hal_nordic__nrfx.a(nrfx_spi.c.obj)
 .text.irq_handler
                0x0000ceb8       0x4c modules/hal_nordic/nrfx/libmodules__hal_nordic__nrfx.a(nrfx_spi.c.obj)
 .text.spi_xfer
                0x0000cf04       0xe0 modules/hal_nordic/nrfx/libmodules__hal_nordic__nrfx.a(nrfx_spi.c.obj)
 .text.configure_pins
                0x0000cfe4      0x398 modules/hal_nordic/nrfx/libmodules__hal_nordic__nrfx.a(nrfx_spi.c.obj)
 .text.nrfx_spi_init
                0x0000d37c       0xdc modules/hal_nordic/nrfx/libmodules__hal_nordic__nrfx.a(nrfx_spi.c.obj)
                0x0000d37c                nrfx_spi_init
 .text.nrfx_spi_uninit
                0x0000d458      0x238 modules/hal_nordic/nrfx/libmodules__hal_nordic__nrfx.a(nrfx_spi.c.obj)
                0x0000d458                nrfx_spi_uninit
 .text.nrfx_spi_xfer
                0x0000d690      0x18c modules/hal_nordic/nrfx/libmodules__hal_nordic__nrfx.a(nrfx_spi.c.obj)
                0x0000d690                nrfx_spi_xfer
 .text.nrfx_spi_0_irq_handler
                0x0000d81c       0x14 modules/hal_nordic/nrfx/libmodules__hal_nordic__nrfx.a(nrfx_spi.c.obj)
                0x0000d81c                nrfx_spi_0_irq_handler
 .text.nrfx_spi_1_irq_handler
                0x0000d830       0x14 modules/hal_nordic/nrfx/libmodules__hal_nordic__nrfx.a(nrfx_spi.c.obj)
                0x0000d830                nrfx_spi_1_irq_handler
 .text._DoInit  0x0000d844       0x60 modules/segger/libmodules__segger.a(SEGGER_RTT.c.obj)
 .text.SEGGER_RTT_WriteSkipNoLock
                0x0000d8a4       0xc8 modules/segger/libmodules__segger.a(SEGGER_RTT.c.obj)
                0x0000d8a4                SEGGER_RTT_WriteSkipNoLock
 .text.SEGGER_RTT_WriteNoLock
                0x0000d96c       0x6c modules/segger/libmodules__segger.a(SEGGER_RTT.c.obj)
                0x0000d96c                SEGGER_RTT_WriteNoLock
 .text.SEGGER_RTT_HasDataUp
                0x0000d9d8       0x20 modules/segger/libmodules__segger.a(SEGGER_RTT.c.obj)
                0x0000d9d8                SEGGER_RTT_HasDataUp
 .text.z_device_state_init
                0x0000d9f8       0x18 zephyr/kernel/libkernel.a(device.c.obj)
                0x0000d9f8                z_device_state_init
 .text.z_sys_init_run_level
                0x0000da10       0x50 zephyr/kernel/libkernel.a(device.c.obj)
                0x0000da10                z_sys_init_run_level
 .text.z_impl_device_get_binding
                0x0000da60       0x64 zephyr/kernel/libkernel.a(device.c.obj)
                0x0000da60                z_impl_device_get_binding
 .text.reason_to_str
                0x0000dac4       0x40 zephyr/kernel/libkernel.a(fatal.c.obj)
 .text.thread_name_get
                0x0000db04       0x20 zephyr/kernel/libkernel.a(fatal.c.obj)
 .text.z_fatal_error
                0x0000db24      0x100 zephyr/kernel/libkernel.a(fatal.c.obj)
                0x0000db24                z_fatal_error
 .text.init_idle_thread
                0x0000dc24       0x70 zephyr/kernel/libkernel.a(init.c.obj)
 .text.prepare_multithreading
                0x0000dc94       0x94 zephyr/kernel/libkernel.a(init.c.obj)
 .text.bg_thread_main
                0x0000dd28       0x34 zephyr/kernel/libkernel.a(init.c.obj)
 .text.switch_to_main_thread
                0x0000dd5c       0x14 zephyr/kernel/libkernel.a(init.c.obj)
 .text.z_bss_zero
                0x0000dd70       0x18 zephyr/kernel/libkernel.a(init.c.obj)
                0x0000dd70                z_bss_zero
 .text.z_cstart
                0x0000dd88       0x88 zephyr/kernel/libkernel.a(init.c.obj)
                0x0000dd88                z_cstart
 .text.init_mem_slab_module
                0x0000de10       0x4c zephyr/kernel/libkernel.a(mem_slab.c.obj)
 .text.k_mem_slab_alloc
                0x0000de5c       0xc4 zephyr/kernel/libkernel.a(mem_slab.c.obj)
                0x0000de5c                k_mem_slab_alloc
 .text.k_mem_slab_free
                0x0000df20       0xac zephyr/kernel/libkernel.a(mem_slab.c.obj)
                0x0000df20                k_mem_slab_free
 .text.z_impl_k_thread_name_set
                0x0000dfcc       0x24 zephyr/kernel/libkernel.a(thread.c.obj)
                0x0000dfcc                z_impl_k_thread_name_set
 .text.schedule_new_thread
                0x0000dff0       0x24 zephyr/kernel/libkernel.a(thread.c.obj)
 .text.z_spin_lock_valid
                0x0000e014       0x20 zephyr/kernel/libkernel.a(thread.c.obj)
                0x0000e014                z_spin_lock_valid
 .text.z_spin_unlock_valid
                0x0000e034       0x20 zephyr/kernel/libkernel.a(thread.c.obj)
                0x0000e034                z_spin_unlock_valid
 .text.z_spin_lock_set_owner
                0x0000e054       0x10 zephyr/kernel/libkernel.a(thread.c.obj)
                0x0000e054                z_spin_lock_set_owner
 .text.z_thread_monitor_exit
                0x0000e064       0x90 zephyr/kernel/libkernel.a(thread.c.obj)
                0x0000e064                z_thread_monitor_exit
 .text.z_setup_new_thread
                0x0000e0f4      0x154 zephyr/kernel/libkernel.a(thread.c.obj)
                0x0000e0f4                z_setup_new_thread
 .text.z_impl_k_thread_create
                0x0000e248       0x80 zephyr/kernel/libkernel.a(thread.c.obj)
                0x0000e248                z_impl_k_thread_create
 .text.z_init_static_threads
                0x0000e2c8       0xe4 zephyr/kernel/libkernel.a(thread.c.obj)
                0x0000e2c8                z_init_static_threads
 .text.idle     0x0000e3ac       0x58 zephyr/kernel/libkernel.a(idle.c.obj)
                0x0000e3ac                idle
 .text.z_impl_k_mutex_lock
                0x0000e404      0x1ec zephyr/kernel/libkernel.a(mutex.c.obj)
                0x0000e404                z_impl_k_mutex_lock
 .text.z_impl_k_mutex_unlock
                0x0000e5f0      0x154 zephyr/kernel/libkernel.a(mutex.c.obj)
                0x0000e5f0                z_impl_k_mutex_unlock
 .text.z_impl_k_sem_give
                0x0000e744       0x74 zephyr/kernel/libkernel.a(sem.c.obj)
                0x0000e744                z_impl_k_sem_give
 .text.z_impl_k_sem_take
                0x0000e7b8       0xec zephyr/kernel/libkernel.a(sem.c.obj)
                0x0000e7b8                z_impl_k_sem_take
 .text.pended_on_thread
                0x0000e8a4       0x30 zephyr/kernel/libkernel.a(sched.c.obj)
 .text.add_thread_timeout
                0x0000e8d4       0x20 zephyr/kernel/libkernel.a(sched.c.obj)
 .text.z_reset_time_slice
                0x0000e8f4       0x2c zephyr/kernel/libkernel.a(sched.c.obj)
                0x0000e8f4                z_reset_time_slice
 .text.k_sched_time_slice_set
                0x0000e920       0xc4 zephyr/kernel/libkernel.a(sched.c.obj)
                0x0000e920                k_sched_time_slice_set
 .text.z_unpend_thread_no_timeout
                0x0000e9e4       0x90 zephyr/kernel/libkernel.a(sched.c.obj)
                0x0000e9e4                z_unpend_thread_no_timeout
 .text.z_reschedule
                0x0000ea74       0x78 zephyr/kernel/libkernel.a(sched.c.obj)
                0x0000ea74                z_reschedule
 .text.k_sched_lock
                0x0000eaec       0xc4 zephyr/kernel/libkernel.a(sched.c.obj)
                0x0000eaec                k_sched_lock
 .text.z_priq_dumb_remove
                0x0000ebb0       0x40 zephyr/kernel/libkernel.a(sched.c.obj)
                0x0000ebb0                z_priq_dumb_remove
 .text.update_cache
                0x0000ebf0       0x70 zephyr/kernel/libkernel.a(sched.c.obj)
 .text.move_thread_to_end_of_prio_q
                0x0000ec60       0xb0 zephyr/kernel/libkernel.a(sched.c.obj)
 .text.z_time_slice
                0x0000ed10      0x108 zephyr/kernel/libkernel.a(sched.c.obj)
                0x0000ed10                z_time_slice
 .text.ready_thread
                0x0000ee18       0xa8 zephyr/kernel/libkernel.a(sched.c.obj)
 .text.z_ready_thread
                0x0000eec0       0x88 zephyr/kernel/libkernel.a(sched.c.obj)
                0x0000eec0                z_ready_thread
 .text.z_sched_start
                0x0000ef48       0x8c zephyr/kernel/libkernel.a(sched.c.obj)
                0x0000ef48                z_sched_start
 .text.z_thread_timeout
                0x0000efd4       0xbc zephyr/kernel/libkernel.a(sched.c.obj)
                0x0000efd4                z_thread_timeout
 .text.unready_thread
                0x0000f090       0x38 zephyr/kernel/libkernel.a(sched.c.obj)
 .text.add_to_waitq_locked
                0x0000f0c8       0x7c zephyr/kernel/libkernel.a(sched.c.obj)
 .text.pend     0x0000f144       0x94 zephyr/kernel/libkernel.a(sched.c.obj)
 .text.z_pend_curr
                0x0000f1d8       0x50 zephyr/kernel/libkernel.a(sched.c.obj)
                0x0000f1d8                z_pend_curr
 .text.z_set_prio
                0x0000f228      0x138 zephyr/kernel/libkernel.a(sched.c.obj)
                0x0000f228                z_set_prio
 .text.z_impl_k_thread_suspend
                0x0000f360       0xd4 zephyr/kernel/libkernel.a(sched.c.obj)
                0x0000f360                z_impl_k_thread_suspend
 .text.k_sched_unlock
                0x0000f434       0xe8 zephyr/kernel/libkernel.a(sched.c.obj)
                0x0000f434                k_sched_unlock
 .text.end_thread
                0x0000f51c       0x9c zephyr/kernel/libkernel.a(sched.c.obj)
 .text.z_unpend1_no_timeout
                0x0000f5b8       0x9c zephyr/kernel/libkernel.a(sched.c.obj)
                0x0000f5b8                z_unpend1_no_timeout
 .text.z_unpend_first_thread
                0x0000f654       0xa4 zephyr/kernel/libkernel.a(sched.c.obj)
                0x0000f654                z_unpend_first_thread
 .text.z_sched_init
                0x0000f6f8       0x18 zephyr/kernel/libkernel.a(sched.c.obj)
                0x0000f6f8                z_sched_init
 .text.z_impl_k_yield
                0x0000f710      0x120 zephyr/kernel/libkernel.a(sched.c.obj)
                0x0000f710                z_impl_k_yield
 .text.z_tick_sleep
                0x0000f830      0x140 zephyr/kernel/libkernel.a(sched.c.obj)
 .text.z_impl_k_sleep
                0x0000f970       0x88 zephyr/kernel/libkernel.a(sched.c.obj)
                0x0000f970                z_impl_k_sleep
 .text.z_impl_z_current_get
                0x0000f9f8        0xc zephyr/kernel/libkernel.a(sched.c.obj)
                0x0000f9f8                z_impl_z_current_get
 .text.z_thread_abort
                0x0000fa04       0xfc zephyr/kernel/libkernel.a(sched.c.obj)
                0x0000fa04                z_thread_abort
 .text.z_data_copy
                0x0000fb00       0x34 zephyr/kernel/libkernel.a(xip.c.obj)
                0x0000fb00                z_data_copy
 .text.first    0x0000fb34       0x14 zephyr/kernel/libkernel.a(timeout.c.obj)
 .text.next     0x0000fb48       0x18 zephyr/kernel/libkernel.a(timeout.c.obj)
 .text.elapsed  0x0000fb60       0x18 zephyr/kernel/libkernel.a(timeout.c.obj)
 .text.next_timeout
                0x0000fb78       0x4c zephyr/kernel/libkernel.a(timeout.c.obj)
 .text.z_add_timeout
                0x0000fbc4      0x1c8 zephyr/kernel/libkernel.a(timeout.c.obj)
                0x0000fbc4                z_add_timeout
 .text.z_abort_timeout
                0x0000fd8c       0x90 zephyr/kernel/libkernel.a(timeout.c.obj)
                0x0000fd8c                z_abort_timeout
 .text.z_get_next_timeout_expiry
                0x0000fe1c       0x80 zephyr/kernel/libkernel.a(timeout.c.obj)
                0x0000fe1c                z_get_next_timeout_expiry
 .text.z_set_timeout_expiry
                0x0000fe9c       0xa8 zephyr/kernel/libkernel.a(timeout.c.obj)
                0x0000fe9c                z_set_timeout_expiry
 .text.sys_clock_announce
                0x0000ff44      0x158 zephyr/kernel/libkernel.a(timeout.c.obj)
                0x0000ff44                sys_clock_announce
 .text.sys_clock_tick_get
                0x0001009c       0x90 zephyr/kernel/libkernel.a(timeout.c.obj)
                0x0001009c                sys_clock_tick_get
 .text.z_timer_expiration_handler
                0x0001012c      0x14c zephyr/kernel/libkernel.a(timer.c.obj)
                0x0001012c                z_timer_expiration_handler
 .text.z_impl_k_timer_start
                0x00010278       0xe0 zephyr/kernel/libkernel.a(timer.c.obj)
                0x00010278                z_impl_k_timer_start
 .text.boot_banner
                0x00010358       0x1c zephyr/kernel/libkernel.a(banner.c.obj)
                0x00010358                boot_banner
 .text.malloc   0x00010374       0x10 c:/ncs/v1.9.1/toolchain/opt/arm-none-eabi/lib/thumb/v7e-m/nofp\libc_nano.a(lib_a-malloc.o)
                0x00010374                malloc
 .text._free_r  0x00010384       0x9c c:/ncs/v1.9.1/toolchain/opt/arm-none-eabi/lib/thumb/v7e-m/nofp\libc_nano.a(lib_a-nano-freer.o)
                0x00010384                _free_r
 .text._malloc_r
                0x00010420       0xb4 c:/ncs/v1.9.1/toolchain/opt/arm-none-eabi/lib/thumb/v7e-m/nofp\libc_nano.a(lib_a-nano-mallocr.o)
                0x00010420                _malloc_r
 .text._printf_float
                0x000104d4      0x454 c:/ncs/v1.9.1/toolchain/opt/arm-none-eabi/lib/thumb/v7e-m/nofp\libc_nano.a(lib_a-nano-vfprintf_float.o)
                0x000104d4                _printf_float
 .text._printf_i
                0x00010928      0x24c c:/ncs/v1.9.1/toolchain/opt/arm-none-eabi/lib/thumb/v7e-m/nofp\libc_nano.a(lib_a-nano-vfprintf_i.o)
                0x00010928                _printf_i
 .text._sbrk_r  0x00010b74       0x20 c:/ncs/v1.9.1/toolchain/opt/arm-none-eabi/lib/thumb/v7e-m/nofp\libc_nano.a(lib_a-sbrkr.o)
                0x00010b74                _sbrk_r
 .text.snprintf
                0x00010b94       0x68 c:/ncs/v1.9.1/toolchain/opt/arm-none-eabi/lib/thumb/v7e-m/nofp\libc_nano.a(lib_a-snprintf.o)
                0x00010b94                sniprintf
                0x00010b94                snprintf
 .text._localeconv_r
                0x00010bfc        0x8 c:/ncs/v1.9.1/toolchain/opt/arm-none-eabi/lib/thumb/v7e-m/nofp\libc_nano.a(lib_a-localeconv.o)
                0x00010bfc                _localeconv_r
 .text.__malloc_lock
                0x00010c04        0xc c:/ncs/v1.9.1/toolchain/opt/arm-none-eabi/lib/thumb/v7e-m/nofp\libc_nano.a(lib_a-mlock.o)
                0x00010c04                __malloc_lock
 .text.__malloc_unlock
                0x00010c10        0xc c:/ncs/v1.9.1/toolchain/opt/arm-none-eabi/lib/thumb/v7e-m/nofp\libc_nano.a(lib_a-mlock.o)
                0x00010c10                __malloc_unlock
 .text.__pow5mult
                0x00010c1c       0x9c c:/ncs/v1.9.1/toolchain/opt/arm-none-eabi/lib/thumb/v7e-m/nofp\libc_nano.a(lib_a-mprec.o)
                0x00010c1c                __pow5mult
 .text._svfprintf_r
                0x00010cb8      0x200 c:/ncs/v1.9.1/toolchain/opt/arm-none-eabi/lib/thumb/v7e-m/nofp\libc_nano.a(lib_a-nano-svfprintf.o)
                0x00010cb8                _svfiprintf_r
                0x00010cb8                _svfprintf_r
 .text.setAccel_ODR_BWP_bmx160
                0x00010eb8        0xc app/libapp.a(bmx160.c.obj)
                0x00010eb8                setAccel_ODR_BWP_bmx160
 .text.setGyro_ODR_BWP_bmx160
                0x00010ec4        0xc app/libapp.a(bmx160.c.obj)
                0x00010ec4                setGyro_ODR_BWP_bmx160
 .text.setSensorMode_bmx160
                0x00010ed0       0x2e app/libapp.a(bmx160.c.obj)
                0x00010ed0                setSensorMode_bmx160
 .text.getChipID_bmx160
                0x00010efe        0xe app/libapp.a(bmx160.c.obj)
                0x00010efe                getChipID_bmx160
 .text.begin_bmx160
                0x00010f0c       0x6a app/libapp.a(bmx160.c.obj)
                0x00010f0c                begin_bmx160
 .text.crc16_itu_t
                0x00010f76       0x2a zephyr/libzephyr.a(crc16_sw.c.obj)
                0x00010f76                crc16_itu_t
 .text.crc7_be  0x00010fa0       0x26 zephyr/libzephyr.a(crc7_sw.c.obj)
                0x00010fa0                crc7_be
 .text.sys_notify_validate
                0x00010fc6       0x2e zephyr/libzephyr.a(notify.c.obj)
                0x00010fc6                sys_notify_validate
 .text.arch_printk_char_out
                0x00010ff4        0x4 zephyr/libzephyr.a(printk.c.obj)
                0x00010ff4                arch_printk_char_out
 .text.str_out  0x00010ff8       0x30 zephyr/libzephyr.a(printk.c.obj)
 .text.printk   0x00011028       0x1c zephyr/libzephyr.a(printk.c.obj)
                0x00011028                printk
 .text.snprintk
                0x00011044       0x1c zephyr/libzephyr.a(printk.c.obj)
                0x00011044                snprintk
 .text.set_state
                0x00011060       0x10 zephyr/libzephyr.a(onoff.c.obj)
 .text.notify_monitors
                0x00011070       0x3e zephyr/libzephyr.a(onoff.c.obj)
 .text.process_recheck
                0x000110ae       0x32 zephyr/libzephyr.a(onoff.c.obj)
 .text.validate_args
                0x000110e0       0x2c zephyr/libzephyr.a(onoff.c.obj)
 .text.notify_one
                0x0001110c       0x26 zephyr/libzephyr.a(onoff.c.obj)
 .text.notify_all
                0x00011132       0x2e zephyr/libzephyr.a(onoff.c.obj)
 .text.onoff_manager_init
                0x00011160       0x38 zephyr/libzephyr.a(onoff.c.obj)
                0x00011160                onoff_manager_init
 .text.z_thread_entry
                0x00011198       0x14 zephyr/libzephyr.a(thread_entry.c.obj)
                0x00011198                z_thread_entry
 .text._ldiv5   0x000111ac       0x3c zephyr/libzephyr.a(cbprintf_complete.c.obj)
 .text._ldiv10  0x000111e8       0x18 zephyr/libzephyr.a(cbprintf_complete.c.obj)
 .text._get_digit
                0x00011200       0x38 zephyr/libzephyr.a(cbprintf_complete.c.obj)
 .text.outs     0x00011238       0x34 zephyr/libzephyr.a(cbprintf_complete.c.obj)
 .text.assert_post_action
                0x0001126c        0xe zephyr/libzephyr.a(assert.c.obj)
                0x0001126c                assert_post_action
 .text._ConfigAbsSyms
                0x0001127a        0x2 zephyr/libzephyr.a(configs.c.obj)
                0x0001127a                _ConfigAbsSyms
 .text.log_list_init
                0x0001127c        0x8 zephyr/libzephyr.a(log_list.c.obj)
                0x0001127c                log_list_init
 .text.log_list_add_tail
                0x00011284       0x14 zephyr/libzephyr.a(log_list.c.obj)
                0x00011284                log_list_add_tail
 .text.log_list_head_peek
                0x00011298        0x4 zephyr/libzephyr.a(log_list.c.obj)
                0x00011298                log_list_head_peek
 .text.log_list_head_get
                0x0001129c        0xc zephyr/libzephyr.a(log_list.c.obj)
                0x0001129c                log_list_head_get
 .text.dummy_timestamp
                0x000112a8        0x4 zephyr/libzephyr.a(log_core.c.obj)
 .text.msg_filter_check
                0x000112ac        0x4 zephyr/libzephyr.a(log_core.c.obj)
 .text.default_get_timestamp
                0x000112b0        0x8 zephyr/libzephyr.a(log_core.c.obj)
 .text.z_log_get_tag
                0x000112b8        0x4 zephyr/libzephyr.a(log_core.c.obj)
                0x000112b8                z_log_get_tag
 .text.block_on_alloc
                0x000112bc        0x4 zephyr/libzephyr.a(log_msg.c.obj)
 .text.cont_arg_get
                0x000112c0       0x24 zephyr/libzephyr.a(log_msg.c.obj)
 .text.copy_args_to_msg
                0x000112e4       0x4c zephyr/libzephyr.a(log_msg.c.obj)
 .text.log_msg_hexdump_data_op
                0x00011330       0xbe zephyr/libzephyr.a(log_msg.c.obj)
 .text.log_msg_get
                0x000113ee       0x1a zephyr/libzephyr.a(log_msg.c.obj)
                0x000113ee                log_msg_get
 .text.log_msg_nargs_get
                0x00011408        0x6 zephyr/libzephyr.a(log_msg.c.obj)
                0x00011408                log_msg_nargs_get
 .text.log_msg_arg_get
                0x0001140e       0x24 zephyr/libzephyr.a(log_msg.c.obj)
                0x0001140e                log_msg_arg_get
 .text.log_msg_str_get
                0x00011432        0x4 zephyr/libzephyr.a(log_msg.c.obj)
                0x00011432                log_msg_str_get
 .text.log_msg_put
                0x00011436       0x26 zephyr/libzephyr.a(log_msg.c.obj)
                0x00011436                log_msg_put
 .text.msg_alloc
                0x0001145c       0x62 zephyr/libzephyr.a(log_msg.c.obj)
 .text.log_msg_hexdump_create
                0x000114be       0xa8 zephyr/libzephyr.a(log_msg.c.obj)
                0x000114be                log_msg_hexdump_create
 .text.log_msg_hexdump_data_get
                0x00011566       0x10 zephyr/libzephyr.a(log_msg.c.obj)
                0x00011566                log_msg_hexdump_data_get
 .text.buffer_write
                0x00011576       0x1a zephyr/libzephyr.a(log_output.c.obj)
 .text.color_prefix
                0x00011590        0xc zephyr/libzephyr.a(log_output.c.obj)
 .text.color_postfix
                0x0001159c        0xc zephyr/libzephyr.a(log_output.c.obj)
 .text.postfix_print
                0x000115a8       0x18 zephyr/libzephyr.a(log_output.c.obj)
 .text.std_print
                0x000115c0      0x2b6 zephyr/libzephyr.a(log_output.c.obj)
 .text.log_output_flush
                0x00011876       0x1a zephyr/libzephyr.a(log_output.c.obj)
                0x00011876                log_output_flush
 .text.log_output_msg_process
                0x00011890       0x7e zephyr/libzephyr.a(log_output.c.obj)
                0x00011890                log_output_msg_process
 .text.disk_access_init
                0x0001190e       0x26 zephyr/libzephyr.a(disk_access.c.obj)
                0x0001190e                disk_access_init
 .text.disk_access_status
                0x00011934       0x26 zephyr/libzephyr.a(disk_access.c.obj)
                0x00011934                disk_access_status
 .text.disk_access_read
                0x0001195a       0x3c zephyr/libzephyr.a(disk_access.c.obj)
                0x0001195a                disk_access_read
 .text.disk_access_write
                0x00011996       0x3c zephyr/libzephyr.a(disk_access.c.obj)
                0x00011996                disk_access_write
 .text.disk_access_ioctl
                0x000119d2       0x2e zephyr/libzephyr.a(disk_access.c.obj)
                0x000119d2                disk_access_ioctl
 .text.pm_policy_next_state
                0x00011a00        0xa zephyr/libzephyr.a(residency.c.obj)
                0x00011a00                pm_policy_next_state
 .text.z_arm_fatal_error
                0x00011a0a       0x18 zephyr/arch/arch/arm/core/aarch32/libarch__arm__core__aarch32.a(fatal.c.obj)
                0x00011a0a                z_arm_fatal_error
 .text.z_do_kernel_oops
                0x00011a22        0xc zephyr/arch/arch/arm/core/aarch32/libarch__arm__core__aarch32.a(fatal.c.obj)
                0x00011a22                z_do_kernel_oops
 .text.z_irq_spurious
                0x00011a2e        0xc zephyr/arch/arch/arm/core/aarch32/libarch__arm__core__aarch32.a(irq_manage.c.obj)
                0x00011a2e                z_irq_spurious
 .text.z_arm_nmi
                0x00011a3a        0xc zephyr/arch/arch/arm/core/aarch32/libarch__arm__core__aarch32.a(nmi.c.obj)
                0x00011a3a                z_arm_nmi
 .text.memory_fault_recoverable
                0x00011a46        0x4 zephyr/arch/arch/arm/core/aarch32/cortex_m/libarch__arm__core__aarch32__cortex_m.a(fault.c.obj)
 .text.fault_handle
                0x00011a4a       0x4a zephyr/arch/arch/arm/core/aarch32/cortex_m/libarch__arm__core__aarch32__cortex_m.a(fault.c.obj)
 .text.mpu_partition_is_valid
                0x00011a94       0x22 zephyr/arch/arch/arm/core/aarch32/mpu/libarch__arm__core__aarch32__mpu.a(arm_mpu.c.obj)
 .text.mpu_configure_region
                0x00011ab6       0x3e zephyr/arch/arch/arm/core/aarch32/mpu/libarch__arm__core__aarch32__mpu.a(arm_mpu.c.obj)
 .text._stdout_hook_default
                0x00011af4        0x6 zephyr/lib/libc/newlib/liblib__libc__newlib.a(libc-hooks.c.obj)
 .text.pm_power_state_set
                0x00011afa       0x26 zephyr/soc/arm/nordic_nrf/nrf52/libsoc__arm__nordic_nrf__nrf52.a(power.c.obj)
                0x00011afa                pm_power_state_set
 .text.pm_power_state_exit_post_ops
                0x00011b20       0x16 zephyr/soc/arm/nordic_nrf/nrf52/libsoc__arm__nordic_nrf__nrf52.a(power.c.obj)
                0x00011b20                pm_power_state_exit_post_ops
 .text.fs_type_get
                0x00011b36       0x10 zephyr/subsys/fs/libsubsys__fs.a(fs.c.obj)
 .text.translate_error
                0x00011b46       0x5e zephyr/subsys/fs/libsubsys__fs.a(fat_fs.c.obj)
 .text.translate_flags
                0x00011ba4       0x14 zephyr/subsys/fs/libsubsys__fs.a(fat_fs.c.obj)
 .text.fatfs_tell
                0x00011bb8        0x6 zephyr/subsys/fs/libsubsys__fs.a(fat_fs.c.obj)
 .text.fatfs_statvfs
                0x00011bbe       0x3e zephyr/subsys/fs/libsubsys__fs.a(fat_fs.c.obj)
 .text.fatfs_stat
                0x00011bfc       0x3a zephyr/subsys/fs/libsubsys__fs.a(fat_fs.c.obj)
 .text.fatfs_mkdir
                0x00011c36        0xe zephyr/subsys/fs/libsubsys__fs.a(fat_fs.c.obj)
 .text.fatfs_unlink
                0x00011c44        0xe zephyr/subsys/fs/libsubsys__fs.a(fat_fs.c.obj)
 .text.fatfs_rename
                0x00011c52       0x30 zephyr/subsys/fs/libsubsys__fs.a(fat_fs.c.obj)
 .text.fatfs_unmount
                0x00011c82       0x14 zephyr/subsys/fs/libsubsys__fs.a(fat_fs.c.obj)
 .text.fatfs_readdir
                0x00011c96       0x3a zephyr/subsys/fs/libsubsys__fs.a(fat_fs.c.obj)
 .text.fatfs_sync
                0x00011cd0        0xe zephyr/subsys/fs/libsubsys__fs.a(fat_fs.c.obj)
 .text.fatfs_seek
                0x00011cde       0x4c zephyr/subsys/fs/libsubsys__fs.a(fat_fs.c.obj)
 .text.fatfs_truncate
                0x00011d2a       0x62 zephyr/subsys/fs/libsubsys__fs.a(fat_fs.c.obj)
 .text.fatfs_write
                0x00011d8c       0x38 zephyr/subsys/fs/libsubsys__fs.a(fat_fs.c.obj)
 .text.fatfs_read
                0x00011dc4       0x1c zephyr/subsys/fs/libsubsys__fs.a(fat_fs.c.obj)
 .text.sdhc_spi_set_status
                0x00011de0       0x16 zephyr/drivers/disk/libdrivers__disk.a(sdmmc_spi.c.obj)
 .text.sdhc_spi_trace
                0x00011df6        0x4 zephyr/drivers/disk/libdrivers__disk.a(sdmmc_spi.c.obj)
 .text.sdhc_spi_rx_u8
                0x00011dfa       0x18 zephyr/drivers/disk/libdrivers__disk.a(sdmmc_spi.c.obj)
 .text.sdhc_spi_tx
                0x00011e12       0x3c zephyr/drivers/disk/libdrivers__disk.a(sdmmc_spi.c.obj)
 .text.disk_spi_sdhc_access_status
                0x00011e4e        0x8 zephyr/drivers/disk/libdrivers__disk.a(sdmmc_spi.c.obj)
 .text.sdhc_spi_tx_cmd
                0x00011e56       0x4a zephyr/drivers/disk/libdrivers__disk.a(sdmmc_spi.c.obj)
 .text.sdhc_spi_skip_until_ready
                0x00011ea0      0x136 zephyr/drivers/disk/libdrivers__disk.a(sdmmc_spi.c.obj)
 .text.sdhc_spi_skip_until_start
                0x00011fd6      0x11c zephyr/drivers/disk/libdrivers__disk.a(sdmmc_spi.c.obj)
 .text.sdhc_spi_cmd_r1_raw
                0x000120f2       0x3c zephyr/drivers/disk/libdrivers__disk.a(sdmmc_spi.c.obj)
 .text.sdhc_spi_recover
                0x0001212e        0xc zephyr/drivers/disk/libdrivers__disk.a(sdmmc_spi.c.obj)
 .text.disk_spi_sdhc_access_write
                0x0001213a       0x74 zephyr/drivers/disk/libdrivers__disk.a(sdmmc_spi.c.obj)
 .text.sdhc_spi_cmd_r37_raw
                0x000121ae       0x58 zephyr/drivers/disk/libdrivers__disk.a(sdmmc_spi.c.obj)
 .text.sdhc_spi_check_interface
                0x00012206       0x36 zephyr/drivers/disk/libdrivers__disk.a(sdmmc_spi.c.obj)
 .text.disk_spi_sdhc_access_read
                0x0001223c       0x3c zephyr/drivers/disk/libdrivers__disk.a(sdmmc_spi.c.obj)
 .text.disk_spi_sdhc_access_init
                0x00012278       0x1a zephyr/drivers/disk/libdrivers__disk.a(sdmmc_spi.c.obj)
 .text.get_sub_data
                0x00012292        0xe zephyr/drivers/clock_control/libdrivers__clock_control.a(clock_control_nrf.c.obj)
 .text.get_sub_config
                0x000122a0        0xc zephyr/drivers/clock_control/libdrivers__clock_control.a(clock_control_nrf.c.obj)
 .text.get_onoff_manager
                0x000122ac        0x8 zephyr/drivers/clock_control/libdrivers__clock_control.a(clock_control_nrf.c.obj)
 .text.set_off_state
                0x000122b4       0x32 zephyr/drivers/clock_control/libdrivers__clock_control.a(clock_control_nrf.c.obj)
 .text.set_starting_state
                0x000122e6       0x40 zephyr/drivers/clock_control/libdrivers__clock_control.a(clock_control_nrf.c.obj)
 .text.set_on_state
                0x00012326       0x26 zephyr/drivers/clock_control/libdrivers__clock_control.a(clock_control_nrf.c.obj)
 .text.clkstarted_handle
                0x0001234c       0x24 zephyr/drivers/clock_control/libdrivers__clock_control.a(clock_control_nrf.c.obj)
 .text.async_start
                0x00012370       0x38 zephyr/drivers/clock_control/libdrivers__clock_control.a(clock_control_nrf.c.obj)
 .text.api_start
                0x000123a8       0x10 zephyr/drivers/clock_control/libdrivers__clock_control.a(clock_control_nrf.c.obj)
 .text.onoff_started_callback
                0x000123b8       0x10 zephyr/drivers/clock_control/libdrivers__clock_control.a(clock_control_nrf.c.obj)
 .text.hfclk_start
                0x000123c8        0xa zephyr/drivers/clock_control/libdrivers__clock_control.a(clock_control_nrf.c.obj)
 .text.hfclk_stop
                0x000123d2        0xa zephyr/drivers/clock_control/libdrivers__clock_control.a(clock_control_nrf.c.obj)
 .text.lfclk_stop
                0x000123dc        0xa zephyr/drivers/clock_control/libdrivers__clock_control.a(clock_control_nrf.c.obj)
 .text.api_stop
                0x000123e6        0xa zephyr/drivers/clock_control/libdrivers__clock_control.a(clock_control_nrf.c.obj)
 .text.blocking_start_callback
                0x000123f0        0xa zephyr/drivers/clock_control/libdrivers__clock_control.a(clock_control_nrf.c.obj)
 .text.wait     0x000123fa       0x14 zephyr/drivers/console/libdrivers__console.a(rtt_console.c.obj)
 .text.get_pull
                0x0001240e       0x18 zephyr/drivers/gpio/libdrivers__gpio.a(gpio_nrfx.c.obj)
 .text.gpio_nrfx_port_get_raw
                0x00012426        0xe zephyr/drivers/gpio/libdrivers__gpio.a(gpio_nrfx.c.obj)
 .text.gpio_nrfx_port_set_masked_raw
                0x00012434       0x16 zephyr/drivers/gpio/libdrivers__gpio.a(gpio_nrfx.c.obj)
 .text.gpio_nrfx_port_set_bits_raw
                0x0001244a        0xc zephyr/drivers/gpio/libdrivers__gpio.a(gpio_nrfx.c.obj)
 .text.gpio_nrfx_port_clear_bits_raw
                0x00012456        0xc zephyr/drivers/gpio/libdrivers__gpio.a(gpio_nrfx.c.obj)
 .text.gpio_nrfx_port_toggle_bits
                0x00012462       0x12 zephyr/drivers/gpio/libdrivers__gpio.a(gpio_nrfx.c.obj)
 .text.get_trigger
                0x00012474       0x2c zephyr/drivers/gpio/libdrivers__gpio.a(gpio_nrfx.c.obj)
 .text.spi_nrfx_transceive
                0x000124a0       0x12 zephyr/drivers/spi/libdrivers__spi.a(spi_nrfx_spi.c.obj)
 .text.sys_clock_idle_exit
                0x000124b2        0x2 zephyr/drivers/timer/libdrivers__timer.a(sys_clock_init.c.obj)
                0x000124b2                sys_clock_idle_exit
 .text.counter_sub
                0x000124b4        0x8 zephyr/drivers/timer/libdrivers__timer.a(nrf_rtc_timer.c.obj)
 .text.event_clear
                0x000124bc       0x18 zephyr/drivers/timer/libdrivers__timer.a(nrf_rtc_timer.c.obj)
 .text.absolute_time_to_cc
                0x000124d4        0x6 zephyr/drivers/timer/libdrivers__timer.a(nrf_rtc_timer.c.obj)
 .text.full_int_lock
                0x000124da       0x12 zephyr/drivers/timer/libdrivers__timer.a(nrf_rtc_timer.c.obj)
 .text.full_int_unlock
                0x000124ec        0xa zephyr/drivers/timer/libdrivers__timer.a(nrf_rtc_timer.c.obj)
 .text.set_absolute_alarm
                0x000124f6       0x76 zephyr/drivers/timer/libdrivers__timer.a(nrf_rtc_timer.c.obj)
 .text.compare_set
                0x0001256c       0x32 zephyr/drivers/timer/libdrivers__timer.a(nrf_rtc_timer.c.obj)
 .text.sys_clock_cycle_get_32
                0x0001259e        0x8 zephyr/drivers/timer/libdrivers__timer.a(nrf_rtc_timer.c.obj)
                0x0001259e                sys_clock_cycle_get_32
 .text.RADIO_IRQHandler
                0x000125a6       0x1e modules/nrf/subsys/esb/lib..__nrf__subsys__esb.a(esb.c.obj)
                0x000125a6                RADIO_IRQHandler
 .text.ESB_SYS_TIMER_IRQHandler
                0x000125c4       0x1a modules/nrf/subsys/esb/lib..__nrf__subsys__esb.a(esb.c.obj)
                0x000125c4                ESB_SYS_TIMER_IRQHandler
 .text.SWI0_EGU0_IRQHandler
                0x000125de       0x1e modules/nrf/subsys/esb/lib..__nrf__subsys__esb.a(esb.c.obj)
                0x000125de                SWI0_EGU0_IRQHandler
 .text.ld_word  0x000125fc        0xa modules/fatfs/lib..__modules__fs__fatfs.a(ff.c.obj)
 .text.ld_dword
                0x00012606       0x16 modules/fatfs/lib..__modules__fs__fatfs.a(ff.c.obj)
 .text.ld_qword
                0x0001261c       0x4e modules/fatfs/lib..__modules__fs__fatfs.a(ff.c.obj)
 .text.st_word  0x0001266a        0x8 modules/fatfs/lib..__modules__fs__fatfs.a(ff.c.obj)
 .text.st_dword
                0x00012672       0x14 modules/fatfs/lib..__modules__fs__fatfs.a(ff.c.obj)
 .text.st_qword
                0x00012686       0x26 modules/fatfs/lib..__modules__fs__fatfs.a(ff.c.obj)
 .text.dbc_1st  0x000126ac        0x4 modules/fatfs/lib..__modules__fs__fatfs.a(ff.c.obj)
 .text.dbc_2nd  0x000126b0        0x4 modules/fatfs/lib..__modules__fs__fatfs.a(ff.c.obj)
 .text.clst2sect
                0x000126b4       0x18 modules/fatfs/lib..__modules__fs__fatfs.a(ff.c.obj)
 .text.ld_clust
                0x000126cc       0x26 modules/fatfs/lib..__modules__fs__fatfs.a(ff.c.obj)
 .text.st_clust
                0x000126f2       0x26 modules/fatfs/lib..__modules__fs__fatfs.a(ff.c.obj)
 .text.sum_sfn  0x00012718       0x22 modules/fatfs/lib..__modules__fs__fatfs.a(ff.c.obj)
 .text.xdir_sum
                0x0001273a       0x30 modules/fatfs/lib..__modules__fs__fatfs.a(ff.c.obj)
 .text.xsum32   0x0001276a        0x6 modules/fatfs/lib..__modules__fs__fatfs.a(ff.c.obj)
 .text.init_alloc_info
                0x00012770       0x2e modules/fatfs/lib..__modules__fs__fatfs.a(ff.c.obj)
 .text.validate
                0x0001279e       0x46 modules/fatfs/lib..__modules__fs__fatfs.a(ff.c.obj)
 .text.sync_window
                0x000127e4       0x48 modules/fatfs/lib..__modules__fs__fatfs.a(ff.c.obj)
 .text.move_window
                0x0001282c       0x36 modules/fatfs/lib..__modules__fs__fatfs.a(ff.c.obj)
 .text.find_volume
                0x00012862       0x70 modules/fatfs/lib..__modules__fs__fatfs.a(ff.c.obj)
 .text.find_bitmap
                0x000128d2       0x88 modules/fatfs/lib..__modules__fs__fatfs.a(ff.c.obj)
 .text.change_bitmap
                0x0001295a       0x78 modules/fatfs/lib..__modules__fs__fatfs.a(ff.c.obj)
 .text.put_fat  0x000129d2      0x128 modules/fatfs/lib..__modules__fs__fatfs.a(ff.c.obj)
 .text.fill_last_frag
                0x00012afa       0x30 modules/fatfs/lib..__modules__fs__fatfs.a(ff.c.obj)
 .text.fill_first_frag
                0x00012b2a       0x32 modules/fatfs/lib..__modules__fs__fatfs.a(ff.c.obj)
 .text.get_fat  0x00012b5c      0x16e modules/fatfs/lib..__modules__fs__fatfs.a(ff.c.obj)
 .text.dir_sdi  0x00012cca       0xc0 modules/fatfs/lib..__modules__fs__fatfs.a(ff.c.obj)
 .text.create_chain
                0x00012d8a      0x1d6 modules/fatfs/lib..__modules__fs__fatfs.a(ff.c.obj)
 .text.remove_chain
                0x00012f60      0x15c modules/fatfs/lib..__modules__fs__fatfs.a(ff.c.obj)
 .text.dir_clear
                0x000130bc       0x50 modules/fatfs/lib..__modules__fs__fatfs.a(ff.c.obj)
 .text.dir_next
                0x0001310c       0xdc modules/fatfs/lib..__modules__fs__fatfs.a(ff.c.obj)
 .text.dir_alloc
                0x000131e8       0x6c modules/fatfs/lib..__modules__fs__fatfs.a(ff.c.obj)
 .text.dir_remove
                0x00013254       0x60 modules/fatfs/lib..__modules__fs__fatfs.a(ff.c.obj)
 .text.put_utf  0x000132b4       0x38 modules/fatfs/lib..__modules__fs__fatfs.a(ff.c.obj)
 .text.get_fileinfo
                0x000132ec      0x20a modules/fatfs/lib..__modules__fs__fatfs.a(ff.c.obj)
 .text.tchar2uni
                0x000134f6       0x56 modules/fatfs/lib..__modules__fs__fatfs.a(ff.c.obj)
 .text.xname_sum
                0x0001354c       0x36 modules/fatfs/lib..__modules__fs__fatfs.a(ff.c.obj)
 .text.create_xdir
                0x00013582       0x82 modules/fatfs/lib..__modules__fs__fatfs.a(ff.c.obj)
 .text.dir_read
                0x00013604       0xea modules/fatfs/lib..__modules__fs__fatfs.a(ff.c.obj)
 .text.dir_find
                0x000136ee      0x176 modules/fatfs/lib..__modules__fs__fatfs.a(ff.c.obj)
 .text.follow_path
                0x00013864       0xb4 modules/fatfs/lib..__modules__fs__fatfs.a(ff.c.obj)
 .text.load_obj_xdir
                0x00013918       0x34 modules/fatfs/lib..__modules__fs__fatfs.a(ff.c.obj)
 .text.gen_numname
                0x0001394c       0xbe modules/fatfs/lib..__modules__fs__fatfs.a(ff.c.obj)
 .text.store_xdir
                0x00013a0a       0x7e modules/fatfs/lib..__modules__fs__fatfs.a(ff.c.obj)
 .text.f_read   0x00013a88      0x192 modules/fatfs/lib..__modules__fs__fatfs.a(ff.c.obj)
                0x00013a88                f_read
 .text.f_write  0x00013c1a      0x224 modules/fatfs/lib..__modules__fs__fatfs.a(ff.c.obj)
                0x00013c1a                f_write
 .text.f_close  0x00013e3e       0x20 modules/fatfs/lib..__modules__fs__fatfs.a(ff.c.obj)
                0x00013e3e                f_close
 .text.f_lseek  0x00013e5e      0x210 modules/fatfs/lib..__modules__fs__fatfs.a(ff.c.obj)
                0x00013e5e                f_lseek
 .text.f_opendir
                0x0001406e       0x92 modules/fatfs/lib..__modules__fs__fatfs.a(ff.c.obj)
                0x0001406e                f_opendir
 .text.f_closedir
                0x00014100       0x14 modules/fatfs/lib..__modules__fs__fatfs.a(ff.c.obj)
                0x00014100                f_closedir
 .text.f_readdir
                0x00014114       0x4e modules/fatfs/lib..__modules__fs__fatfs.a(ff.c.obj)
                0x00014114                f_readdir
 .text.f_stat   0x00014162       0x44 modules/fatfs/lib..__modules__fs__fatfs.a(ff.c.obj)
                0x00014162                f_stat
 .text.f_getfree
                0x000141a6      0x132 modules/fatfs/lib..__modules__fs__fatfs.a(ff.c.obj)
                0x000141a6                f_getfree
 .text.f_truncate
                0x000142d8       0xa0 modules/fatfs/lib..__modules__fs__fatfs.a(ff.c.obj)
                0x000142d8                f_truncate
 .text.f_unlink
                0x00014378       0xda modules/fatfs/lib..__modules__fs__fatfs.a(ff.c.obj)
                0x00014378                f_unlink
 .text.f_rename
                0x00014452      0x226 modules/fatfs/lib..__modules__fs__fatfs.a(ff.c.obj)
                0x00014452                f_rename
 .text.nrfx_isr
                0x00014678        0x6 modules/hal_nordic/nrfx/libmodules__hal_nordic__nrfx.a(nrfx_glue.c.obj)
                0x00014678                nrfx_isr
 .text.nrfx_busy_wait
                0x0001467e        0x8 modules/hal_nordic/nrfx/libmodules__hal_nordic__nrfx.a(nrfx_glue.c.obj)
                0x0001467e                nrfx_busy_wait
 .text.pin_is_task_output
                0x00014686       0x1e modules/hal_nordic/nrfx/libmodules__hal_nordic__nrfx.a(nrfx_gpiote.c.obj)
 .text.pin_is_input
                0x000146a4        0xe modules/hal_nordic/nrfx/libmodules__hal_nordic__nrfx.a(nrfx_gpiote.c.obj)
 .text.gpiote_polarity_to_trigger
                0x000146b2        0x2 modules/hal_nordic/nrfx/libmodules__hal_nordic__nrfx.a(nrfx_gpiote.c.obj)
 .text.gpiote_trigger_to_polarity
                0x000146b4        0x2 modules/hal_nordic/nrfx/libmodules__hal_nordic__nrfx.a(nrfx_gpiote.c.obj)
 .text.is_level
                0x000146b6        0xa modules/hal_nordic/nrfx/libmodules__hal_nordic__nrfx.a(nrfx_gpiote.c.obj)
 .text.latch_pending_read_and_check
                0x000146c0       0x34 modules/hal_nordic/nrfx/libmodules__hal_nordic__nrfx.a(nrfx_gpiote.c.obj)
 .text.transfer_byte
                0x000146f4       0x76 modules/hal_nordic/nrfx/libmodules__hal_nordic__nrfx.a(nrfx_spi.c.obj)
 .text._GetAvailWriteSpace
                0x0001476a       0x18 modules/segger/libmodules__segger.a(SEGGER_RTT.c.obj)
 .text._WriteNoCheck
                0x00014782       0x44 modules/segger/libmodules__segger.a(SEGGER_RTT.c.obj)
 .text._WriteBlocking
                0x000147c6       0x5e modules/segger/libmodules__segger.a(SEGGER_RTT.c.obj)
 .text.SEGGER_RTT_Init
                0x00014824        0x8 modules/segger/libmodules__segger.a(SEGGER_RTT.c.obj)
                0x00014824                SEGGER_RTT_Init
 .text.rtt_init
                0x0001482c        0xa modules/segger/libmodules__segger.a(SEGGER_RTT_zephyr.c.obj)
 .text.z_device_ready
                0x00014836       0x1a zephyr/kernel/libkernel.a(device.c.obj)
                0x00014836                z_device_ready
 .text.create_free_list
                0x00014850       0x2e zephyr/kernel/libkernel.a(mem_slab.c.obj)
 .text.k_mem_slab_init
                0x0001487e       0x1e zephyr/kernel/libkernel.a(mem_slab.c.obj)
                0x0001487e                k_mem_slab_init
 .text.setup_thread_stack
                0x0001489c       0x24 zephyr/kernel/libkernel.a(thread.c.obj)
 .text.k_is_in_isr
                0x000148c0        0xc zephyr/kernel/libkernel.a(thread.c.obj)
                0x000148c0                k_is_in_isr
 .text.k_thread_name_get
                0x000148cc        0x4 zephyr/kernel/libkernel.a(thread.c.obj)
                0x000148cc                k_thread_name_get
 .text.z_impl_k_thread_start
                0x000148d0        0x8 zephyr/kernel/libkernel.a(thread.c.obj)
                0x000148d0                z_impl_k_thread_start
 .text.z_init_thread_base
                0x000148d8       0x16 zephyr/kernel/libkernel.a(thread.c.obj)