Archive member included to satisfy reference by file (symbol)

app/libapp.a(main.c.obj)      (--whole-archive)
app/libapp.a(bmx160.c.obj)    (--whole-archive)
app/libapp.a(quaternion.c.obj)
                              (--whole-archive)
app/libapp.a(sensor_processing_lib.c.obj)
                              (--whole-archive)
app/libapp.a(vector_3d.c.obj)
                              (--whole-archive)
zephyr/libzephyr.a(cbprintf.c.obj)
                              (--whole-archive)
zephyr/libzephyr.a(cbprintf_packaged.c.obj)
                              (--whole-archive)
zephyr/libzephyr.a(crc32c_sw.c.obj)
                              (--whole-archive)
zephyr/libzephyr.a(crc32_sw.c.obj)
                              (--whole-archive)
zephyr/libzephyr.a(crc16_sw.c.obj)
                              (--whole-archive)
zephyr/libzephyr.a(crc8_sw.c.obj)
                              (--whole-archive)
zephyr/libzephyr.a(crc7_sw.c.obj)
                              (--whole-archive)
zephyr/libzephyr.a(dec.c.obj)
                              (--whole-archive)
zephyr/libzephyr.a(fdtable.c.obj)
                              (--whole-archive)
zephyr/libzephyr.a(hex.c.obj)
                              (--whole-archive)
zephyr/libzephyr.a(notify.c.obj)
                              (--whole-archive)
zephyr/libzephyr.a(printk.c.obj)
                              (--whole-archive)
zephyr/libzephyr.a(onoff.c.obj)
                              (--whole-archive)
zephyr/libzephyr.a(rb.c.obj)  (--whole-archive)
zephyr/libzephyr.a(sem.c.obj)
                              (--whole-archive)
zephyr/libzephyr.a(thread_entry.c.obj)
                              (--whole-archive)
zephyr/libzephyr.a(timeutil.c.obj)
                              (--whole-archive)
zephyr/libzephyr.a(heap.c.obj)
                              (--whole-archive)
zephyr/libzephyr.a(heap-validate.c.obj)
                              (--whole-archive)
zephyr/libzephyr.a(bitarray.c.obj)
                              (--whole-archive)
zephyr/libzephyr.a(multi_heap.c.obj)
                              (--whole-archive)
zephyr/libzephyr.a(cbprintf_complete.c.obj)
                              (--whole-archive)
zephyr/libzephyr.a(mpsc_pbuf.c.obj)
                              (--whole-archive)
zephyr/libzephyr.a(reboot.c.obj)
                              (--whole-archive)
zephyr/libzephyr.a(configs.c.obj)
                              (--whole-archive)
zephyr/libzephyr.a(soc_nrf_common.S.obj)
                              (--whole-archive)
zephyr/libzephyr.a(validate_base_addresses.c.obj)
                              (--whole-archive)
zephyr/libzephyr.a(validate_enabled_instances.c.obj)
                              (--whole-archive)
zephyr/libzephyr.a(thread_info.c.obj)
                              (--whole-archive)
zephyr/libzephyr.a(log_list.c.obj)
                              (--whole-archive)
zephyr/libzephyr.a(log_core.c.obj)
                              (--whole-archive)
zephyr/libzephyr.a(log_mgmt.c.obj)
                              (--whole-archive)
zephyr/libzephyr.a(log_msg.c.obj)
                              (--whole-archive)
zephyr/libzephyr.a(log_output.c.obj)
                              (--whole-archive)
zephyr/libzephyr.a(log_backend_rtt.c.obj)
                              (--whole-archive)
zephyr/libzephyr.a(pm.c.obj)  (--whole-archive)
zephyr/libzephyr.a(constraint.c.obj)
                              (--whole-archive)
zephyr/libzephyr.a(residency.c.obj)
                              (--whole-archive)
zephyr/libzephyr.a(tracing_none.c.obj)
                              (--whole-archive)
zephyr/arch/common/libarch__common.a(sw_isr_common.c.obj)
                              (--whole-archive)
zephyr/arch/arch/arm/core/aarch32/libarch__arm__core__aarch32.a(cpu_idle.S.obj)
                              (--whole-archive)
zephyr/arch/arch/arm/core/aarch32/libarch__arm__core__aarch32.a(fatal.c.obj)
                              (--whole-archive)
zephyr/arch/arch/arm/core/aarch32/libarch__arm__core__aarch32.a(irq_manage.c.obj)
                              (--whole-archive)
zephyr/arch/arch/arm/core/aarch32/libarch__arm__core__aarch32.a(nmi.c.obj)
                              (--whole-archive)
zephyr/arch/arch/arm/core/aarch32/libarch__arm__core__aarch32.a(nmi_on_reset.S.obj)
                              (--whole-archive)
zephyr/arch/arch/arm/core/aarch32/libarch__arm__core__aarch32.a(prep_c.c.obj)
                              (--whole-archive)
zephyr/arch/arch/arm/core/aarch32/libarch__arm__core__aarch32.a(swap.c.obj)
                              (--whole-archive)
zephyr/arch/arch/arm/core/aarch32/libarch__arm__core__aarch32.a(swap_helper.S.obj)
                              (--whole-archive)
zephyr/arch/arch/arm/core/aarch32/libarch__arm__core__aarch32.a(thread.c.obj)
                              (--whole-archive)
zephyr/arch/arch/arm/core/aarch32/libarch__arm__core__aarch32.a(isr_wrapper.S.obj)
[...]
Memory Configuration

Name             Origin             Length             Attributes
FLASH            0x00000000         0x00080000         xr
SRAM             0x20000000         0x00010000         xw
IDT_LIST         0xfffff7ff         0x00000800         xw
*default*        0x00000000         0xffffffff

Linker script and memory map

LOAD zephyr/CMakeFiles/zephyr_final.dir/misc/empty_file.c.obj
LOAD zephyr/CMakeFiles/zephyr_final.dir/dev_handles.c.obj
LOAD zephyr/CMakeFiles/zephyr_final.dir/isr_tables.c.obj
                0x00000020                _region_min_align = 0x20

.rel.plt        0x00000000        0x0
 *(SORT_BY_ALIGNMENT(.rel.plt))
                [!provide]                PROVIDE (__rel_iplt_start = .)
 *(SORT_BY_ALIGNMENT(.rel.iplt))
 .rel.iplt      0x00000000        0x0 zephyr/CMakeFiles/zephyr_final.dir/dev_handles.c.obj
                [!provide]                PROVIDE (__rel_iplt_end = .)

.rela.plt       0x00000000        0x0
 *(SORT_BY_ALIGNMENT(.rela.plt))
                [!provide]                PROVIDE (__rela_iplt_start = .)
 *(SORT_BY_ALIGNMENT(.rela.iplt))
                [!provide]                PROVIDE (__rela_iplt_end = .)

.rel.dyn
 *(SORT_BY_ALIGNMENT(.rel.*))

.rela.dyn
 *(SORT_BY_ALIGNMENT(.rela.*))

/DISCARD/
 *(SORT_BY_ALIGNMENT(.plt))
 *(SORT_BY_ALIGNMENT(.iplt))
 *(SORT_BY_ALIGNMENT(.got.plt))
 *(SORT_BY_ALIGNMENT(.igot.plt))
 *(SORT_BY_ALIGNMENT(.got))
 *(SORT_BY_ALIGNMENT(.igot))
 *(SORT_BY_ALIGNMENT(.irq_info*))
 *(SORT_BY_ALIGNMENT(.intList*))
 *(SORT_BY_ALIGNMENT(.note.GNU-stack))
                0x00000000                __rom_region_start = 0x0

rom_start       0x00000000       0xdc
                0x00000000                . = 0x0
                0x00000000                . = ALIGN (0x4)
                0x00000000                . = ALIGN (0x80)
                0x00000000                . = ALIGN (0x100)
                0x00000000                _vector_start = .
 *(SORT_BY_ALIGNMENT(.exc_vector_table))
 *(SORT_BY_ALIGNMENT(.exc_vector_table.*))
 .exc_vector_table._vector_table_section
                0x00000000       0x40 zephyr/arch/arch/arm/core/aarch32/cortex_m/libarch__arm__core__aarch32__cortex_m.a(vector_table.S.obj)
                0x00000000                _vector_table
 *(SORT_BY_ALIGNMENT(.gnu.linkonce.irq_vector_table*))
 .gnu.linkonce.irq_vector_table
                0x00000040       0x9c zephyr/CMakeFiles/zephyr_final.dir/isr_tables.c.obj
                0x00000040                _irq_vector_table
 *(SORT_BY_ALIGNMENT(.vectors))
                0x000000dc                _vector_end = .

text            0x000000e0     0xacb8
                0x000000e0                __text_region_start = .
 *(SORT_BY_ALIGNMENT(.text))
 .text          0x000000e0      0x378 c:/ncs/v1.9.1/toolchain/opt/bin/../lib/gcc/arm-none-eabi/9.2.1/thumb/v7e-m/nofp\libgcc.a(_arm_addsubdf3.o)
                0x000000e0                __aeabi_drsub
                0x000000e8                __aeabi_dsub
                0x000000e8                __subdf3
                0x000000ec                __aeabi_dadd
                0x000000ec                __adddf3
                0x00000364                __floatunsidf
                0x00000364                __aeabi_ui2d
                0x00000384                __floatsidf
                0x00000384                __aeabi_i2d
                0x000003a8                __aeabi_f2d
                0x000003a8                __extendsfdf2
                0x000003ec                __floatundidf
                0x000003ec                __aeabi_ul2d
                0x000003fc                __floatdidf
                0x000003fc                __aeabi_l2d
 .text          0x00000458      0x424 c:/ncs/v1.9.1/toolchain/opt/bin/../lib/gcc/arm-none-eabi/9.2.1/thumb/v7e-m/nofp\libgcc.a(_arm_muldivdf3.o)
                0x00000458                __aeabi_dmul
                0x00000458                __muldf3
                0x000006ac                __divdf3
                0x000006ac                __aeabi_ddiv
 .text          0x0000087c      0x110 c:/ncs/v1.9.1/toolchain/opt/bin/../lib/gcc/arm-none-eabi/9.2.1/thumb/v7e-m/nofp\libgcc.a(_arm_cmpdf2.o)
                0x0000087c                __gtdf2
                0x0000087c                __gedf2
                0x00000884                __ltdf2
                0x00000884                __ledf2
                0x0000088c                __nedf2
                0x0000088c                __eqdf2
                0x0000088c                __cmpdf2
                0x00000908                __aeabi_cdrcmple
                0x00000918                __aeabi_cdcmpeq
                0x00000918                __aeabi_cdcmple
                0x00000928                __aeabi_dcmpeq
                0x0000093c                __aeabi_dcmplt
                0x00000950                __aeabi_dcmple
                0x00000964                __aeabi_dcmpge
                0x00000978                __aeabi_dcmpgt
 .text          0x0000098c       0xa0 c:/ncs/v1.9.1/toolchain/opt/bin/../lib/gcc/arm-none-eabi/9.2.1/thumb/v7e-m/nofp\libgcc.a(_arm_truncdfsf2.o)
                0x0000098c                __truncdfsf2
                0x0000098c                __aeabi_d2f
 .text          0x00000a2c      0x21c c:/ncs/v1.9.1/toolchain/opt/bin/../lib/gcc/arm-none-eabi/9.2.1/thumb/v7e-m/nofp\libgcc.a(_arm_addsubsf3.o)
                0x00000a2c                __aeabi_frsub
                0x00000a34                __subsf3
                0x00000a34                __aeabi_fsub
                0x00000a38                __aeabi_fadd
                0x00000a38                __addsf3
                0x00000b98                __aeabi_ui2f
                0x00000b98                __floatunsisf
                0x00000ba0                __aeabi_i2f
                0x00000ba0                __floatsisf
                0x00000bbc                __aeabi_ul2f
                0x00000bbc                __floatundisf
                0x00000bcc                __aeabi_l2f
                0x00000bcc                __floatdisf
 .text          0x00000c48      0x2a0 c:/ncs/v1.9.1/toolchain/opt/bin/../lib/gcc/arm-none-eabi/9.2.1/thumb/v7e-m/nofp\libgcc.a(_arm_muldivsf3.o)
                0x00000c48                __mulsf3
                0x00000c48                __aeabi_fmul
                0x00000db0                __aeabi_fdiv
                0x00000db0                __divsf3
 .text          0x00000ee8       0xec c:/ncs/v1.9.1/toolchain/opt/bin/../lib/gcc/arm-none-eabi/9.2.1/thumb/v7e-m/nofp\libgcc.a(_arm_cmpsf2.o)
                0x00000ee8                __gesf2
                0x00000ee8                __gtsf2
                0x00000ef0                __lesf2
                0x00000ef0                __ltsf2
                0x00000ef8                __nesf2
                0x00000ef8                __eqsf2
                0x00000ef8                __cmpsf2
                0x00000f58                __aeabi_cfrcmple
                0x00000f60                __aeabi_cfcmpeq
                0x00000f60                __aeabi_cfcmple
                0x00000f70                __aeabi_fcmpeq
                0x00000f84                __aeabi_fcmplt
                0x00000f98                __aeabi_fcmple
                0x00000fac                __aeabi_fcmpge
                0x00000fc0                __aeabi_fcmpgt
 .text          0x00000fd4       0x4c c:/ncs/v1.9.1/toolchain/opt/bin/../lib/gcc/arm-none-eabi/9.2.1/thumb/v7e-m/nofp\libgcc.a(_arm_fixsfsi.o)
                0x00000fd4                __aeabi_f2iz
                0x00000fd4                __fixsfsi
 .text          0x00001020       0x30 c:/ncs/v1.9.1/toolchain/opt/bin/../lib/gcc/arm-none-eabi/9.2.1/thumb/v7e-m/nofp\libgcc.a(_aeabi_uldivmod.o)
                0x00001020                __aeabi_uldivmod
 .text          0x00001050      0x2c0 c:/ncs/v1.9.1/toolchain/opt/bin/../lib/gcc/arm-none-eabi/9.2.1/thumb/v7e-m/nofp\libgcc.a(_udivmoddi4.o)
                0x00001050                __udivmoddi4
 .text          0x00001310        0x4 c:/ncs/v1.9.1/toolchain/opt/bin/../lib/gcc/arm-none-eabi/9.2.1/thumb/v7e-m/nofp\libgcc.a(_dvmd_tls.o)
                0x00001310                __aeabi_idiv0
                0x00001310                __aeabi_ldiv0
 .text          0x00001314       0x2c c:/ncs/v1.9.1/toolchain/opt/bin/../lib/gcc/arm-none-eabi/9.2.1/thumb/v7e-m/nofp\libgcc.a(_arm_unorddf2.o)
                0x00001314                __unorddf2
                0x00001314                __aeabi_dcmpun
 .text          0x00001340       0x14 c:/ncs/v1.9.1/toolchain/opt/arm-none-eabi/lib/thumb/v7e-m/nofp\libc_nano.a(lib_a-strcmp.o)
                0x00001340                strcmp
 .text          0x00001354       0x10 c:/ncs/v1.9.1/toolchain/opt/arm-none-eabi/lib/thumb/v7e-m/nofp\libc_nano.a(lib_a-strlen.o)
                0x00001354                strlen
 *(SORT_BY_ALIGNMENT(.text.*))
 *fill*         0x00001364        0x4 
 .text.quaternion_to_euler_angles
                0x00001368      0x1d8 app/libapp.a(quaternion.c.obj)
                0x00001368                quaternion_to_euler_angles
 .text.quaternion_from_accelerometer
                0x00001540       0x64 app/libapp.a(sensor_processing_lib.c.obj)
                0x00001540                quaternion_from_accelerometer
 *fill*         0x000015a4        0x4 
 .text.fusion_coeffecient
                0x000015a8       0x58 app/libapp.a(sensor_processing_lib.c.obj)
                0x000015a8                fusion_coeffecient
 .text.__ieee754_asin
                0x00001600      0x484 c:/ncs/v1.9.1/toolchain/opt/arm-none-eabi/lib/thumb/v7e-m/nofp\libm.a(lib_a-e_asin.o)
                0x00001600                __ieee754_asin
 *fill*         0x00001a84        0x4 
 .text.__ieee754_atan2
                0x00001a88      0x194 c:/ncs/v1.9.1/toolchain/opt/arm-none-eabi/lib/thumb/v7e-m/nofp\libm.a(lib_a-e_atan2.o)
                0x00001a88                __ieee754_atan2
 *fill*         0x00001c1c        0x4 
 .text.atan     0x00001c20      0x354 c:/ncs/v1.9.1/toolchain/opt/arm-none-eabi/lib/thumb/v7e-m/nofp\libm.a(lib_a-s_atan.o)
                0x00001c20                atan
 .text.main     0x00001f74      0x248 app/libapp.a(main.c.obj)
                0x00001f74                main
 .text.setAccelRange_bmx160
                0x000021bc       0x5c app/libapp.a(bmx160.c.obj)
                0x000021bc                setAccelRange_bmx160
 .text.setGyroRange_bmx160
                0x00002218       0x64 app/libapp.a(bmx160.c.obj)
                0x00002218                setGyroRange_bmx160
 .text.getData_bmx160
                0x0000227c       0xec app/libapp.a(bmx160.c.obj)
                0x0000227c                getData_bmx160
 .text.quaternion_from_gyro
                0x00002368       0xa4 app/libapp.a(sensor_processing_lib.c.obj)
                0x00002368                quaternion_from_gyro
 .text.InvSqrt  0x0000240c       0x38 app/libapp.a(vector_3d.c.obj)
                0x0000240c                InvSqrt
 .text.__printk_hook_install
                0x00002444        0xc zephyr/libzephyr.a(printk.c.obj)
                0x00002444                __printk_hook_install
 .text.vsnprintk
                0x00002450       0x2c zephyr/libzephyr.a(printk.c.obj)
                0x00002450                vsnprintk
 .text.process_event
                0x0000247c      0x158 zephyr/libzephyr.a(onoff.c.obj)
 .text.extract_decimal
                0x000025d4       0x2c zephyr/libzephyr.a(cbprintf_complete.c.obj)
 .text.encode_uint
                0x00002600       0xe0 zephyr/libzephyr.a(cbprintf_complete.c.obj)
 .text.cbvprintf
                0x000026e0      0x9d4 zephyr/libzephyr.a(cbprintf_complete.c.obj)
                0x000026e0                cbvprintf
 .text.is_rodata
                0x000030b4       0x20 zephyr/libzephyr.a(log_core.c.obj)
 .text.thread_set
                0x000030d4       0x28 zephyr/libzephyr.a(log_core.c.obj)
 .text.log_process_thread_timer_expiry_fn
                0x000030fc       0x10 zephyr/libzephyr.a(log_core.c.obj)
 .text.next_pending
                0x0000310c       0x14 zephyr/libzephyr.a(log_core.c.obj)
 .text.enable_logger
                0x00003120       0x5c zephyr/libzephyr.a(log_core.c.obj)
 .text.z_log_get_s_mask
                0x0000317c       0x48 zephyr/libzephyr.a(log_core.c.obj)
                0x0000317c                z_log_get_s_mask
 .text.log_init
                0x000031c4       0x70 zephyr/libzephyr.a(log_core.c.obj)
                0x000031c4                log_init
 .text.log_set_timestamp_func
                0x00003234       0x1c zephyr/libzephyr.a(log_core.c.obj)
                0x00003234                log_set_timestamp_func
 .text.log_core_init
                0x00003250       0x48 zephyr/libzephyr.a(log_core.c.obj)
                0x00003250                log_core_init
 .text.get_msg  0x00003298       0x28 zephyr/libzephyr.a(log_core.c.obj)
                0x00003298                get_msg
 .text.z_log_notify_backend_enabled
                0x000032c0       0x20 zephyr/libzephyr.a(log_core.c.obj)
                0x000032c0                z_log_notify_backend_enabled
 .text.z_log_dropped
                0x000032e0       0x3c zephyr/libzephyr.a(log_core.c.obj)
                0x000032e0                z_log_dropped
 .text.z_log_dropped_read_and_clear
                0x0000331c       0x20 zephyr/libzephyr.a(log_core.c.obj)
                0x0000331c                z_log_dropped_read_and_clear
 .text.dropped_notify
                0x0000333c       0x44 zephyr/libzephyr.a(log_core.c.obj)
                0x0000333c                dropped_notify
 .text.z_log_dropped_pending
                0x00003380       0x14 zephyr/libzephyr.a(log_core.c.obj)
                0x00003380                z_log_dropped_pending
 .text.z_log_strdup
                0x00003394       0x60 zephyr/libzephyr.a(log_core.c.obj)
                0x00003394                z_log_strdup
 .text.log_is_strdup
                0x000033f4       0x24 zephyr/libzephyr.a(log_core.c.obj)
                0x000033f4                log_is_strdup
 .text.detect_missed_strdup
                0x00003418       0xa8 zephyr/libzephyr.a(log_core.c.obj)
 .text.msg_process
                0x000034c0       0x64 zephyr/libzephyr.a(log_core.c.obj)
 .text.z_impl_log_process
                0x00003524       0x54 zephyr/libzephyr.a(log_core.c.obj)
                0x00003524                z_impl_log_process
 .text.z_log_msg_post_finalize
                0x00003578       0x90 zephyr/libzephyr.a(log_core.c.obj)
 .text.log_3    0x00003608       0x7c zephyr/libzephyr.a(log_core.c.obj)
                0x00003608                log_3
 .text.log_1    0x00003684       0x6c zephyr/libzephyr.a(log_core.c.obj)
                0x00003684                log_1
 .text.log_2    0x000036f0       0x78 zephyr/libzephyr.a(log_core.c.obj)
                0x000036f0                log_2
 .text.log_0    0x00003768       0x60 zephyr/libzephyr.a(log_core.c.obj)
                0x00003768                log_0
 .text.z_log_printk
                0x000037c8       0x60 zephyr/libzephyr.a(log_core.c.obj)
                0x000037c8                z_log_printk
 .text.z_impl_log_panic
                0x00003828       0x58 zephyr/libzephyr.a(log_core.c.obj)
                0x00003828                z_impl_log_panic
 .text.log_process_thread_func
                0x00003880       0x30 zephyr/libzephyr.a(log_core.c.obj)
 .text.z_log_free
                0x000038b0       0x38 zephyr/libzephyr.a(log_core.c.obj)
                0x000038b0                z_log_free
 .text.log_source_name_get
                0x000038e8       0x20 zephyr/libzephyr.a(log_mgmt.c.obj)
                0x000038e8                log_source_name_get
 .text.log_backend_enable
                0x00003908       0x24 zephyr/libzephyr.a(log_mgmt.c.obj)
                0x00003908                log_backend_enable
 .text.cont_free
                0x0000392c       0x20 zephyr/libzephyr.a(log_msg.c.obj)
 .text.log_msg_pool_init
                0x0000394c       0x18 zephyr/libzephyr.a(log_msg.c.obj)
                0x0000394c                log_msg_pool_init
 .text.log_msg_no_space_handle
                0x00003964       0x30 zephyr/libzephyr.a(log_msg.c.obj)
                0x00003964                log_msg_no_space_handle
 .text.log_msg_chunk_alloc
                0x00003994       0x38 zephyr/libzephyr.a(log_msg.c.obj)
                0x00003994                log_msg_chunk_alloc
 .text.msg_free
                0x000039cc       0x80 zephyr/libzephyr.a(log_msg.c.obj)
 .text.print_formatted
                0x00003a4c       0x24 zephyr/libzephyr.a(log_output.c.obj)
 .text.timestamp_print
                0x00003a70       0x8c zephyr/libzephyr.a(log_output.c.obj)
 .text.color_print
                0x00003afc       0x2c zephyr/libzephyr.a(log_output.c.obj)
 .text.newline_print
                0x00003b28       0x28 zephyr/libzephyr.a(log_output.c.obj)
 .text.hexdump_line_print
                0x00003b50       0xc4 zephyr/libzephyr.a(log_output.c.obj)
 .text.ids_print
                0x00003c14       0x6c zephyr/libzephyr.a(log_output.c.obj)
 .text.prefix_print
                0x00003c80       0x78 zephyr/libzephyr.a(log_output.c.obj)
 .text.hexdump_print
                0x00003cf8       0x54 zephyr/libzephyr.a(log_output.c.obj)
 .text.raw_string_print
                0x00003d4c       0x5c zephyr/libzephyr.a(log_output.c.obj)
 .text.log_output_dropped_process
                0x00003da8       0x58 zephyr/libzephyr.a(log_output.c.obj)
                0x00003da8                log_output_dropped_process
 .text.log_output_timestamp_freq_set
                0x00003e00       0x2c zephyr/libzephyr.a(log_output.c.obj)
                0x00003e00                log_output_timestamp_freq_set
 .text.log_backend_rtt_init
                0x00003e2c        0xc zephyr/libzephyr.a(log_backend_rtt.c.obj)
 .text.on_failed_write
                0x00003e38       0x30 zephyr/libzephyr.a(log_backend_rtt.c.obj)
 .text.on_write
                0x00003e68       0x38 zephyr/libzephyr.a(log_backend_rtt.c.obj)
 .text.data_out_block_mode
                0x00003ea0       0x88 zephyr/libzephyr.a(log_backend_rtt.c.obj)
 .text.panic    0x00003f28       0x18 zephyr/libzephyr.a(log_backend_rtt.c.obj)
 .text.dropped  0x00003f40       0x10 zephyr/libzephyr.a(log_backend_rtt.c.obj)
 .text.put      0x00003f50       0x20 zephyr/libzephyr.a(log_backend_rtt.c.obj)
 .text.pm_system_resume
                0x00003f70       0xcc zephyr/libzephyr.a(pm.c.obj)
                0x00003f70                pm_system_resume
 .text.pm_system_suspend
                0x0000403c      0x17c zephyr/libzephyr.a(pm.c.obj)
                0x0000403c                pm_system_suspend
 .text.z_arm_cpu_idle_init
                0x000041b8        0xc zephyr/arch/arch/arm/core/aarch32/libarch__arm__core__aarch32.a(cpu_idle.S.obj)
                0x000041b8                z_arm_cpu_idle_init
 .text.arch_cpu_idle
                0x000041c4       0x1c zephyr/arch/arch/arm/core/aarch32/libarch__arm__core__aarch32.a(cpu_idle.S.obj)
                0x000041c4                arch_cpu_idle
 .text.arch_cpu_atomic_idle
                0x000041e0       0x14 zephyr/arch/arch/arm/core/aarch32/libarch__arm__core__aarch32.a(cpu_idle.S.obj)
                0x000041e0                arch_cpu_atomic_idle
 .text.esf_dump
                0x000041f4       0x9c zephyr/arch/arch/arm/core/aarch32/libarch__arm__core__aarch32.a(fatal.c.obj)
 .text.arch_irq_enable
                0x00004290       0x20 zephyr/arch/arch/arm/core/aarch32/libarch__arm__core__aarch32.a(irq_manage.c.obj)
                0x00004290                arch_irq_enable
 .text.arch_irq_disable
                0x000042b0       0x28 zephyr/arch/arch/arm/core/aarch32/libarch__arm__core__aarch32.a(irq_manage.c.obj)
                0x000042b0                arch_irq_disable
 .text.arch_irq_is_enabled
                0x000042d8       0x1c zephyr/arch/arch/arm/core/aarch32/libarch__arm__core__aarch32.a(irq_manage.c.obj)
                0x000042d8                arch_irq_is_enabled
 .text.z_arm_irq_priority_set
                0x000042f4       0x2c zephyr/arch/arch/arm/core/aarch32/libarch__arm__core__aarch32.a(irq_manage.c.obj)
                0x000042f4                z_arm_irq_priority_set
 .text.z_SysNmiOnReset
                0x00004320        0x8 zephyr/arch/arch/arm/core/aarch32/libarch__arm__core__aarch32.a(nmi_on_reset.S.obj)
                0x00004320                z_SysNmiOnReset
 .text.z_arm_prep_c
                0x00004328       0x38 zephyr/arch/arch/arm/core/aarch32/libarch__arm__core__aarch32.a(prep_c.c.obj)
                0x00004328                z_arm_prep_c
 .text.arch_swap
                0x00004360       0x38 zephyr/arch/arch/arm/core/aarch32/libarch__arm__core__aarch32.a(swap.c.obj)
                0x00004360                arch_swap
 .text.z_arm_pendsv
                0x00004398       0x58 zephyr/arch/arch/arm/core/aarch32/libarch__arm__core__aarch32.a(swap_helper.S.obj)
                0x00004398                z_arm_pendsv
 .text.z_arm_svc
                0x000043f0       0x20 zephyr/arch/arch/arm/core/aarch32/libarch__arm__core__aarch32.a(swap_helper.S.obj)
                0x000043f0                z_arm_svc
 .text.arch_new_thread
                0x00004410       0x40 zephyr/arch/arch/arm/core/aarch32/libarch__arm__core__aarch32.a(thread.c.obj)
                0x00004410                arch_new_thread
 .text.z_check_thread_stack_fail
                0x00004450       0x60 zephyr/arch/arch/arm/core/aarch32/libarch__arm__core__aarch32.a(thread.c.obj)
                0x00004450                z_check_thread_stack_fail
 .text.arch_switch_to_main_thread
                0x000044b0       0x2c zephyr/arch/arch/arm/core/aarch32/libarch__arm__core__aarch32.a(thread.c.obj)
                0x000044b0                arch_switch_to_main_thread
 .text._isr_wrapper
                0x000044dc       0x40 zephyr/arch/arch/arm/core/aarch32/libarch__arm__core__aarch32.a(isr_wrapper.S.obj)
                0x000044dc                _isr_wrapper
 .text._HandlerModeExit
                0x0000451c       0x1c zephyr/arch/arch/arm/core/aarch32/cortex_m/libarch__arm__core__aarch32__cortex_m.a(exc_exit.S.obj)
                0x0000451c                z_arm_int_exit
                0x0000451c                z_arm_exc_exit
 .text.usage_fault
                0x00004538      0x164 zephyr/arch/arch/arm/core/aarch32/cortex_m/libarch__arm__core__aarch32__cortex_m.a(fault.c.obj)
 .text.debug_monitor
                0x0000469c       0x34 zephyr/arch/arch/arm/core/aarch32/cortex_m/libarch__arm__core__aarch32__cortex_m.a(fault.c.obj)
 .text.bus_fault
                0x000046d0      0x1b0 zephyr/arch/arch/arm/core/aarch32/cortex_m/libarch__arm__core__aarch32__cortex_m.a(fault.c.obj)
 .text.mem_manage_fault
                0x00004880      0x1c4 zephyr/arch/arch/arm/core/aarch32/cortex_m/libarch__arm__core__aarch32__cortex_m.a(fault.c.obj)
 .text.hard_fault
                0x00004a44      0x14c zephyr/arch/arch/arm/core/aarch32/cortex_m/libarch__arm__core__aarch32__cortex_m.a(fault.c.obj)
 .text.reserved_exception
                0x00004b90       0x48 zephyr/arch/arch/arm/core/aarch32/cortex_m/libarch__arm__core__aarch32__cortex_m.a(fault.c.obj)
 .text.z_arm_fault
                0x00004bd8       0xd0 zephyr/arch/arch/arm/core/aarch32/cortex_m/libarch__arm__core__aarch32__cortex_m.a(fault.c.obj)
                0x00004bd8                z_arm_fault
 .text.z_arm_fault_init
                0x00004ca8       0x10 zephyr/arch/arch/arm/core/aarch32/cortex_m/libarch__arm__core__aarch32__cortex_m.a(fault.c.obj)
                0x00004ca8                z_arm_fault_init
 .text.__fault  0x00004cb8       0x14 zephyr/arch/arch/arm/core/aarch32/cortex_m/libarch__arm__core__aarch32__cortex_m.a(fault_s.S.obj)
                0x00004cb8                z_arm_usage_fault
                0x00004cb8                z_arm_mpu_fault
                0x00004cb8                z_arm_exc_spurious
                0x00004cb8                z_arm_debug_monitor
                0x00004cb8                z_arm_hard_fault
                0x00004cb8                z_arm_bus_fault
 .text.z_arm_interrupt_init
                0x00004ccc       0x34 zephyr/arch/arch/arm/core/aarch32/cortex_m/libarch__arm__core__aarch32__cortex_m.a(irq_init.c.obj)
                0x00004ccc                z_arm_interrupt_init
 .text._reset_section
                0x00004d00       0x54 zephyr/arch/arch/arm/core/aarch32/cortex_m/libarch__arm__core__aarch32__cortex_m.a(reset.S.obj)
                0x00004d00                __start
                0x00004d00                z_arm_reset
 .text.z_arm_clear_arm_mpu_config
                0x00004d54       0x20 zephyr/arch/arch/arm/core/aarch32/cortex_m/libarch__arm__core__aarch32__cortex_m.a(scb.c.obj)
                0x00004d54                z_arm_clear_arm_mpu_config
 .text.z_arm_init_arch_hw_at_boot
                0x00004d74       0x54 zephyr/arch/arch/arm/core/aarch32/cortex_m/libarch__arm__core__aarch32__cortex_m.a(scb.c.obj)
                0x00004d74                z_arm_init_arch_hw_at_boot
 .text.z_impl_k_thread_abort
                0x00004dc8       0x2c zephyr/arch/arch/arm/core/aarch32/cortex_m/libarch__arm__core__aarch32__cortex_m.a(thread_abort.c.obj)
                0x00004dc8                z_impl_k_thread_abort
 .text.z_arm_configure_static_mpu_regions
                0x00004df4       0x1c zephyr/arch/arch/arm/core/aarch32/mpu/libarch__arm__core__aarch32__mpu.a(arm_core_mpu.c.obj)
                0x00004df4                z_arm_configure_static_mpu_regions
 .text.z_arm_configure_dynamic_mpu_regions
                0x00004e10       0x24 zephyr/arch/arch/arm/core/aarch32/mpu/libarch__arm__core__aarch32__mpu.a(arm_core_mpu.c.obj)
                0x00004e10                z_arm_configure_dynamic_mpu_regions
 .text.region_init
                0x00004e34       0x20 zephyr/arch/arch/arm/core/aarch32/mpu/libarch__arm__core__aarch32__mpu.a(arm_mpu.c.obj)
 .text.region_allocate_and_init
                0x00004e54       0x44 zephyr/arch/arch/arm/core/aarch32/mpu/libarch__arm__core__aarch32__mpu.a(arm_mpu.c.obj)
 .text.mpu_configure_regions
                0x00004e98       0x80 zephyr/arch/arch/arm/core/aarch32/mpu/libarch__arm__core__aarch32__mpu.a(arm_mpu.c.obj)
 .text.mpu_configure_static_mpu_regions
                0x00004f18       0x14 zephyr/arch/arch/arm/core/aarch32/mpu/libarch__arm__core__aarch32__mpu.a(arm_mpu.c.obj)
 .text.mpu_configure_dynamic_mpu_regions
                0x00004f2c       0x30 zephyr/arch/arch/arm/core/aarch32/mpu/libarch__arm__core__aarch32__mpu.a(arm_mpu.c.obj)
 .text.arm_core_mpu_enable
                0x00004f5c       0x14 zephyr/arch/arch/arm/core/aarch32/mpu/libarch__arm__core__aarch32__mpu.a(arm_mpu.c.obj)
                0x00004f5c                arm_core_mpu_enable
 .text.arm_core_mpu_disable
                0x00004f70       0x10 zephyr/arch/arch/arm/core/aarch32/mpu/libarch__arm__core__aarch32__mpu.a(arm_mpu.c.obj)
                0x00004f70                arm_core_mpu_disable
 .text.z_arm_mpu_init
                0x00004f80       0x44 zephyr/arch/arch/arm/core/aarch32/mpu/libarch__arm__core__aarch32__mpu.a(arm_mpu.c.obj)
                0x00004f80                z_arm_mpu_init
 .text.__stdout_hook_install
                0x00004fc4        0xc zephyr/lib/libc/newlib/liblib__libc__newlib.a(libc-hooks.c.obj)
                0x00004fc4                __stdout_hook_install
 .text.nordicsemi_nrf52_init
                0x00004fd0       0x28 zephyr/soc/arm/nordic_nrf/nrf52/libsoc__arm__nordic_nrf__nrf52.a(soc.c.obj)
 .text.sys_arch_reboot
                0x00004ff8       0x2c zephyr/soc/arm/nordic_nrf/nrf52/libsoc__arm__nordic_nrf__nrf52.a(soc.c.obj)
                0x00004ff8                sys_arch_reboot
 .text.arch_busy_wait
                0x00005024       0x18 zephyr/soc/arm/nordic_nrf/nrf52/libsoc__arm__nordic_nrf__nrf52.a(soc.c.obj)
                0x00005024                arch_busy_wait
 .text.get_hf_flags
                0x0000503c        0x8 zephyr/drivers/clock_control/libdrivers__clock_control.a(clock_control_nrf.c.obj)
 .text.get_subsys
                0x00005044       0x18 zephyr/drivers/clock_control/libdrivers__clock_control.a(clock_control_nrf.c.obj)
 .text.onoff_stop
                0x0000505c       0x20 zephyr/drivers/clock_control/libdrivers__clock_control.a(clock_control_nrf.c.obj)
 .text.onoff_start
                0x0000507c       0x34 zephyr/drivers/clock_control/libdrivers__clock_control.a(clock_control_nrf.c.obj)
 .text.clock_event_handler
                0x000050b0       0x34 zephyr/drivers/clock_control/libdrivers__clock_control.a(clock_control_nrf.c.obj)
 .text.generic_hfclk_start
                0x000050e4       0x68 zephyr/drivers/clock_control/libdrivers__clock_control.a(clock_control_nrf.c.obj)
 .text.generic_hfclk_stop
                0x0000514c       0x30 zephyr/drivers/clock_control/libdrivers__clock_control.a(clock_control_nrf.c.obj)
 .text.api_blocking_start
                0x0000517c       0x38 zephyr/drivers/clock_control/libdrivers__clock_control.a(clock_control_nrf.c.obj)
 .text.lfclk_start
                0x000051b4       0x24 zephyr/drivers/clock_control/libdrivers__clock_control.a(clock_control_nrf.c.obj)
 .text.clk_init
                0x000051d8       0x68 zephyr/drivers/clock_control/libdrivers__clock_control.a(clock_control_nrf.c.obj)
 .text.lfclk_spinwait
                0x00005240       0xe8 zephyr/drivers/clock_control/libdrivers__clock_control.a(clock_control_nrf.c.obj)
 .text.z_nrf_clock_control_lf_on
                0x00005328       0x54 zephyr/drivers/clock_control/libdrivers__clock_control.a(clock_control_nrf.c.obj)
                0x00005328                z_nrf_clock_control_lf_on
 .text.rtt_console_init
                0x0000537c       0x18 zephyr/drivers/console/libdrivers__console.a(rtt_console.c.obj)
 .text.rtt_console_out
                0x00005394       0x64 zephyr/drivers/console/libdrivers__console.a(rtt_console.c.obj)
 .text.get_drive
                0x000053f8       0x8c zephyr/drivers/gpio/libdrivers__gpio.a(gpio_nrfx.c.obj)
 .text.get_dev  0x00005484       0x10 zephyr/drivers/gpio/libdrivers__gpio.a(gpio_nrfx.c.obj)
 .text.gpio_nrfx_pin_interrupt_configure
                0x00005494       0xbc zephyr/drivers/gpio/libdrivers__gpio.a(gpio_nrfx.c.obj)
 .text.pin_uninit
                0x00005550       0x48 zephyr/drivers/gpio/libdrivers__gpio.a(gpio_nrfx.c.obj)
 .text.gpio_nrfx_pin_configure
                0x00005598      0x104 zephyr/drivers/gpio/libdrivers__gpio.a(gpio_nrfx.c.obj)
 .text.gpio_nrfx_init
                0x0000569c       0x3c zephyr/drivers/gpio/libdrivers__gpio.a(gpio_nrfx.c.obj)
 .text.configure
                0x000056d8      0x25c zephyr/drivers/spi/libdrivers__spi.a(spi_nrfx_spi.c.obj)
 .text.spi_0_init
                0x00005934      0x11c zephyr/drivers/spi/libdrivers__spi.a(spi_nrfx_spi.c.obj)
 .text.transfer_next_chunk
                0x00005a50       0xe4 zephyr/drivers/spi/libdrivers__spi.a(spi_nrfx_spi.c.obj)
 .text.transceive
                0x00005b34      0x1a8 zephyr/drivers/spi/libdrivers__spi.a(spi_nrfx_spi.c.obj)
 .text.event_handler
                0x00005cdc       0xf0 zephyr/drivers/spi/libdrivers__spi.a(spi_nrfx_spi.c.obj)
 .text.set_comparator
                0x00005dcc       0x14 zephyr/drivers/timer/libdrivers__timer.a(nrf_rtc_timer.c.obj)
 .text.get_comparator
                0x00005de0       0x10 zephyr/drivers/timer/libdrivers__timer.a(nrf_rtc_timer.c.obj)
 .text.event_enable
                0x00005df0       0x14 zephyr/drivers/timer/libdrivers__timer.a(nrf_rtc_timer.c.obj)
 .text.event_disable
                0x00005e04       0x14 zephyr/drivers/timer/libdrivers__timer.a(nrf_rtc_timer.c.obj)
 .text.counter  0x00005e18        0xc zephyr/drivers/timer/libdrivers__timer.a(nrf_rtc_timer.c.obj)
 .text.compare_int_lock
                0x00005e24       0x50 zephyr/drivers/timer/libdrivers__timer.a(nrf_rtc_timer.c.obj)
 .text.channel_processing_check_and_clear
                0x00005e74       0x78 zephyr/drivers/timer/libdrivers__timer.a(nrf_rtc_timer.c.obj)
 .text.compare_int_unlock
                0x00005eec       0x60 zephyr/drivers/timer/libdrivers__timer.a(nrf_rtc_timer.c.obj)
 .text.sys_clock_timeout_handler
                0x00005f4c       0x74 zephyr/drivers/timer/libdrivers__timer.a(nrf_rtc_timer.c.obj)
 .text.z_nrf_rtc_timer_read
                0x00005fc0       0x40 zephyr/drivers/timer/libdrivers__timer.a(nrf_rtc_timer.c.obj)
                0x00005fc0                z_nrf_rtc_timer_read
 .text.compare_set_nolocks
                0x00006000       0xa4 zephyr/drivers/timer/libdrivers__timer.a(nrf_rtc_timer.c.obj)
 .text.sys_clock_driver_init
                0x000060a4       0x9c zephyr/drivers/timer/libdrivers__timer.a(nrf_rtc_timer.c.obj)
 .text.process_channel
                0x00006140       0x74 zephyr/drivers/timer/libdrivers__timer.a(nrf_rtc_timer.c.obj)
 .text.rtc_nrf_isr
                0x000061b4       0x44 zephyr/drivers/timer/libdrivers__timer.a(nrf_rtc_timer.c.obj)
                0x000061b4                rtc_nrf_isr
 .text.sys_clock_set_timeout
                0x000061f8       0x68 zephyr/drivers/timer/libdrivers__timer.a(nrf_rtc_timer.c.obj)
                0x000061f8                sys_clock_set_timeout
 .text.sys_clock_elapsed
                0x00006260       0x14 zephyr/drivers/timer/libdrivers__timer.a(nrf_rtc_timer.c.obj)
                0x00006260                sys_clock_elapsed
 .text.k_sys_fatal_error_handler
                0x00006274       0x38 modules/nrf/lib/fatal_error/lib..__nrf__lib__fatal_error.a(fatal_error.c.obj)
                0x00006274                k_sys_fatal_error_handler
 .text.nrf52_errata_12
                0x000062ac       0x24 modules/hal_nordic/nrfx/libmodules__hal_nordic__nrfx.a(system_nrf52.c.obj)
 .text.nrf52_errata_16
                0x000062d0       0x2c modules/hal_nordic/nrfx/libmodules__hal_nordic__nrfx.a(system_nrf52.c.obj)
 .text.nrf52_errata_31
                0x000062fc       0x24 modules/hal_nordic/nrfx/libmodules__hal_nordic__nrfx.a(system_nrf52.c.obj)
 .text.nrf52_errata_32
                0x00006320       0x2c modules/hal_nordic/nrfx/libmodules__hal_nordic__nrfx.a(system_nrf52.c.obj)
 .text.nrf52_errata_36
                0x0000634c       0x24 modules/hal_nordic/nrfx/libmodules__hal_nordic__nrfx.a(system_nrf52.c.obj)
 .text.nrf52_errata_37
                0x00006370       0x2c modules/hal_nordic/nrfx/libmodules__hal_nordic__nrfx.a(system_nrf52.c.obj)
 .text.nrf52_errata_57
                0x0000639c       0x2c modules/hal_nordic/nrfx/libmodules__hal_nordic__nrfx.a(system_nrf52.c.obj)
 .text.nrf52_errata_66
                0x000063c8       0x44 modules/hal_nordic/nrfx/libmodules__hal_nordic__nrfx.a(system_nrf52.c.obj)
 .text.nrf52_errata_108
                0x0000640c       0x24 modules/hal_nordic/nrfx/libmodules__hal_nordic__nrfx.a(system_nrf52.c.obj)
 .text.nrf52_errata_136
                0x00006430       0x24 modules/hal_nordic/nrfx/libmodules__hal_nordic__nrfx.a(system_nrf52.c.obj)
 .text.nrf52_errata_182
                0x00006454       0x2c modules/hal_nordic/nrfx/libmodules__hal_nordic__nrfx.a(system_nrf52.c.obj)
 .text.nrf52_configuration_249
                0x00006480       0x2c modules/hal_nordic/nrfx/libmodules__hal_nordic__nrfx.a(system_nrf52.c.obj)
 .text.SystemCoreClockUpdate
                0x000064ac       0x10 modules/hal_nordic/nrfx/libmodules__hal_nordic__nrfx.a(system_nrf52.c.obj)
                0x000064ac                SystemCoreClockUpdate
 .text.SystemInit
                0x000064bc      0x1ac modules/hal_nordic/nrfx/libmodules__hal_nordic__nrfx.a(system_nrf52.c.obj)
                0x000064bc                SystemInit
 .text.nrfx_flag32_alloc
                0x00006668       0x48 modules/hal_nordic/nrfx/libmodules__hal_nordic__nrfx.a(nrfx_flag32_allocator.c.obj)
                0x00006668                nrfx_flag32_alloc
 .text.nrfx_flag32_free
                0x000066b0       0x48 modules/hal_nordic/nrfx/libmodules__hal_nordic__nrfx.a(nrfx_flag32_allocator.c.obj)
                0x000066b0                nrfx_flag32_free
 .text.nrfx_clock_anomaly_132
                0x000066f8       0x38 modules/hal_nordic/nrfx/libmodules__hal_nordic__nrfx.a(nrfx_clock.c.obj)
 .text.nrfx_clock_init
                0x00006730       0x28 modules/hal_nordic/nrfx/libmodules__hal_nordic__nrfx.a(nrfx_clock.c.obj)
                0x00006730                nrfx_clock_init
 .text.nrfx_clock_start
                0x00006758       0x7c modules/hal_nordic/nrfx/libmodules__hal_nordic__nrfx.a(nrfx_clock.c.obj)
                0x00006758                nrfx_clock_start
 .text.nrfx_clock_stop
                0x000067d4      0x118 modules/hal_nordic/nrfx/libmodules__hal_nordic__nrfx.a(nrfx_clock.c.obj)
                0x000067d4                nrfx_clock_stop
 .text.nrfx_power_clock_irq_handler
                0x000068ec       0x7c modules/hal_nordic/nrfx/libmodules__hal_nordic__nrfx.a(nrfx_clock.c.obj)
                0x000068ec                nrfx_power_clock_irq_handler
 .text.pin_in_use
                0x00006968       0x14 modules/hal_nordic/nrfx/libmodules__hal_nordic__nrfx.a(nrfx_gpiote.c.obj)
 .text.pin_in_use_by_te
                0x0000697c       0x14 modules/hal_nordic/nrfx/libmodules__hal_nordic__nrfx.a(nrfx_gpiote.c.obj)
 .text.pin_has_trigger
                0x00006990       0x18 modules/hal_nordic/nrfx/libmodules__hal_nordic__nrfx.a(nrfx_gpiote.c.obj)
 .text.pin_is_output
                0x000069a8       0x14 modules/hal_nordic/nrfx/libmodules__hal_nordic__nrfx.a(nrfx_gpiote.c.obj)
 .text.pin_te_get
                0x000069bc       0x10 modules/hal_nordic/nrfx/libmodules__hal_nordic__nrfx.a(nrfx_gpiote.c.obj)
 .text.handler_in_use
                0x000069cc       0x34 modules/hal_nordic/nrfx/libmodules__hal_nordic__nrfx.a(nrfx_gpiote.c.obj)
 .text.find_handler
                0x00006a00       0x2c modules/hal_nordic/nrfx/libmodules__hal_nordic__nrfx.a(nrfx_gpiote.c.obj)
 .text.channel_handler_get
                0x00006a2c       0x20 modules/hal_nordic/nrfx/libmodules__hal_nordic__nrfx.a(nrfx_gpiote.c.obj)
 .text.call_handler
                0x00006a4c       0x2c modules/hal_nordic/nrfx/libmodules__hal_nordic__nrfx.a(nrfx_gpiote.c.obj)
 .text.release_handler
                0x00006a78       0x44 modules/hal_nordic/nrfx/libmodules__hal_nordic__nrfx.a(nrfx_gpiote.c.obj)
 .text.pin_handler_trigger_uninit
                0x00006abc       0x38 modules/hal_nordic/nrfx/libmodules__hal_nordic__nrfx.a(nrfx_gpiote.c.obj)
 .text.pin_handler_set
                0x00006af4       0x6c modules/hal_nordic/nrfx/libmodules__hal_nordic__nrfx.a(nrfx_gpiote.c.obj)
 .text.port_event_handle
                0x00006b60       0xa4 modules/hal_nordic/nrfx/libmodules__hal_nordic__nrfx.a(nrfx_gpiote.c.obj)
 .text.gpiote_evt_handle
                0x00006c04       0x40 modules/hal_nordic/nrfx/libmodules__hal_nordic__nrfx.a(nrfx_gpiote.c.obj)
 .text.nrfx_gpiote_input_configure
                0x00006c44      0x160 modules/hal_nordic/nrfx/libmodules__hal_nordic__nrfx.a(nrfx_gpiote.c.obj)
                0x00006c44                nrfx_gpiote_input_configure
 .text.nrfx_gpiote_output_configure
                0x00006da4      0x170 modules/hal_nordic/nrfx/libmodules__hal_nordic__nrfx.a(nrfx_gpiote.c.obj)
                0x00006da4                nrfx_gpiote_output_configure
 .text.nrfx_gpiote_global_callback_set
                0x00006f14        0xc modules/hal_nordic/nrfx/libmodules__hal_nordic__nrfx.a(nrfx_gpiote.c.obj)
                0x00006f14                nrfx_gpiote_global_callback_set
 .text.nrfx_gpiote_channel_get
                0x00006f20       0x30 modules/hal_nordic/nrfx/libmodules__hal_nordic__nrfx.a(nrfx_gpiote.c.obj)
                0x00006f20                nrfx_gpiote_channel_get
 .text.nrfx_gpiote_init
                0x00006f50       0x54 modules/hal_nordic/nrfx/libmodules__hal_nordic__nrfx.a(nrfx_gpiote.c.obj)
                0x00006f50                nrfx_gpiote_init
 .text.nrfx_gpiote_is_init
                0x00006fa4       0x14 modules/hal_nordic/nrfx/libmodules__hal_nordic__nrfx.a(nrfx_gpiote.c.obj)
                0x00006fa4                nrfx_gpiote_is_init
 .text.nrfx_gpiote_channel_free
                0x00006fb8       0x10 modules/hal_nordic/nrfx/libmodules__hal_nordic__nrfx.a(nrfx_gpiote.c.obj)
                0x00006fb8                nrfx_gpiote_channel_free
 .text.nrfx_gpiote_channel_alloc
                0x00006fc8       0x10 modules/hal_nordic/nrfx/libmodules__hal_nordic__nrfx.a(nrfx_gpiote.c.obj)
                0x00006fc8                nrfx_gpiote_channel_alloc
 .text.nrfx_gpiote_trigger_enable
                0x00006fd8       0xb0 modules/hal_nordic/nrfx/libmodules__hal_nordic__nrfx.a(nrfx_gpiote.c.obj)
                0x00006fd8                nrfx_gpiote_trigger_enable
 .text.nrfx_gpiote_trigger_disable
                0x00007088       0x54 modules/hal_nordic/nrfx/libmodules__hal_nordic__nrfx.a(nrfx_gpiote.c.obj)
                0x00007088                nrfx_gpiote_trigger_disable
 .text.nrfx_gpiote_pin_uninit
                0x000070dc       0x38 modules/hal_nordic/nrfx/libmodules__hal_nordic__nrfx.a(nrfx_gpiote.c.obj)
                0x000070dc                nrfx_gpiote_pin_uninit
 .text.nrfx_gpiote_irq_handler
                0x00007114       0x60 modules/hal_nordic/nrfx/libmodules__hal_nordic__nrfx.a(nrfx_gpiote.c.obj)
                0x00007114                nrfx_gpiote_irq_handler
 .text.nrfx_spi_init
                0x00007174       0xb4 modules/hal_nordic/nrfx/libmodules__hal_nordic__nrfx.a(nrfx_spi.c.obj)
                0x00007174                nrfx_spi_init
 .text.nrfx_spi_uninit
                0x00007228       0xb4 modules/hal_nordic/nrfx/libmodules__hal_nordic__nrfx.a(nrfx_spi.c.obj)
                0x00007228                nrfx_spi_uninit
 .text.nrfx_spi_xfer
                0x000072dc       0xa0 modules/hal_nordic/nrfx/libmodules__hal_nordic__nrfx.a(nrfx_spi.c.obj)
                0x000072dc                nrfx_spi_xfer
 .text.nrfx_spi_0_irq_handler
                0x0000737c       0x14 modules/hal_nordic/nrfx/libmodules__hal_nordic__nrfx.a(nrfx_spi.c.obj)
                0x0000737c                nrfx_spi_0_irq_handler
 .text._DoInit  0x00007390       0x60 modules/segger/libmodules__segger.a(SEGGER_RTT.c.obj)
 .text.SEGGER_RTT_WriteSkipNoLock
                0x000073f0       0xc8 modules/segger/libmodules__segger.a(SEGGER_RTT.c.obj)
                0x000073f0                SEGGER_RTT_WriteSkipNoLock
 .text.SEGGER_RTT_WriteNoLock
                0x000074b8       0x6c modules/segger/libmodules__segger.a(SEGGER_RTT.c.obj)
                0x000074b8                SEGGER_RTT_WriteNoLock
 .text.SEGGER_RTT_HasDataUp
                0x00007524       0x20 modules/segger/libmodules__segger.a(SEGGER_RTT.c.obj)
                0x00007524                SEGGER_RTT_HasDataUp
 .text.z_device_state_init
                0x00007544       0x18 zephyr/kernel/libkernel.a(device.c.obj)
                0x00007544                z_device_state_init
 .text.z_sys_init_run_level
                0x0000755c       0x50 zephyr/kernel/libkernel.a(device.c.obj)
                0x0000755c                z_sys_init_run_level
 .text.z_impl_device_get_binding
                0x000075ac       0x64 zephyr/kernel/libkernel.a(device.c.obj)
                0x000075ac                z_impl_device_get_binding
 .text.z_impl_z_errno
                0x00007610        0xc zephyr/kernel/libkernel.a(errno.c.obj)
                0x00007610                z_impl_z_errno
 .text.reason_to_str
                0x0000761c       0x40 zephyr/kernel/libkernel.a(fatal.c.obj)
 .text.thread_name_get
                0x0000765c       0x20 zephyr/kernel/libkernel.a(fatal.c.obj)
 .text.z_fatal_error
                0x0000767c       0xdc zephyr/kernel/libkernel.a(fatal.c.obj)
                0x0000767c                z_fatal_error
 .text.init_idle_thread
                0x00007758       0x70 zephyr/kernel/libkernel.a(init.c.obj)
 .text.prepare_multithreading
                0x000077c8       0x94 zephyr/kernel/libkernel.a(init.c.obj)
 .text.bg_thread_main
                0x0000785c       0x34 zephyr/kernel/libkernel.a(init.c.obj)
 .text.switch_to_main_thread
                0x00007890       0x14 zephyr/kernel/libkernel.a(init.c.obj)
 .text.z_bss_zero
                0x000078a4       0x18 zephyr/kernel/libkernel.a(init.c.obj)
                0x000078a4                z_bss_zero
 .text.z_cstart
                0x000078bc       0x88 zephyr/kernel/libkernel.a(init.c.obj)
                0x000078bc                z_cstart
 .text.init_mem_slab_module
                0x00007944       0x24 zephyr/kernel/libkernel.a(mem_slab.c.obj)
 .text.k_mem_slab_alloc
                0x00007968       0x6c zephyr/kernel/libkernel.a(mem_slab.c.obj)
                0x00007968                k_mem_slab_alloc
 .text.z_thread_monitor_exit
                0x000079d4       0x40 zephyr/kernel/libkernel.a(thread.c.obj)
                0x000079d4                z_thread_monitor_exit
 .text.z_impl_k_thread_name_set
                0x00007a14       0x24 zephyr/kernel/libkernel.a(thread.c.obj)
                0x00007a14                z_impl_k_thread_name_set
 .text.schedule_new_thread
                0x00007a38       0x24 zephyr/kernel/libkernel.a(thread.c.obj)
 .text.z_setup_new_thread
                0x00007a5c       0xc8 zephyr/kernel/libkernel.a(thread.c.obj)
                0x00007a5c                z_setup_new_thread
 .text.z_init_static_threads
                0x00007b24       0x9c zephyr/kernel/libkernel.a(thread.c.obj)
                0x00007b24                z_init_static_threads
 .text.idle     0x00007bc0       0x30 zephyr/kernel/libkernel.a(idle.c.obj)
                0x00007bc0                idle
 .text.z_impl_k_mutex_lock
                0x00007bf0      0x114 zephyr/kernel/libkernel.a(mutex.c.obj)
                0x00007bf0                z_impl_k_mutex_lock
 .text.z_impl_k_mutex_unlock
                0x00007d04       0x88 zephyr/kernel/libkernel.a(mutex.c.obj)
                0x00007d04                z_impl_k_mutex_unlock
 .text.z_impl_k_sem_give
                0x00007d8c       0x48 zephyr/kernel/libkernel.a(sem.c.obj)
                0x00007d8c                z_impl_k_sem_give
 .text.z_impl_k_sem_take
                0x00007dd4       0x54 zephyr/kernel/libkernel.a(sem.c.obj)
                0x00007dd4                z_impl_k_sem_take
 .text.add_thread_timeout
                0x00007e28       0x20 zephyr/kernel/libkernel.a(sched.c.obj)
 .text.z_reset_time_slice
                0x00007e48       0x2c zephyr/kernel/libkernel.a(sched.c.obj)
                0x00007e48                z_reset_time_slice
 .text.k_sched_time_slice_set
                0x00007e74       0x78 zephyr/kernel/libkernel.a(sched.c.obj)
                0x00007e74                k_sched_time_slice_set
 .text.z_reschedule
                0x00007eec       0x38 zephyr/kernel/libkernel.a(sched.c.obj)
                0x00007eec                z_reschedule
 .text.k_sched_lock
                0x00007f24       0x30 zephyr/kernel/libkernel.a(sched.c.obj)
                0x00007f24                k_sched_lock
 .text.update_cache
                0x00007f54       0x4c zephyr/kernel/libkernel.a(sched.c.obj)
 .text.move_thread_to_end_of_prio_q
                0x00007fa0       0x88 zephyr/kernel/libkernel.a(sched.c.obj)
 .text.z_time_slice
                0x00008028       0x98 zephyr/kernel/libkernel.a(sched.c.obj)
                0x00008028                z_time_slice
 .text.ready_thread
                0x000080c0       0x80 zephyr/kernel/libkernel.a(sched.c.obj)
 .text.z_sched_start
                0x00008140       0x3c zephyr/kernel/libkernel.a(sched.c.obj)
                0x00008140                z_sched_start
 .text.unready_thread
                0x0000817c       0x38 zephyr/kernel/libkernel.a(sched.c.obj)
 .text.z_pend_curr
                0x000081b4       0x28 zephyr/kernel/libkernel.a(sched.c.obj)
                0x000081b4                z_pend_curr
 .text.z_set_prio
                0x000081dc       0xc0 zephyr/kernel/libkernel.a(sched.c.obj)
                0x000081dc                z_set_prio
 .text.z_impl_k_thread_suspend
                0x0000829c       0x84 zephyr/kernel/libkernel.a(sched.c.obj)
                0x0000829c                z_impl_k_thread_suspend
 .text.k_sched_unlock
                0x00008320       0x4c zephyr/kernel/libkernel.a(sched.c.obj)
                0x00008320                k_sched_unlock
 .text.end_thread
                0x0000836c       0x9c zephyr/kernel/libkernel.a(sched.c.obj)
 .text.z_sched_init
                0x00008408       0x18 zephyr/kernel/libkernel.a(sched.c.obj)
                0x00008408                z_sched_init
 .text.z_impl_k_yield
                0x00008420       0x88 zephyr/kernel/libkernel.a(sched.c.obj)
                0x00008420                z_impl_k_yield
 .text.z_tick_sleep
                0x000084a8       0xa0 zephyr/kernel/libkernel.a(sched.c.obj)
 .text.z_impl_k_sleep
                0x00008548       0x58 zephyr/kernel/libkernel.a(sched.c.obj)
                0x00008548                z_impl_k_sleep
 .text.z_impl_z_current_get
                0x000085a0        0xc zephyr/kernel/libkernel.a(sched.c.obj)
                0x000085a0                z_impl_z_current_get
 .text.z_thread_abort
                0x000085ac       0x50 zephyr/kernel/libkernel.a(sched.c.obj)
                0x000085ac                z_thread_abort
 .text.z_data_copy
                0x000085fc       0x34 zephyr/kernel/libkernel.a(xip.c.obj)
                0x000085fc                z_data_copy
 .text.first    0x00008630       0x14 zephyr/kernel/libkernel.a(timeout.c.obj)
 .text.next     0x00008644       0x18 zephyr/kernel/libkernel.a(timeout.c.obj)
 .text.elapsed  0x0000865c       0x18 zephyr/kernel/libkernel.a(timeout.c.obj)
 .text.next_timeout
                0x00008674       0x4c zephyr/kernel/libkernel.a(timeout.c.obj)
 .text.z_add_timeout
                0x000086c0      0x154 zephyr/kernel/libkernel.a(timeout.c.obj)
                0x000086c0                z_add_timeout
 .text.sys_clock_announce
                0x00008814       0xc4 zephyr/kernel/libkernel.a(timeout.c.obj)
                0x00008814                sys_clock_announce
 .text.sys_clock_tick_get
                0x000088d8       0x40 zephyr/kernel/libkernel.a(timeout.c.obj)
                0x000088d8                sys_clock_tick_get
 .text.z_timer_expiration_handler
                0x00008918       0x94 zephyr/kernel/libkernel.a(timer.c.obj)
                0x00008918                z_timer_expiration_handler
 .text.z_impl_k_timer_start
                0x000089ac       0xe0 zephyr/kernel/libkernel.a(timer.c.obj)
                0x000089ac                z_impl_k_timer_start
 .text.boot_banner
                0x00008a8c       0x1c zephyr/kernel/libkernel.a(banner.c.obj)
                0x00008a8c                boot_banner
 .text.asin     0x00008aa8       0xb0 c:/ncs/v1.9.1/toolchain/opt/arm-none-eabi/lib/thumb/v7e-m/nofp\libm.a(lib_a-w_asin.o)
                0x00008aa8                asin
 .text.atan2    0x00008b58        0x4 c:/ncs/v1.9.1/toolchain/opt/arm-none-eabi/lib/thumb/v7e-m/nofp\libm.a(lib_a-w_atan2.o)
                0x00008b58                atan2
 .text.sqrt     0x00008b5c       0xc0 c:/ncs/v1.9.1/toolchain/opt/arm-none-eabi/lib/thumb/v7e-m/nofp\libm.a(lib_a-w_sqrt.o)
                0x00008b5c                sqrt
 .text.__ieee754_sqrt
                0x00008c1c      0x188 c:/ncs/v1.9.1/toolchain/opt/arm-none-eabi/lib/thumb/v7e-m/nofp\libm.a(lib_a-e_sqrt.o)
                0x00008c1c                __ieee754_sqrt
 .text.fabs     0x00008da4        0x8 c:/ncs/v1.9.1/toolchain/opt/arm-none-eabi/lib/thumb/v7e-m/nofp\libm.a(lib_a-s_fabs.o)
                0x00008da4                fabs
 .text.matherr  0x00008dac        0x4 c:/ncs/v1.9.1/toolchain/opt/arm-none-eabi/lib/thumb/v7e-m/nofp\libm.a(lib_a-s_matherr.o)
                0x00008dac                matherr
 .text.nan      0x00008db0        0xc c:/ncs/v1.9.1/toolchain/opt/arm-none-eabi/lib/thumb/v7e-m/nofp\libm.a(lib_a-s_nan.o)
                0x00008db0                nan
 .text.writeReg_bmx160
                0x00008dbc       0xa2 app/libapp.a(bmx160.c.obj)
                0x00008dbc                writeReg_bmx160
 .text.setAccel_ODR_BWP_bmx160
                0x00008e5e        0xc app/libapp.a(bmx160.c.obj)
                0x00008e5e                setAccel_ODR_BWP_bmx160
 .text.setGyro_ODR_BWP_bmx160
                0x00008e6a        0xc app/libapp.a(bmx160.c.obj)
                0x00008e6a                setGyro_ODR_BWP_bmx160
 .text.setSensorMode_bmx160
                0x00008e76       0x2e app/libapp.a(bmx160.c.obj)
                0x00008e76                setSensorMode_bmx160
 .text.readReg_bmx160
                0x00008ea4       0xaa app/libapp.a(bmx160.c.obj)
                0x00008ea4                readReg_bmx160
 .text.getChipID_bmx160
                0x00008f4e        0xe app/libapp.a(bmx160.c.obj)
                0x00008f4e                getChipID_bmx160
 .text.begin_bmx160
                0x00008f5c       0x6a app/libapp.a(bmx160.c.obj)
                0x00008f5c                begin_bmx160
 .text.quaternion_initialize
                0x00008fc6       0x10 app/libapp.a(quaternion.c.obj)
                0x00008fc6                quaternion_initialize
 .text.quaternion_product
                0x00008fd6      0x136 app/libapp.a(quaternion.c.obj)
                0x00008fd6                quaternion_product
 .text.quaternion_conjugate
                0x0000910c       0x2c app/libapp.a(quaternion.c.obj)
                0x0000910c                quaternion_conjugate
 .text.quaternion_rotate_vector
                0x00009138       0x76 app/libapp.a(quaternion.c.obj)
                0x00009138                quaternion_rotate_vector
 .text.sensor_gravity_normalized
                0x000091ae       0x2e app/libapp.a(sensor_processing_lib.c.obj)
                0x000091ae                sensor_gravity_normalized
 .text.fuse_vector
                0x000091dc       0x58 app/libapp.a(sensor_processing_lib.c.obj)
                0x000091dc                fuse_vector
 .text.update_gravity_vector
                0x00009234       0x3e app/libapp.a(sensor_processing_lib.c.obj)
                0x00009234                update_gravity_vector
 .text.update_fused_vector
                0x00009272       0x5c app/libapp.a(sensor_processing_lib.c.obj)
                0x00009272                update_fused_vector
 .text.vector_3d_initialize
                0x000092ce        0xc app/libapp.a(vector_3d.c.obj)
                0x000092ce                vector_3d_initialize
 .text.vector_3d_sum
                0x000092da       0x30 app/libapp.a(vector_3d.c.obj)
                0x000092da                vector_3d_sum
 .text.vector_3d_dot_product
                0x0000930a       0x44 app/libapp.a(vector_3d.c.obj)
                0x0000930a                vector_3d_dot_product
 .text.vector_3d_scale
                0x0000934e       0x32 app/libapp.a(vector_3d.c.obj)
                0x0000934e                vector_3d_scale
 .text.vector_3d_normalize
                0x00009380       0x6e app/libapp.a(vector_3d.c.obj)
                0x00009380                vector_3d_normalize
 .text.sys_notify_validate
                0x000093ee       0x2e zephyr/libzephyr.a(notify.c.obj)
                0x000093ee                sys_notify_validate
 .text.sys_notify_finalize
                0x0000941c       0x1a zephyr/libzephyr.a(notify.c.obj)
                0x0000941c                sys_notify_finalize
 .text.arch_printk_char_out
                0x00009436        0x4 zephyr/libzephyr.a(printk.c.obj)
                0x00009436                arch_printk_char_out
 .text.str_out  0x0000943a       0x30 zephyr/libzephyr.a(printk.c.obj)
 .text.printk   0x0000946a       0x1c zephyr/libzephyr.a(printk.c.obj)
                0x0000946a                printk
 .text.snprintk
                0x00009486       0x1c zephyr/libzephyr.a(printk.c.obj)
                0x00009486                snprintk
 .text.set_state
                0x000094a2       0x10 zephyr/libzephyr.a(onoff.c.obj)
 .text.notify_monitors
                0x000094b2       0x3e zephyr/libzephyr.a(onoff.c.obj)
 .text.process_recheck
                0x000094f0       0x32 zephyr/libzephyr.a(onoff.c.obj)
 .text.process_complete
                0x00009522       0x9a zephyr/libzephyr.a(onoff.c.obj)
 .text.validate_args
                0x000095bc       0x2c zephyr/libzephyr.a(onoff.c.obj)
 .text.notify_one
                0x000095e8       0x26 zephyr/libzephyr.a(onoff.c.obj)
 .text.notify_all
                0x0000960e       0x2e zephyr/libzephyr.a(onoff.c.obj)
 .text.transition_complete
                0x0000963c       0x1c zephyr/libzephyr.a(onoff.c.obj)
 .text.onoff_manager_init
                0x00009658       0x38 zephyr/libzephyr.a(onoff.c.obj)
                0x00009658                onoff_manager_init
 .text.onoff_request
                0x00009690       0xb8 zephyr/libzephyr.a(onoff.c.obj)
                0x00009690                onoff_request
 .text.z_thread_entry
                0x00009748       0x14 zephyr/libzephyr.a(thread_entry.c.obj)
                0x00009748                z_thread_entry
 .text.outs     0x0000975c       0x34 zephyr/libzephyr.a(cbprintf_complete.c.obj)
 .text._ConfigAbsSyms
                0x00009790        0x2 zephyr/libzephyr.a(configs.c.obj)
                0x00009790                _ConfigAbsSyms
 .text.log_list_init
                0x00009792        0x8 zephyr/libzephyr.a(log_list.c.obj)
                0x00009792                log_list_init
 .text.log_list_add_tail
                0x0000979a       0x14 zephyr/libzephyr.a(log_list.c.obj)
                0x0000979a                log_list_add_tail
 .text.log_list_head_peek
                0x000097ae        0x4 zephyr/libzephyr.a(log_list.c.obj)
                0x000097ae                log_list_head_peek
 .text.log_list_head_get
                0x000097b2        0xc zephyr/libzephyr.a(log_list.c.obj)
                0x000097b2                log_list_head_get
 .text.dummy_timestamp
                0x000097be        0x4 zephyr/libzephyr.a(log_core.c.obj)
 .text.msg_filter_check
                0x000097c2        0x4 zephyr/libzephyr.a(log_core.c.obj)
 .text.default_get_timestamp
                0x000097c6        0x8 zephyr/libzephyr.a(log_core.c.obj)
 .text.z_log_get_tag
                0x000097ce        0x4 zephyr/libzephyr.a(log_core.c.obj)
                0x000097ce                z_log_get_tag
 .text.block_on_alloc
                0x000097d2        0x4 zephyr/libzephyr.a(log_msg.c.obj)
 .text.cont_arg_get
                0x000097d6       0x24 zephyr/libzephyr.a(log_msg.c.obj)
 .text.log_msg_hexdump_data_op
                0x000097fa       0xbe zephyr/libzephyr.a(log_msg.c.obj)
 .text.log_msg_get
                0x000098b8       0x1a zephyr/libzephyr.a(log_msg.c.obj)
                0x000098b8                log_msg_get
 .text.log_msg_nargs_get
                0x000098d2        0x6 zephyr/libzephyr.a(log_msg.c.obj)
                0x000098d2                log_msg_nargs_get
 .text.log_msg_arg_get
                0x000098d8       0x24 zephyr/libzephyr.a(log_msg.c.obj)
                0x000098d8                log_msg_arg_get
 .text.log_msg_str_get
                0x000098fc        0x4 zephyr/libzephyr.a(log_msg.c.obj)
                0x000098fc                log_msg_str_get
 .text.log_msg_put
                0x00009900       0x26 zephyr/libzephyr.a(log_msg.c.obj)
                0x00009900                log_msg_put
 .text.log_msg_hexdump_create
                0x00009926       0xa8 zephyr/libzephyr.a(log_msg.c.obj)
                0x00009926                log_msg_hexdump_create
 .text.log_msg_hexdump_data_get
                0x000099ce       0x10 zephyr/libzephyr.a(log_msg.c.obj)
                0x000099ce                log_msg_hexdump_data_get
 .text.buffer_write
                0x000099de       0x1a zephyr/libzephyr.a(log_output.c.obj)
 .text.color_prefix
                0x000099f8        0xc zephyr/libzephyr.a(log_output.c.obj)
 .text.color_postfix
                0x00009a04        0xc zephyr/libzephyr.a(log_output.c.obj)
 .text.postfix_print
                0x00009a10       0x18 zephyr/libzephyr.a(log_output.c.obj)
 .text.std_print
                0x00009a28      0x2b6 zephyr/libzephyr.a(log_output.c.obj)
 .text.log_output_flush
                0x00009cde       0x1a zephyr/libzephyr.a(log_output.c.obj)
                0x00009cde                log_output_flush
 .text.out_func
                0x00009cf8       0x38 zephyr/libzephyr.a(log_output.c.obj)
 .text.log_output_msg_process
                0x00009d30       0x7e zephyr/libzephyr.a(log_output.c.obj)
                0x00009d30                log_output_msg_process
 .text.pm_policy_next_state
                0x00009dae        0xa zephyr/libzephyr.a(residency.c.obj)
                0x00009dae                pm_policy_next_state
 .text.z_arm_fatal_error
                0x00009db8       0x18 zephyr/arch/arch/arm/core/aarch32/libarch__arm__core__aarch32.a(fatal.c.obj)
                0x00009db8                z_arm_fatal_error
 .text.z_do_kernel_oops
                0x00009dd0        0xc zephyr/arch/arch/arm/core/aarch32/libarch__arm__core__aarch32.a(fatal.c.obj)
                0x00009dd0                z_do_kernel_oops
 .text.z_irq_spurious
                0x00009ddc        0xc zephyr/arch/arch/arm/core/aarch32/libarch__arm__core__aarch32.a(irq_manage.c.obj)
                0x00009ddc                z_irq_spurious
 .text.z_arm_nmi
                0x00009de8        0xc zephyr/arch/arch/arm/core/aarch32/libarch__arm__core__aarch32.a(nmi.c.obj)
                0x00009de8                z_arm_nmi
 .text.memory_fault_recoverable
                0x00009df4        0x4 zephyr/arch/arch/arm/core/aarch32/cortex_m/libarch__arm__core__aarch32__cortex_m.a(fault.c.obj)
 .text.fault_handle
                0x00009df8       0x4a zephyr/arch/arch/arm/core/aarch32/cortex_m/libarch__arm__core__aarch32__cortex_m.a(fault.c.obj)
 .text.mpu_partition_is_valid
                0x00009e42       0x22 zephyr/arch/arch/arm/core/aarch32/mpu/libarch__arm__core__aarch32__mpu.a(arm_mpu.c.obj)
 .text.mpu_configure_region
                0x00009e64       0x3e zephyr/arch/arch/arm/core/aarch32/mpu/libarch__arm__core__aarch32__mpu.a(arm_mpu.c.obj)
 .text.arm_core_mpu_configure_static_mpu_regions
                0x00009ea2        0x8 zephyr/arch/arch/arm/core/aarch32/mpu/libarch__arm__core__aarch32__mpu.a(arm_mpu.c.obj)
                0x00009ea2                arm_core_mpu_configure_static_mpu_regions
 .text.arm_core_mpu_configure_dynamic_mpu_regions
                0x00009eaa        0x8 zephyr/arch/arch/arm/core/aarch32/mpu/libarch__arm__core__aarch32__mpu.a(arm_mpu.c.obj)
                0x00009eaa                arm_core_mpu_configure_dynamic_mpu_regions
 .text.malloc_prepare
                0x00009eb2        0x4 zephyr/lib/libc/newlib/liblib__libc__newlib.a(libc-hooks.c.obj)
 .text._stdout_hook_default
                0x00009eb6        0x6 zephyr/lib/libc/newlib/liblib__libc__newlib.a(libc-hooks.c.obj)
 .text.__errno  0x00009ebc        0x8 zephyr/lib/libc/newlib/liblib__libc__newlib.a(libc-hooks.c.obj)
                0x00009ebc                __errno
 .text.pm_power_state_set
                0x00009ec4       0x26 zephyr/soc/arm/nordic_nrf/nrf52/libsoc__arm__nordic_nrf__nrf52.a(power.c.obj)
                0x00009ec4                pm_power_state_set
 .text.pm_power_state_exit_post_ops
                0x00009eea       0x16 zephyr/soc/arm/nordic_nrf/nrf52/libsoc__arm__nordic_nrf__nrf52.a(power.c.obj)
                0x00009eea                pm_power_state_exit_post_ops
 .text.get_sub_data
                0x00009f00        0xe zephyr/drivers/clock_control/libdrivers__clock_control.a(clock_control_nrf.c.obj)
 .text.get_sub_config
                0x00009f0e        0xc zephyr/drivers/clock_control/libdrivers__clock_control.a(clock_control_nrf.c.obj)
 .text.get_onoff_manager
                0x00009f1a        0xc zephyr/drivers/clock_control/libdrivers__clock_control.a(clock_control_nrf.c.obj)
 .text.get_status
                0x00009f26       0x10 zephyr/drivers/clock_control/libdrivers__clock_control.a(clock_control_nrf.c.obj)
 .text.set_off_state
                0x00009f36       0x32 zephyr/drivers/clock_control/libdrivers__clock_control.a(clock_control_nrf.c.obj)
 .text.set_starting_state
                0x00009f68       0x40 zephyr/drivers/clock_control/libdrivers__clock_control.a(clock_control_nrf.c.obj)
 .text.set_on_state
                0x00009fa8       0x26 zephyr/drivers/clock_control/libdrivers__clock_control.a(clock_control_nrf.c.obj)
 .text.clkstarted_handle
                0x00009fce       0x24 zephyr/drivers/clock_control/libdrivers__clock_control.a(clock_control_nrf.c.obj)
 .text.stop     0x00009ff2       0x2a zephyr/drivers/clock_control/libdrivers__clock_control.a(clock_control_nrf.c.obj)
 .text.api_stop
                0x0000a01c        0xa zephyr/drivers/clock_control/libdrivers__clock_control.a(clock_control_nrf.c.obj)
 .text.async_start
                0x0000a026       0x38 zephyr/drivers/clock_control/libdrivers__clock_control.a(clock_control_nrf.c.obj)
 .text.api_start
                0x0000a05e       0x10 zephyr/drivers/clock_control/libdrivers__clock_control.a(clock_control_nrf.c.obj)
 .text.onoff_started_callback
                0x0000a06e       0x10 zephyr/drivers/clock_control/libdrivers__clock_control.a(clock_control_nrf.c.obj)
 .text.hfclk_start
                0x0000a07e        0xa zephyr/drivers/clock_control/libdrivers__clock_control.a(clock_control_nrf.c.obj)
 .text.hfclk_stop
                0x0000a088        0xa zephyr/drivers/clock_control/libdrivers__clock_control.a(clock_control_nrf.c.obj)
 .text.lfclk_stop
                0x0000a092        0xa zephyr/drivers/clock_control/libdrivers__clock_control.a(clock_control_nrf.c.obj)
 .text.blocking_start_callback
                0x0000a09c        0xa zephyr/drivers/clock_control/libdrivers__clock_control.a(clock_control_nrf.c.obj)
 .text.wait     0x0000a0a6       0x14 zephyr/drivers/console/libdrivers__console.a(rtt_console.c.obj)
 .text.get_pull
                0x0000a0ba       0x18 zephyr/drivers/gpio/libdrivers__gpio.a(gpio_nrfx.c.obj)
 .text.gpio_nrfx_port_get_raw
                0x0000a0d2        0xe zephyr/drivers/gpio/libdrivers__gpio.a(gpio_nrfx.c.obj)
 .text.gpio_nrfx_port_set_masked_raw
                0x0000a0e0       0x16 zephyr/drivers/gpio/libdrivers__gpio.a(gpio_nrfx.c.obj)
 .text.gpio_nrfx_port_set_bits_raw
                0x0000a0f6        0xc zephyr/drivers/gpio/libdrivers__gpio.a(gpio_nrfx.c.obj)
 .text.gpio_nrfx_port_clear_bits_raw
                0x0000a102        0xc zephyr/drivers/gpio/libdrivers__gpio.a(gpio_nrfx.c.obj)
 .text.gpio_nrfx_port_toggle_bits
                0x0000a10e       0x12 zephyr/drivers/gpio/libdrivers__gpio.a(gpio_nrfx.c.obj)
 .text.get_trigger
                0x0000a120       0x2c zephyr/drivers/gpio/libdrivers__gpio.a(gpio_nrfx.c.obj)
 .text.gpio_nrfx_manage_callback
                0x0000a14c       0x64 zephyr/drivers/gpio/libdrivers__gpio.a(gpio_nrfx.c.obj)
 .text.nrfx_gpio_handler
                0x0000a1b0       0x48 zephyr/drivers/gpio/libdrivers__gpio.a(gpio_nrfx.c.obj)
 .text.spi_nrfx_release
                0x0000a1f8       0x7a zephyr/drivers/spi/libdrivers__spi.a(spi_nrfx_spi.c.obj)
 .text.spi_nrfx_transceive
                0x0000a272       0x12 zephyr/drivers/spi/libdrivers__spi.a(spi_nrfx_spi.c.obj)
 .text.sys_clock_idle_exit
                0x0000a284        0x2 zephyr/drivers/timer/libdrivers__timer.a(sys_clock_init.c.obj)
                0x0000a284                sys_clock_idle_exit
 .text.counter_sub
                0x0000a286        0x8 zephyr/drivers/timer/libdrivers__timer.a(nrf_rtc_timer.c.obj)
 .text.event_clear
                0x0000a28e       0x18 zephyr/drivers/timer/libdrivers__timer.a(nrf_rtc_timer.c.obj)
 .text.absolute_time_to_cc
                0x0000a2a6        0x6 zephyr/drivers/timer/libdrivers__timer.a(nrf_rtc_timer.c.obj)
 .text.full_int_lock
                0x0000a2ac       0x12 zephyr/drivers/timer/libdrivers__timer.a(nrf_rtc_timer.c.obj)
 .text.full_int_unlock
                0x0000a2be        0xa zephyr/drivers/timer/libdrivers__timer.a(nrf_rtc_timer.c.obj)
 .text.set_absolute_alarm
                0x0000a2c8       0x76 zephyr/drivers/timer/libdrivers__timer.a(nrf_rtc_timer.c.obj)
 .text.compare_set
                0x0000a33e       0x32 zephyr/drivers/timer/libdrivers__timer.a(nrf_rtc_timer.c.obj)
 .text.sys_clock_cycle_get_32
                0x0000a370        0x8 zephyr/drivers/timer/libdrivers__timer.a(nrf_rtc_timer.c.obj)
                0x0000a370                sys_clock_cycle_get_32
 .text.nrfx_isr
                0x0000a378        0x6 modules/hal_nordic/nrfx/libmodules__hal_nordic__nrfx.a(nrfx_glue.c.obj)
                0x0000a378                nrfx_isr
 .text.nrfx_busy_wait
                0x0000a37e        0x8 modules/hal_nordic/nrfx/libmodules__hal_nordic__nrfx.a(nrfx_glue.c.obj)
                0x0000a37e                nrfx_busy_wait
 .text.nrfx_clock_enable
                0x0000a386       0x12 modules/hal_nordic/nrfx/libmodules__hal_nordic__nrfx.a(nrfx_clock.c.obj)
                0x0000a386                nrfx_clock_enable
 .text.pin_is_task_output
                0x0000a398       0x1e modules/hal_nordic/nrfx/libmodules__hal_nordic__nrfx.a(nrfx_gpiote.c.obj)
 .text.pin_is_input
                0x0000a3b6        0xe modules/hal_nordic/nrfx/libmodules__hal_nordic__nrfx.a(nrfx_gpiote.c.obj)
 .text.gpiote_polarity_to_trigger
                0x0000a3c4        0x2 modules/hal_nordic/nrfx/libmodules__hal_nordic__nrfx.a(nrfx_gpiote.c.obj)
 .text.gpiote_trigger_to_polarity
                0x0000a3c6        0x2 modules/hal_nordic/nrfx/libmodules__hal_nordic__nrfx.a(nrfx_gpiote.c.obj)
 .text.is_level
                0x0000a3c8        0xa modules/hal_nordic/nrfx/libmodules__hal_nordic__nrfx.a(nrfx_gpiote.c.obj)
 .text.next_sense_cond_call_handler
                0x0000a3d2       0x9c modules/hal_nordic/nrfx/libmodules__hal_nordic__nrfx.a(nrfx_gpiote.c.obj)
 .text.latch_pending_read_and_check
                0x0000a46e       0x34 modules/hal_nordic/nrfx/libmodules__hal_nordic__nrfx.a(nrfx_gpiote.c.obj)
 .text.configure_pins
                0x0000a4a2      0x112 modules/hal_nordic/nrfx/libmodules__hal_nordic__nrfx.a(nrfx_spi.c.obj)
 .text.finish_transfer
                0x0000a5b4       0x2e modules/hal_nordic/nrfx/libmodules__hal_nordic__nrfx.a(nrfx_spi.c.obj)
 .text.transfer_byte
                0x0000a5e2       0x76 modules/hal_nordic/nrfx/libmodules__hal_nordic__nrfx.a(nrfx_spi.c.obj)
 .text.spi_xfer
                0x0000a658       0x88 modules/hal_nordic/nrfx/libmodules__hal_nordic__nrfx.a(nrfx_spi.c.obj)
 .text.irq_handler
                0x0000a6e0       0x1e modules/hal_nordic/nrfx/libmodules__hal_nordic__nrfx.a(nrfx_spi.c.obj)
 .text._GetAvailWriteSpace
                0x0000a6fe       0x18 modules/segger/libmodules__segger.a(SEGGER_RTT.c.obj)
 .text._WriteNoCheck
                0x0000a716       0x44 modules/segger/libmodules__segger.a(SEGGER_RTT.c.obj)
 .text._WriteBlocking
                0x0000a75a       0x5e modules/segger/libmodules__segger.a(SEGGER_RTT.c.obj)
 .text.SEGGER_RTT_Init
                0x0000a7b8        0x8 modules/segger/libmodules__segger.a(SEGGER_RTT.c.obj)
                0x0000a7b8                SEGGER_RTT_Init
 .text.rtt_init
                0x0000a7c0        0xa modules/segger/libmodules__segger.a(SEGGER_RTT_zephyr.c.obj)
 .text.z_device_ready
                0x0000a7ca       0x1a zephyr/kernel/libkernel.a(device.c.obj)
                0x0000a7ca                z_device_ready
 .text.create_free_list
                0x0000a7e4       0x2e zephyr/kernel/libkernel.a(mem_slab.c.obj)
 .text.k_mem_slab_init
                0x0000a812       0x1c zephyr/kernel/libkernel.a(mem_slab.c.obj)
                0x0000a812                k_mem_slab_init
 .text.k_mem_slab_free
                0x0000a82e       0x58 zephyr/kernel/libkernel.a(mem_slab.c.obj)
                0x0000a82e                k_mem_slab_free
 .text.setup_thread_stack
                0x0000a886       0x24 zephyr/kernel/libkernel.a(thread.c.obj)
 .text.k_is_in_isr
                0x0000a8aa        0xc zephyr/kernel/libkernel.a(thread.c.obj)
                0x0000a8aa                k_is_in_isr
 .text.k_thread_name_get
                0x0000a8b6        0x4 zephyr/kernel/libkernel.a(thread.c.obj)
                0x0000a8b6                k_thread_name_get
 .text.z_impl_k_thread_start
                0x0000a8ba        0x8 zephyr/kernel/libkernel.a(thread.c.obj)
                0x0000a8ba                z_impl_k_thread_start
 .text.z_init_thread_base
                0x0000a8c2       0x16 zephyr/kernel/libkernel.a(thread.c.obj)
                0x0000a8c2                z_init_thread_base
 .text.z_impl_k_thread_create
                0x0000a8d8       0x44 zephyr/kernel/libkernel.a(thread.c.obj)
                0x0000a8d8                z_impl_k_thread_create
 .text.z_pm_save_idle_exit
                0x0000a91c        0xc zephyr/kernel/libkernel.a(idle.c.obj)
                0x0000a91c                z_pm_save_idle_exit
 .text.new_prio_for_inheritance
                0x0000a928       0x16 zephyr/kernel/libkernel.a(mutex.c.obj)
 .text.adjust_owner_prio
                0x0000a93e       0x16 zephyr/kernel/libkernel.a(mutex.c.obj)
 .text.thread_active_elsewhere
                0x0000a954        0x4 zephyr/kernel/libkernel.a(sched.c.obj)
 .text.pended_on_thread
                0x0000a958        0x4 zephyr/kernel/libkernel.a(sched.c.obj)
 .text.z_sched_prio_cmp
                0x0000a95c       0x14 zephyr/kernel/libkernel.a(sched.c.obj)
                0x0000a95c                z_sched_prio_cmp
 .text.z_unpend_thread_no_timeout
                0x0000a970       0x3e zephyr/kernel/libkernel.a(sched.c.obj)
                0x0000a970                z_unpend_thread_no_timeout
 .text.z_reschedule_irqlock
                0x0000a9ae       0x2a zephyr/kernel/libkernel.a(sched.c.obj)
                0x0000a9ae                z_reschedule_irqlock
 .text.z_priq_dumb_remove
                0x0000a9d8       0x10 zephyr/kernel/libkernel.a(sched.c.obj)
                0x0000a9d8                z_priq_dumb_remove
 .text.z_priq_dumb_best
                0x0000a9e8        0xe zephyr/kernel/libkernel.a(sched.c.obj)
                0x0000a9e8                z_priq_dumb_best
 .text.z_ready_thread
                0x0000a9f6       0x38 zephyr/kernel/libkernel.a(sched.c.obj)
                0x0000a9f6                z_ready_thread
 .text.z_thread_timeout
                0x0000aa2e       0x68 zephyr/kernel/libkernel.a(sched.c.obj)
                0x0000aa2e                z_thread_timeout
 .text.add_to_waitq_locked
                0x0000aa96       0x54 zephyr/kernel/libkernel.a(sched.c.obj)
 .text.pend     0x0000aaea       0x42 zephyr/kernel/libkernel.a(sched.c.obj)
 .text.z_unpend1_no_timeout
                0x0000ab2c       0x4e zephyr/kernel/libkernel.a(sched.c.obj)
                0x0000ab2c                z_unpend1_no_timeout
 .text.z_unpend_first_thread
                0x0000ab7a       0x56 zephyr/kernel/libkernel.a(sched.c.obj)
                0x0000ab7a                z_unpend_first_thread
 .text.init_ready_q
                0x0000abd0        0x8 zephyr/kernel/libkernel.a(sched.c.obj)
                0x0000abd0                init_ready_q
 .text.remove_timeout
                0x0000abd8       0x2e zephyr/kernel/libkernel.a(timeout.c.obj)
 .text.z_abort_timeout
                0x0000ac06       0x3c zephyr/kernel/libkernel.a(timeout.c.obj)
                0x0000ac06                z_abort_timeout
 .text.z_get_next_timeout_expiry
                0x0000ac42       0x2c zephyr/kernel/libkernel.a(timeout.c.obj)
                0x0000ac42                z_get_next_timeout_expiry
 .text.z_set_timeout_expiry
                0x0000ac6e       0x56 zephyr/kernel/libkernel.a(timeout.c.obj)
                0x0000ac6e                z_set_timeout_expiry
 .text.sys_clock_tick_get_32
                0x0000acc4        0x8 zephyr/kernel/libkernel.a(timeout.c.obj)
                0x0000acc4                sys_clock_tick_get_32
 .text.z_impl_k_busy_wait
                0x0000accc        0xc zephyr/kernel/libkernel.a(timeout.c.obj)
                0x0000accc                z_impl_k_busy_wait
 .text.k_timer_init
                0x0000acd8       0x18 zephyr/kernel/libkernel.a(timer.c.obj)
                0x0000acd8                k_timer_init
 .text.z_impl_k_timer_stop
                0x0000acf0       0x36 zephyr/kernel/libkernel.a(timer.c.obj)
                0x0000acf0                z_impl_k_timer_stop
 .text._OffsetAbsSyms
                0x0000ad26        0x2 zephyr/CMakeFiles/offsets.dir/./arch/arm/core/offsets/offsets.c.obj
                0x0000ad26                _OffsetAbsSyms
 .text.memcpy   0x0000ad28       0x1c c:/ncs/v1.9.1/toolchain/opt/arm-none-eabi/lib/thumb/v7e-m/nofp\libc_nano.a(lib_a-memcpy-stub.o)
                0x0000ad28                memcpy
 .text.memset   0x0000ad44       0x10 c:/ncs/v1.9.1/toolchain/opt/arm-none-eabi/lib/thumb/v7e-m/nofp\libc_nano.a(lib_a-memset.o)
                0x0000ad44                memset
 .text.strncpy  0x0000ad54       0x26 c:/ncs/v1.9.1/toolchain/opt/arm-none-eabi/lib/thumb/v7e-m/nofp\libc_nano.a(lib_a-strncpy.o)
                0x0000ad54                strncpy
 .text.strnlen  0x0000ad7a       0x1a c:/ncs/v1.9.1/toolchain/opt/arm-none-eabi/lib/thumb/v7e-m/nofp\libc_nano.a(lib_a-strnlen.o)
                0x0000ad7a                strnlen
 *(SORT_BY_ALIGNMENT(.TEXT.*))
 .TEXT.z_arm_platform_init
                0x0000ad94        0x4 zephyr/libzephyr.a(soc_nrf_common.S.obj)
                0x0000ad94                z_arm_platform_init
 *(SORT_BY_ALIGNMENT(.gnu.linkonce.t.*))
 *(SORT_BY_ALIGNMENT(.glue_7t))
 .glue_7t       0x0000ad98        0x0 linker stubs
 *(SORT_BY_ALIGNMENT(.glue_7))
 .glue_7        0x0000ad98        0x0 linker stubs
 *(SORT_BY_ALIGNMENT(.vfp11_veneer))
 .vfp11_veneer  0x0000ad98        0x0 linker stubs
 *(SORT_BY_ALIGNMENT(.v4_bx))
 .v4_bx         0x0000ad98        0x0 linker stubs
                0x0000ad98                __text_region_end = .

.ARM.exidx      0x0000ad98        0x8
                0x0000ad98                __exidx_start = .
 *(SORT_BY_ALIGNMENT(.ARM.exidx*) SORT_BY_ALIGNMENT(gnu.linkonce.armexidx.*))
 .ARM.exidx     0x0000ad98        0x8 c:/ncs/v1.9.1/toolchain/opt/bin/../lib/gcc/arm-none-eabi/9.2.1/thumb/v7e-m/nofp\libgcc.a(_udivmoddi4.o)
                0x0000ada0                __exidx_end = .
                0x0000ada0                __rodata_region_start = .

initlevel       0x0000ada0       0x50
                0x0000ada0                __init_start = .
                0x0000ada0                __init_PRE_KERNEL_1_start = .
 *(SORT_BY_NAME(SORT_BY_ALIGNMENT(.z_init_PRE_KERNEL_1[0-9]_*)))
 .z_init_PRE_KERNEL_10_
                0x0000ada0        0x8 zephyr/soc/arm/nordic_nrf/nrf52/libsoc__arm__nordic_nrf__nrf52.a(soc.c.obj)
 *(SORT_BY_NAME(SORT_BY_ALIGNMENT(.z_init_PRE_KERNEL_1[1-9][0-9]_*)))
 .z_init_PRE_KERNEL_130_
                0x0000ada8        0x8 zephyr/drivers/clock_control/libdrivers__clock_control.a(clock_control_nrf.c.obj)
 .z_init_PRE_KERNEL_130_
                0x0000adb0        0x8 modules/segger/libmodules__segger.a(SEGGER_RTT_zephyr.c.obj)
 .z_init_PRE_KERNEL_130_
                0x0000adb8        0x8 zephyr/kernel/libkernel.a(mem_slab.c.obj)
 .z_init_PRE_KERNEL_140_
                0x0000adc0        0x8 zephyr/drivers/console/libdrivers__console.a(rtt_console.c.obj)
 .z_init_PRE_KERNEL_140_
                0x0000adc8        0x8 zephyr/drivers/gpio/libdrivers__gpio.a(gpio_nrfx.c.obj)
                0x0000add0                __init_PRE_KERNEL_2_start = .
 *(SORT_BY_NAME(SORT_BY_ALIGNMENT(.z_init_PRE_KERNEL_2[0-9]_*)))
 .z_init_PRE_KERNEL_20_
                0x0000add0        0x8 zephyr/drivers/timer/libdrivers__timer.a(nrf_rtc_timer.c.obj)
 *(SORT_BY_NAME(SORT_BY_ALIGNMENT(.z_init_PRE_KERNEL_2[1-9][0-9]_*)))
                0x0000add8                __init_POST_KERNEL_start = .
 *(SORT_BY_NAME(SORT_BY_ALIGNMENT(.z_init_POST_KERNEL[0-9]_*)))
 .z_init_POST_KERNEL0_
                0x0000add8        0x8 zephyr/libzephyr.a(log_core.c.obj)
 *(SORT_BY_NAME(SORT_BY_ALIGNMENT(.z_init_POST_KERNEL[1-9][0-9]_*)))
 .z_init_POST_KERNEL70_
                0x0000ade0        0x8 zephyr/drivers/spi/libdrivers__spi.a(spi_nrfx_spi.c.obj)
                0x0000ade8                __init_APPLICATION_start = .
 *(SORT_BY_NAME(SORT_BY_ALIGNMENT(.z_init_APPLICATION[0-9]_*)))
 *(SORT_BY_NAME(SORT_BY_ALIGNMENT(.z_init_APPLICATION[1-9][0-9]_*)))
 .z_init_APPLICATION40_
                0x0000ade8        0x8 zephyr/lib/libc/newlib/liblib__libc__newlib.a(libc-hooks.c.obj)
                0x0000adf0                __init_SMP_start = .
 *(SORT_BY_NAME(SORT_BY_ALIGNMENT(.z_init_SMP[0-9]_*)))
 *(SORT_BY_NAME(SORT_BY_ALIGNMENT(.z_init_SMP[1-9][0-9]_*)))
                0x0000adf0                __init_end = .

devices         0x0000adf0       0x48
                0x0000adf0                __device_start = .
                0x0000adf0                __device_PRE_KERNEL_1_start = .
 *(SORT_BY_NAME(SORT_BY_ALIGNMENT(.z_device_PRE_KERNEL_1[0-9]_*)))
 *(SORT_BY_NAME(SORT_BY_ALIGNMENT(.z_device_PRE_KERNEL_1[1-9][0-9]_*)))
 .z_device_PRE_KERNEL_130_
                0x0000adf0       0x18 zephyr/drivers/clock_control/libdrivers__clock_control.a(clock_control_nrf.c.obj)
                0x0000adf0                __device_dts_ord_11
 .z_device_PRE_KERNEL_140_
                0x0000ae08       0x18 zephyr/drivers/gpio/libdrivers__gpio.a(gpio_nrfx.c.obj)
                0x0000ae08                __device_dts_ord_20
                0x0000ae20                __device_PRE_KERNEL_2_start = .
 *(SORT_BY_NAME(SORT_BY_ALIGNMENT(.z_device_PRE_KERNEL_2[0-9]_*)))
 *(SORT_BY_NAME(SORT_BY_ALIGNMENT(.z_device_PRE_KERNEL_2[1-9][0-9]_*)))
                0x0000ae20                __device_POST_KERNEL_start = .
 *(SORT_BY_NAME(SORT_BY_ALIGNMENT(.z_device_POST_KERNEL[0-9]_*)))
 *(SORT_BY_NAME(SORT_BY_ALIGNMENT(.z_device_POST_KERNEL[1-9][0-9]_*)))
 .z_device_POST_KERNEL70_
                0x0000ae20       0x18 zephyr/drivers/spi/libdrivers__spi.a(spi_nrfx_spi.c.obj)
                0x0000ae20                __device_dts_ord_36
                0x0000ae38                __device_APPLICATION_start = .
 *(SORT_BY_NAME(SORT_BY_ALIGNMENT(.z_device_APPLICATION[0-9]_*)))
 *(SORT_BY_NAME(SORT_BY_ALIGNMENT(.z_device_APPLICATION[1-9][0-9]_*)))
                0x0000ae38                __device_SMP_start = .
 *(SORT_BY_NAME(SORT_BY_ALIGNMENT(.z_device_SMP[0-9]_*)))
 *(SORT_BY_NAME(SORT_BY_ALIGNMENT(.z_device_SMP[1-9][0-9]_*)))
                0x0000ae38                __device_end = .

sw_isr_table    0x0000ae38      0x138
                0x0000ae38                . = ALIGN (0x0)
 *(SORT_BY_ALIGNMENT(.gnu.linkonce.sw_isr_table*))
 .gnu.linkonce.sw_isr_table
                0x0000ae38      0x138 zephyr/CMakeFiles/zephyr_final.dir/isr_tables.c.obj
                0x0000ae38                _sw_isr_table

initlevel_error
                0x0000ada0        0x0
 *(SORT_BY_NAME(SORT_BY_ALIGNMENT(.z_init_[_A-Z0-9]*)))
                0x00000001                ASSERT ((SIZEOF (initlevel_error) == 0x0), Undefined initialization levels used.)

app_shmem_regions
                0x0000af70        0x0
                0x0000af70                __app_shmem_regions_start = .
 *(SORT_BY_NAME(SORT_BY_ALIGNMENT(.app_regions.*)))
                0x0000af70                __app_shmem_regions_end = .

bt_l2cap_fixed_chan_area
                0x0000af70        0x0
                0x0000af70                _bt_l2cap_fixed_chan_list_start = .
 *(SORT_BY_NAME(SORT_BY_ALIGNMENT(._bt_l2cap_fixed_chan.static.*)))
                0x0000af70                _bt_l2cap_fixed_chan_list_end = .

bt_gatt_service_static_area
                0x0000af70        0x0
                0x0000af70                _bt_gatt_service_static_list_start = .
 *(SORT_BY_NAME(SORT_BY_ALIGNMENT(._bt_gatt_service_static.static.*)))
                0x0000af70                _bt_gatt_service_static_list_end = .

k_p4wq_initparam_area
                0x0000af70        0x0
                0x0000af70                _k_p4wq_initparam_list_start = .
 *(SORT_BY_NAME(SORT_BY_ALIGNMENT(._k_p4wq_initparam.static.*)))
                0x0000af70                _k_p4wq_initparam_list_end = .

log_strings_sections
                0x0000af70        0x0
                0x0000af70                __log_strings_start = .
 *(SORT_BY_NAME(SORT_BY_ALIGNMENT(.log_strings*)))
                0x0000af70                __log_strings_end = .

log_const_sections
                0x0000af70       0x48
                0x0000af70                __log_const_start = .
 *(SORT_BY_NAME(SORT_BY_ALIGNMENT(.log_const_*)))
 .log_const_app
                0x0000af70        0x8 app/libapp.a(main.c.obj)
                0x0000af70                log_const_app
 .log_const_clock_control
                0x0000af78        0x8 zephyr/drivers/clock_control/libdrivers__clock_control.a(clock_control_nrf.c.obj)
                0x0000af78                log_const_clock_control
 .log_const_fatal_error
                0x0000af80        0x8 modules/nrf/lib/fatal_error/lib..__nrf__lib__fatal_error.a(fatal_error.c.obj)
                0x0000af80                log_const_fatal_error
 .log_const_log
                0x0000af88        0x8 zephyr/libzephyr.a(log_core.c.obj)
                0x0000af88                log_const_log
 .log_const_mpu
                0x0000af90        0x8 zephyr/arch/arch/arm/core/aarch32/mpu/libarch__arm__core__aarch32__mpu.a(arm_core_mpu.c.obj)
                0x0000af90                log_const_mpu
 .log_const_os  0x0000af98        0x8 zephyr/kernel/libkernel.a(init.c.obj)
                0x0000af98                log_const_os
 .log_const_pm  0x0000afa0        0x8 zephyr/libzephyr.a(pm.c.obj)
                0x0000afa0                log_const_pm
 .log_const_soc
                0x0000afa8        0x8 zephyr/soc/arm/nordic_nrf/nrf52/libsoc__arm__nordic_nrf__nrf52.a(soc.c.obj)
                0x0000afa8                log_const_soc
 .log_const_spi_nrfx_spi
                0x0000afb0        0x8 zephyr/drivers/spi/libdrivers__spi.a(spi_nrfx_spi.c.obj)
                0x0000afb0                log_const_spi_nrfx_spi
                0x0000afb8                __log_const_end = .

log_backends_sections
                0x0000afb8       0x10
                0x0000afb8                __log_backends_start = .
 *(SORT_BY_ALIGNMENT(._log_backend.*))
 ._log_backend.static.log_backend_rtt
                0x0000afb8       0x10 zephyr/libzephyr.a(log_backend_rtt.c.obj)
                0x0000afc8                __log_backends_end = .

shell_area      0x0000afc8        0x0
                0x0000afc8                _shell_list_start = .
 *(SORT_BY_NAME(SORT_BY_ALIGNMENT(._shell.static.*)))
                0x0000afc8                _shell_list_end = .

shell_root_cmds_sections
                0x0000afc8        0x0
                0x0000afc8                __shell_root_cmds_start = .
 *(SORT_BY_NAME(SORT_BY_ALIGNMENT(.shell_root_cmd_*)))
                0x0000afc8                __shell_root_cmds_end = .

font_entry_sections
                0x0000afc8        0x0
                0x0000afc8                __font_entry_start = .
 *(SORT_BY_NAME(SORT_BY_ALIGNMENT(._cfb_font.*)))
                0x0000afc8                __font_entry_end = .

tracing_backend_area
                0x0000afc8        0x0
                0x0000afc8                _tracing_backend_list_start = .
 *(SORT_BY_NAME(SORT_BY_ALIGNMENT(._tracing_backend.static.*)))
                0x0000afc8                _tracing_backend_list_end = .

zephyr_dbg_info
                0x0000afc8       0x3c
 *(SORT_BY_ALIGNMENT(.dbg_thread_info))
 .dbg_thread_info
                0x0000afc8       0x3c zephyr/libzephyr.a(thread_info.c.obj)
                0x0000afc8                _kernel_openocd_size_t_size
                0x0000afc8                _kernel_thread_info_size_t_size
                0x0000afcc                _kernel_openocd_num_offsets
                0x0000afcc                _kernel_thread_info_num_offsets
                0x0000afd0                _kernel_openocd_offsets
                0x0000afd0                _kernel_thread_info_offsets

device_handles  0x0000b004       0x12
                0x0000b004                __device_handles_start = .
 *(SORT_BY_NAME(SORT_BY_ALIGNMENT(.__device_handles_pass2*)))
 .__device_handles_pass2
                0x0000b004       0x12 zephyr/CMakeFiles/zephyr_final.dir/dev_handles.c.obj
                0x0000b004                __devicehdl_DT_N_S_soc_S_spi_40003000
                0x0000b00a                __devicehdl_DT_N_S_soc_S_gpio_50000000
                0x0000b010                __devicehdl_DT_N_S_soc_S_clock_40000000
                0x0000b016                __device_handles_end = .

rodata          0x0000b020      0xc2c
 *(SORT_BY_ALIGNMENT(.rodata))
 *(SORT_BY_ALIGNMENT(.rodata.*))
 .rodata.delay_machine_code.12249
                0x0000b020        0x6 zephyr/soc/arm/nordic_nrf/nrf52/libsoc__arm__nordic_nrf__nrf52.a(soc.c.obj)
 *fill*         0x0000b026        0x2 
 .rodata.CSWTCH.8
                0x0000b028       0x18 c:/ncs/v1.9.1/toolchain/opt/arm-none-eabi/lib/thumb/v7e-m/nofp\libm.a(lib_a-e_atan2.o)
 .rodata.CSWTCH.9
                0x0000b040       0x18 c:/ncs/v1.9.1/toolchain/opt/arm-none-eabi/lib/thumb/v7e-m/nofp\libm.a(lib_a-e_atan2.o)
 .rodata.atanhi
                0x0000b058       0x20 c:/ncs/v1.9.1/toolchain/opt/arm-none-eabi/lib/thumb/v7e-m/nofp\libm.a(lib_a-s_atan.o)
 .rodata.atanlo
                0x0000b078       0x20 c:/ncs/v1.9.1/toolchain/opt/arm-none-eabi/lib/thumb/v7e-m/nofp\libm.a(lib_a-s_atan.o)
 .rodata.main.str1.4
                0x0000b098       0xd8 app/libapp.a(main.c.obj)
 .rodata.str1.4
                0x0000b170        0x4 app/libapp.a(main.c.obj)
 .rodata.__func__.11654
                0x0000b174        0x5 app/libapp.a(main.c.obj)
 *fill*         0x0000b179        0x3 
 .rodata.cbvprintf.str1.4
                0x0000b17c        0x6 zephyr/libzephyr.a(cbprintf_complete.c.obj)
 *fill*         0x0000b182        0x2 
 .rodata.enable_logger.str1.4
                0x0000b184        0x8 zephyr/libzephyr.a(log_core.c.obj)
 .rodata.z_log_strdup.str1.4
                0x0000b18c       0x1a zephyr/libzephyr.a(log_core.c.obj)
 *fill*         0x0000b1a6        0x2 
 .rodata.detect_missed_strdup.str1.4
                0x0000b1a8       0x40 zephyr/libzephyr.a(log_core.c.obj)
 .rodata.str1.4
                0x0000b1e8        0x4 zephyr/libzephyr.a(log_core.c.obj)
 .rodata.timestamp_print.str1.4
                0x0000b1ec       0x28 zephyr/libzephyr.a(log_output.c.obj)
 .rodata.color_print.str1.4
                0x0000b214        0xb zephyr/libzephyr.a(log_output.c.obj)
 *fill*         0x0000b21f        0x1 
 .rodata.newline_print.str1.4
                0x0000b220        0x3 zephyr/libzephyr.a(log_output.c.obj)
                                  0x7 (size before relaxing)
 *fill*         0x0000b223        0x1 
 .rodata.hexdump_line_print.str1.4
                0x0000b224       0x13 zephyr/libzephyr.a(log_output.c.obj)
                                 0x17 (size before relaxing)
 *fill*         0x0000b237        0x1 
 .rodata.ids_print.str1.4
                0x0000b238       0x12 zephyr/libzephyr.a(log_output.c.obj)
 *fill*         0x0000b24a        0x2 
 .rodata.prefix_print.str1.4
                0x0000b24c        0x4 zephyr/libzephyr.a(log_output.c.obj)
 .rodata.raw_string_print.str1.4
                0x0000b250        0x2 zephyr/libzephyr.a(log_output.c.obj)
 *fill*         0x0000b252        0x2 
 .rodata.log_output_dropped_process.str1.4
                0x0000b254        0x3 zephyr/libzephyr.a(log_output.c.obj)
 *fill*         0x0000b257        0x1 
 .rodata.str1.4
                0x0000b258       0x20 zephyr/libzephyr.a(log_output.c.obj)
 .rodata.colors
                0x0000b278       0x14 zephyr/libzephyr.a(log_output.c.obj)
 .rodata.postfix.10983
                0x0000b28c       0x1c zephyr/libzephyr.a(log_output.c.obj)
 .rodata.prefix.10982
                0x0000b2a8        0xc zephyr/libzephyr.a(log_output.c.obj)
 .rodata.severity
                0x0000b2b4       0x14 zephyr/libzephyr.a(log_output.c.obj)
 .rodata.str1.4
                0x0000b2c8       0x10 zephyr/libzephyr.a(log_backend_rtt.c.obj)
 .rodata.log_backend_rtt_api
                0x0000b2d8       0x1c zephyr/libzephyr.a(log_backend_rtt.c.obj)
                0x0000b2d8                log_backend_rtt_api
 .rodata.log_output_rtt
                0x0000b2f4       0x10 zephyr/libzephyr.a(log_backend_rtt.c.obj)
 .rodata.str1.4
                0x0000b304        0x3 zephyr/libzephyr.a(pm.c.obj)
 *fill*         0x0000b307        0x1 
 .rodata.esf_dump.str1.4
                0x0000b308       0x9e zephyr/arch/arch/arm/core/aarch32/libarch__arm__core__aarch32.a(fatal.c.obj)
 *fill*         0x0000b3a6        0x2 
 .rodata.usage_fault.str1.4
                0x0000b3a8       0xd7 zephyr/arch/arch/arm/core/aarch32/cortex_m/libarch__arm__core__aarch32__cortex_m.a(fault.c.obj)
 *fill*         0x0000b47f        0x1 
 .rodata.debug_monitor.str1.4
                0x0000b480       0x24 zephyr/arch/arch/arm/core/aarch32/cortex_m/libarch__arm__core__aarch32__cortex_m.a(fault.c.obj)
 .rodata.bus_fault.str1.4
                0x0000b4a4       0xd7 zephyr/arch/arch/arm/core/aarch32/cortex_m/libarch__arm__core__aarch32__cortex_m.a(fault.c.obj)
 *fill*         0x0000b57b        0x1 
 .rodata.mem_manage_fault.str1.4
                0x0000b57c       0x9b zephyr/arch/arch/arm/core/aarch32/cortex_m/libarch__arm__core__aarch32__cortex_m.a(fault.c.obj)
 *fill*         0x0000b617        0x1 
 .rodata.hard_fault.str1.4
                0x0000b618       0x88 zephyr/arch/arch/arm/core/aarch32/cortex_m/libarch__arm__core__aarch32__cortex_m.a(fault.c.obj)
 .rodata.reserved_exception.str1.4
                0x0000b6a0       0x47 zephyr/arch/arch/arm/core/aarch32/cortex_m/libarch__arm__core__aarch32__cortex_m.a(fault.c.obj)
 *fill*         0x0000b6e7        0x1 
 .rodata.z_arm_fault.str1.4
                0x0000b6e8       0x2b zephyr/arch/arch/arm/core/aarch32/cortex_m/libarch__arm__core__aarch32__cortex_m.a(fault.c.obj)
 *fill*         0x0000b713        0x1 