Archive member included to satisfy reference by file (symbol)

app/libapp.a(main.c.obj)      (--whole-archive)
app/libapp.a(bmx160.c.obj)    (--whole-archive)
zephyr/libzephyr.a(cbprintf.c.obj)
                              (--whole-archive)
zephyr/libzephyr.a(cbprintf_packaged.c.obj)
                              (--whole-archive)
zephyr/libzephyr.a(crc32c_sw.c.obj)
                              (--whole-archive)
zephyr/libzephyr.a(crc32_sw.c.obj)
                              (--whole-archive)
zephyr/libzephyr.a(crc16_sw.c.obj)
                              (--whole-archive)
zephyr/libzephyr.a(crc8_sw.c.obj)
                              (--whole-archive)
zephyr/libzephyr.a(crc7_sw.c.obj)
                              (--whole-archive)
zephyr/libzephyr.a(dec.c.obj)
                              (--whole-archive)
zephyr/libzephyr.a(fdtable.c.obj)
                              (--whole-archive)
zephyr/libzephyr.a(hex.c.obj)
                              (--whole-archive)
zephyr/libzephyr.a(notify.c.obj)
                              (--whole-archive)
zephyr/libzephyr.a(printk.c.obj)
                              (--whole-archive)
zephyr/libzephyr.a(onoff.c.obj)
                              (--whole-archive)
zephyr/libzephyr.a(rb.c.obj)  (--whole-archive)
zephyr/libzephyr.a(sem.c.obj)
                              (--whole-archive)
zephyr/libzephyr.a(thread_entry.c.obj)
                              (--whole-archive)
zephyr/libzephyr.a(timeutil.c.obj)
                              (--whole-archive)
zephyr/libzephyr.a(heap.c.obj)
                              (--whole-archive)
zephyr/libzephyr.a(heap-validate.c.obj)
                              (--whole-archive)
zephyr/libzephyr.a(bitarray.c.obj)
                              (--whole-archive)
zephyr/libzephyr.a(multi_heap.c.obj)
                              (--whole-archive)
zephyr/libzephyr.a(cbprintf_complete.c.obj)
                              (--whole-archive)
zephyr/libzephyr.a(mpsc_pbuf.c.obj)
                              (--whole-archive)
zephyr/libzephyr.a(reboot.c.obj)
                              (--whole-archive)
zephyr/libzephyr.a(configs.c.obj)
                              (--whole-archive)
zephyr/libzephyr.a(soc_nrf_common.S.obj)
                              (--whole-archive)
zephyr/libzephyr.a(validate_base_addresses.c.obj)
                              (--whole-archive)
zephyr/libzephyr.a(validate_enabled_instances.c.obj)
                              (--whole-archive)
zephyr/libzephyr.a(thread_info.c.obj)
                              (--whole-archive)
zephyr/libzephyr.a(log_list.c.obj)
                              (--whole-archive)
zephyr/libzephyr.a(log_core.c.obj)
                              (--whole-archive)
zephyr/libzephyr.a(log_mgmt.c.obj)
                              (--whole-archive)
zephyr/libzephyr.a(log_msg.c.obj)
                              (--whole-archive)
zephyr/libzephyr.a(log_output.c.obj)
                              (--whole-archive)
zephyr/libzephyr.a(log_backend_rtt.c.obj)
                              (--whole-archive)
zephyr/libzephyr.a(pm.c.obj)  (--whole-archive)
zephyr/libzephyr.a(constraint.c.obj)
                              (--whole-archive)
zephyr/libzephyr.a(residency.c.obj)
                              (--whole-archive)
zephyr/libzephyr.a(tracing_none.c.obj)
                              (--whole-archive)
zephyr/arch/common/libarch__common.a(sw_isr_common.c.obj)
                              (--whole-archive)
zephyr/arch/arch/arm/core/aarch32/libarch__arm__core__aarch32.a(cpu_idle.S.obj)
                              (--whole-archive)
zephyr/arch/arch/arm/core/aarch32/libarch__arm__core__aarch32.a(fatal.c.obj)
                              (--whole-archive)
zephyr/arch/arch/arm/core/aarch32/libarch__arm__core__aarch32.a(irq_manage.c.obj)
                              (--whole-archive)
zephyr/arch/arch/arm/core/aarch32/libarch__arm__core__aarch32.a(nmi.c.obj)
                              (--whole-archive)
zephyr/arch/arch/arm/core/aarch32/libarch__arm__core__aarch32.a(nmi_on_reset.S.obj)
                              (--whole-archive)
zephyr/arch/arch/arm/core/aarch32/libarch__arm__core__aarch32.a(prep_c.c.obj)
                              (--whole-archive)
zephyr/arch/arch/arm/core/aarch32/libarch__arm__core__aarch32.a(swap.c.obj)
                              (--whole-archive)
zephyr/arch/arch/arm/core/aarch32/libarch__arm__core__aarch32.a(swap_helper.S.obj)
                              (--whole-archive)
zephyr/arch/arch/arm/core/aarch32/libarch__arm__core__aarch32.a(thread.c.obj)
                              (--whole-archive)
zephyr/arch/arch/arm/core/aarch32/libarch__arm__core__aarch32.a(isr_wrapper.S.obj)
                              (--whole-archive)
zephyr/arch/arch/arm/core/aarch32/cortex_m/libarch__arm__core__aarch32__cortex_m.a(exc_exit.S.obj)
                              (--whole-archive)
[...]
Memory Configuration

Name             Origin             Length             Attributes
FLASH            0x00000000         0x00080000         xr
SRAM             0x20000000         0x00010000         xw
IDT_LIST         0xfffff7ff         0x00000800         xw
*default*        0x00000000         0xffffffff

Linker script and memory map

LOAD zephyr/CMakeFiles/zephyr_pre1.dir/misc/empty_file.c.obj
LOAD zephyr/CMakeFiles/zephyr_pre1.dir/dev_handles.c.obj
                0x00000020                _region_min_align = 0x20

.rel.plt        0x00000000        0x0
 *(SORT_BY_ALIGNMENT(.rel.plt))
                [!provide]                PROVIDE (__rel_iplt_start = .)
 *(SORT_BY_ALIGNMENT(.rel.iplt))
 .rel.iplt      0x00000000        0x0 zephyr/CMakeFiles/zephyr_pre1.dir/dev_handles.c.obj
                [!provide]                PROVIDE (__rel_iplt_end = .)

.rela.plt       0x00000000        0x0
 *(SORT_BY_ALIGNMENT(.rela.plt))
                [!provide]                PROVIDE (__rela_iplt_start = .)
 *(SORT_BY_ALIGNMENT(.rela.iplt))
                [!provide]                PROVIDE (__rela_iplt_end = .)

.rel.dyn
 *(SORT_BY_ALIGNMENT(.rel.*))

.rela.dyn
 *(SORT_BY_ALIGNMENT(.rela.*))

/DISCARD/
 *(SORT_BY_ALIGNMENT(.plt))
 *(SORT_BY_ALIGNMENT(.iplt))
 *(SORT_BY_ALIGNMENT(.got.plt))
 *(SORT_BY_ALIGNMENT(.igot.plt))
 *(SORT_BY_ALIGNMENT(.got))
 *(SORT_BY_ALIGNMENT(.igot))
 *(SORT_BY_ALIGNMENT(.note.GNU-stack))
                0x00000000                __rom_region_start = 0x0

rom_start       0x00000000       0xdc
                0x00000000                . = 0x0
                0x00000000                . = ALIGN (0x4)
                0x00000000                . = ALIGN (0x80)
                0x00000000                . = ALIGN (0x100)
                0x00000000                _vector_start = .
 *(SORT_BY_ALIGNMENT(.exc_vector_table))
 *(SORT_BY_ALIGNMENT(.exc_vector_table.*))
 .exc_vector_table._vector_table_section
                0x00000000       0x40 zephyr/arch/arch/arm/core/aarch32/cortex_m/libarch__arm__core__aarch32__cortex_m.a(vector_table.S.obj)
                0x00000000                _vector_table
 *(SORT_BY_ALIGNMENT(.gnu.linkonce.irq_vector_table*))
 .gnu.linkonce.irq_vector_table
                0x00000040       0x9c zephyr/arch/common/libisr_tables.a(isr_tables.c.obj)
                0x00000040                _irq_vector_table
 *(SORT_BY_ALIGNMENT(.vectors))
                0x000000dc                _vector_end = .

text            0x000000dc     0x8b9c
                0x000000dc                __text_region_start = .
 *(SORT_BY_ALIGNMENT(.text))
 .text          0x000000dc      0x168 c:/ncs/v1.9.1/toolchain/opt/bin/../lib/gcc/arm-none-eabi/9.2.1/thumb/v7e-m/nofp\libgcc.a(_arm_mulsf3.o)
                0x000000dc                __aeabi_fmul
                0x000000dc                __mulsf3
 .text          0x00000244      0x21c c:/ncs/v1.9.1/toolchain/opt/bin/../lib/gcc/arm-none-eabi/9.2.1/thumb/v7e-m/nofp\libgcc.a(_arm_addsubsf3.o)
                0x00000244                __aeabi_frsub
                0x0000024c                __subsf3
                0x0000024c                __aeabi_fsub
                0x00000250                __aeabi_fadd
                0x00000250                __addsf3
                0x000003b0                __aeabi_ui2f
                0x000003b0                __floatunsisf
                0x000003b8                __aeabi_i2f
                0x000003b8                __floatsisf
                0x000003d4                __aeabi_ul2f
                0x000003d4                __floatundisf
                0x000003e4                __aeabi_l2f
                0x000003e4                __floatdisf
 .text          0x00000460       0x30 c:/ncs/v1.9.1/toolchain/opt/bin/../lib/gcc/arm-none-eabi/9.2.1/thumb/v7e-m/nofp\libgcc.a(_aeabi_uldivmod.o)
                0x00000460                __aeabi_uldivmod
 .text          0x00000490      0x2c0 c:/ncs/v1.9.1/toolchain/opt/bin/../lib/gcc/arm-none-eabi/9.2.1/thumb/v7e-m/nofp\libgcc.a(_udivmoddi4.o)
                0x00000490                __udivmoddi4
 .text          0x00000750        0x4 c:/ncs/v1.9.1/toolchain/opt/bin/../lib/gcc/arm-none-eabi/9.2.1/thumb/v7e-m/nofp\libgcc.a(_dvmd_tls.o)
                0x00000750                __aeabi_idiv0
                0x00000750                __aeabi_ldiv0
 *(SORT_BY_ALIGNMENT(.text.*))
 .text.main     0x00000754      0x108 app/libapp.a(main.c.obj)
                0x00000754                main
 .text.setAccelRange_bmx160
                0x0000085c       0x5c app/libapp.a(bmx160.c.obj)
                0x0000085c                setAccelRange_bmx160
 .text.setGyroRange_bmx160
                0x000008b8       0x64 app/libapp.a(bmx160.c.obj)
                0x000008b8                setGyroRange_bmx160
 .text.getData_bmx160
                0x0000091c       0xec app/libapp.a(bmx160.c.obj)
                0x0000091c                getData_bmx160
 .text.__printk_hook_install
                0x00000a08        0xc zephyr/libzephyr.a(printk.c.obj)
                0x00000a08                __printk_hook_install
 .text.vsnprintk
                0x00000a14       0x2c zephyr/libzephyr.a(printk.c.obj)
                0x00000a14                vsnprintk
 .text.process_event
                0x00000a40      0x158 zephyr/libzephyr.a(onoff.c.obj)
 .text.cbvprintf
                0x00000b98      0x9d4 zephyr/libzephyr.a(cbprintf_complete.c.obj)
                0x00000b98                cbvprintf
 .text.is_rodata
                0x0000156c       0x20 zephyr/libzephyr.a(log_core.c.obj)
 .text.thread_set
                0x0000158c       0x28 zephyr/libzephyr.a(log_core.c.obj)
 .text.log_process_thread_timer_expiry_fn
                0x000015b4       0x10 zephyr/libzephyr.a(log_core.c.obj)
 .text.next_pending
                0x000015c4       0x14 zephyr/libzephyr.a(log_core.c.obj)
 .text.enable_logger
                0x000015d8       0x5c zephyr/libzephyr.a(log_core.c.obj)
 .text.log_init
                0x00001634       0x70 zephyr/libzephyr.a(log_core.c.obj)
                0x00001634                log_init
 .text.log_set_timestamp_func
                0x000016a4       0x1c zephyr/libzephyr.a(log_core.c.obj)
                0x000016a4                log_set_timestamp_func
 .text.log_core_init
                0x000016c0       0x48 zephyr/libzephyr.a(log_core.c.obj)
                0x000016c0                log_core_init
 .text.get_msg  0x00001708       0x28 zephyr/libzephyr.a(log_core.c.obj)
                0x00001708                get_msg
 .text.z_log_notify_backend_enabled
                0x00001730       0x20 zephyr/libzephyr.a(log_core.c.obj)
                0x00001730                z_log_notify_backend_enabled
 .text.z_log_dropped
                0x00001750       0x3c zephyr/libzephyr.a(log_core.c.obj)
                0x00001750                z_log_dropped
 .text.z_log_dropped_read_and_clear
                0x0000178c       0x20 zephyr/libzephyr.a(log_core.c.obj)
                0x0000178c                z_log_dropped_read_and_clear
 .text.dropped_notify
                0x000017ac       0x44 zephyr/libzephyr.a(log_core.c.obj)
                0x000017ac                dropped_notify
 .text.z_log_dropped_pending
                0x000017f0       0x14 zephyr/libzephyr.a(log_core.c.obj)
                0x000017f0                z_log_dropped_pending
 .text.z_log_strdup
                0x00001804       0x60 zephyr/libzephyr.a(log_core.c.obj)
                0x00001804                z_log_strdup
 .text.log_is_strdup
                0x00001864       0x24 zephyr/libzephyr.a(log_core.c.obj)
                0x00001864                log_is_strdup
 .text.detect_missed_strdup
                0x00001888       0xa8 zephyr/libzephyr.a(log_core.c.obj)
 .text.msg_process
                0x00001930       0x64 zephyr/libzephyr.a(log_core.c.obj)
 .text.z_impl_log_process
                0x00001994       0x54 zephyr/libzephyr.a(log_core.c.obj)
                0x00001994                z_impl_log_process
 .text.z_log_msg_post_finalize
                0x000019e8       0x90 zephyr/libzephyr.a(log_core.c.obj)
 .text.log_3    0x00001a78       0x7c zephyr/libzephyr.a(log_core.c.obj)
                0x00001a78                log_3
 .text.log_1    0x00001af4       0x6c zephyr/libzephyr.a(log_core.c.obj)
                0x00001af4                log_1
 .text.log_2    0x00001b60       0x78 zephyr/libzephyr.a(log_core.c.obj)
                0x00001b60                log_2
 .text.log_0    0x00001bd8       0x60 zephyr/libzephyr.a(log_core.c.obj)
                0x00001bd8                log_0
 .text.z_log_printk
                0x00001c38       0x60 zephyr/libzephyr.a(log_core.c.obj)
                0x00001c38                z_log_printk
 .text.z_impl_log_panic
                0x00001c98       0x58 zephyr/libzephyr.a(log_core.c.obj)
                0x00001c98                z_impl_log_panic
 .text.log_process_thread_func
                0x00001cf0       0x30 zephyr/libzephyr.a(log_core.c.obj)
 .text.z_log_free
                0x00001d20       0x38 zephyr/libzephyr.a(log_core.c.obj)
                0x00001d20                z_log_free
 .text.log_source_name_get
                0x00001d58       0x20 zephyr/libzephyr.a(log_mgmt.c.obj)
                0x00001d58                log_source_name_get
 .text.log_backend_enable
                0x00001d78       0x24 zephyr/libzephyr.a(log_mgmt.c.obj)
                0x00001d78                log_backend_enable
 .text.cont_free
                0x00001d9c       0x20 zephyr/libzephyr.a(log_msg.c.obj)
 .text.log_msg_pool_init
                0x00001dbc       0x18 zephyr/libzephyr.a(log_msg.c.obj)
                0x00001dbc                log_msg_pool_init
 .text.log_msg_no_space_handle
                0x00001dd4       0x30 zephyr/libzephyr.a(log_msg.c.obj)
                0x00001dd4                log_msg_no_space_handle
 .text.log_msg_chunk_alloc
                0x00001e04       0x38 zephyr/libzephyr.a(log_msg.c.obj)
                0x00001e04                log_msg_chunk_alloc
 .text.msg_free
                0x00001e3c       0x80 zephyr/libzephyr.a(log_msg.c.obj)
 .text.print_formatted
                0x00001ebc       0x24 zephyr/libzephyr.a(log_output.c.obj)
 .text.timestamp_print
                0x00001ee0       0x8c zephyr/libzephyr.a(log_output.c.obj)
 .text.color_print
                0x00001f6c       0x2c zephyr/libzephyr.a(log_output.c.obj)
 .text.newline_print
                0x00001f98       0x28 zephyr/libzephyr.a(log_output.c.obj)
 .text.hexdump_line_print
                0x00001fc0       0xbc zephyr/libzephyr.a(log_output.c.obj)
 .text.ids_print
                0x0000207c       0x6c zephyr/libzephyr.a(log_output.c.obj)
 .text.prefix_print
                0x000020e8       0x78 zephyr/libzephyr.a(log_output.c.obj)
 .text.hexdump_print
                0x00002160       0x54 zephyr/libzephyr.a(log_output.c.obj)
 .text.raw_string_print
                0x000021b4       0x5c zephyr/libzephyr.a(log_output.c.obj)
 .text.log_output_dropped_process
                0x00002210       0x58 zephyr/libzephyr.a(log_output.c.obj)
                0x00002210                log_output_dropped_process
 .text.log_output_timestamp_freq_set
                0x00002268       0x2c zephyr/libzephyr.a(log_output.c.obj)
                0x00002268                log_output_timestamp_freq_set
 .text.log_backend_rtt_init
                0x00002294        0xc zephyr/libzephyr.a(log_backend_rtt.c.obj)
 .text.on_failed_write
                0x000022a0       0x30 zephyr/libzephyr.a(log_backend_rtt.c.obj)
 .text.on_write
                0x000022d0       0x38 zephyr/libzephyr.a(log_backend_rtt.c.obj)
 .text.data_out_block_mode
                0x00002308       0x88 zephyr/libzephyr.a(log_backend_rtt.c.obj)
 .text.panic    0x00002390       0x18 zephyr/libzephyr.a(log_backend_rtt.c.obj)
 .text.dropped  0x000023a8       0x10 zephyr/libzephyr.a(log_backend_rtt.c.obj)
 .text.put      0x000023b8       0x20 zephyr/libzephyr.a(log_backend_rtt.c.obj)
 .text.pm_system_resume
                0x000023d8       0xcc zephyr/libzephyr.a(pm.c.obj)
                0x000023d8                pm_system_resume
 .text.pm_system_suspend
                0x000024a4      0x17c zephyr/libzephyr.a(pm.c.obj)
                0x000024a4                pm_system_suspend
 .text.z_arm_cpu_idle_init
                0x00002620        0xc zephyr/arch/arch/arm/core/aarch32/libarch__arm__core__aarch32.a(cpu_idle.S.obj)
                0x00002620                z_arm_cpu_idle_init
 .text.arch_cpu_idle
                0x0000262c       0x1c zephyr/arch/arch/arm/core/aarch32/libarch__arm__core__aarch32.a(cpu_idle.S.obj)
                0x0000262c                arch_cpu_idle
 .text.arch_cpu_atomic_idle
                0x00002648       0x14 zephyr/arch/arch/arm/core/aarch32/libarch__arm__core__aarch32.a(cpu_idle.S.obj)
                0x00002648                arch_cpu_atomic_idle
 .text.esf_dump
                0x0000265c       0x9c zephyr/arch/arch/arm/core/aarch32/libarch__arm__core__aarch32.a(fatal.c.obj)
 .text.arch_irq_enable
                0x000026f8       0x20 zephyr/arch/arch/arm/core/aarch32/libarch__arm__core__aarch32.a(irq_manage.c.obj)
                0x000026f8                arch_irq_enable
 .text.arch_irq_disable
                0x00002718       0x28 zephyr/arch/arch/arm/core/aarch32/libarch__arm__core__aarch32.a(irq_manage.c.obj)
                0x00002718                arch_irq_disable
 .text.arch_irq_is_enabled
                0x00002740       0x1c zephyr/arch/arch/arm/core/aarch32/libarch__arm__core__aarch32.a(irq_manage.c.obj)
                0x00002740                arch_irq_is_enabled
 .text.z_arm_irq_priority_set
                0x0000275c       0x2c zephyr/arch/arch/arm/core/aarch32/libarch__arm__core__aarch32.a(irq_manage.c.obj)
                0x0000275c                z_arm_irq_priority_set
 .text.z_SysNmiOnReset
                0x00002788        0x8 zephyr/arch/arch/arm/core/aarch32/libarch__arm__core__aarch32.a(nmi_on_reset.S.obj)
                0x00002788                z_SysNmiOnReset
 .text.z_arm_prep_c
                0x00002790       0x38 zephyr/arch/arch/arm/core/aarch32/libarch__arm__core__aarch32.a(prep_c.c.obj)
                0x00002790                z_arm_prep_c
 .text.arch_swap
                0x000027c8       0x38 zephyr/arch/arch/arm/core/aarch32/libarch__arm__core__aarch32.a(swap.c.obj)
                0x000027c8                arch_swap
 .text.z_arm_pendsv
                0x00002800       0x58 zephyr/arch/arch/arm/core/aarch32/libarch__arm__core__aarch32.a(swap_helper.S.obj)
                0x00002800                z_arm_pendsv
 .text.z_arm_svc
                0x00002858       0x20 zephyr/arch/arch/arm/core/aarch32/libarch__arm__core__aarch32.a(swap_helper.S.obj)
                0x00002858                z_arm_svc
 .text.arch_new_thread
                0x00002878       0x40 zephyr/arch/arch/arm/core/aarch32/libarch__arm__core__aarch32.a(thread.c.obj)
                0x00002878                arch_new_thread
 .text.z_check_thread_stack_fail
                0x000028b8       0x60 zephyr/arch/arch/arm/core/aarch32/libarch__arm__core__aarch32.a(thread.c.obj)
                0x000028b8                z_check_thread_stack_fail
 .text.arch_switch_to_main_thread
                0x00002918       0x2c zephyr/arch/arch/arm/core/aarch32/libarch__arm__core__aarch32.a(thread.c.obj)
                0x00002918                arch_switch_to_main_thread
 .text._isr_wrapper
                0x00002944       0x40 zephyr/arch/arch/arm/core/aarch32/libarch__arm__core__aarch32.a(isr_wrapper.S.obj)
                0x00002944                _isr_wrapper
 .text._HandlerModeExit
                0x00002984       0x1c zephyr/arch/arch/arm/core/aarch32/cortex_m/libarch__arm__core__aarch32__cortex_m.a(exc_exit.S.obj)
                0x00002984                z_arm_int_exit
                0x00002984                z_arm_exc_exit
 .text.usage_fault
                0x000029a0      0x164 zephyr/arch/arch/arm/core/aarch32/cortex_m/libarch__arm__core__aarch32__cortex_m.a(fault.c.obj)
 .text.debug_monitor
                0x00002b04       0x34 zephyr/arch/arch/arm/core/aarch32/cortex_m/libarch__arm__core__aarch32__cortex_m.a(fault.c.obj)
 .text.bus_fault
                0x00002b38      0x1b0 zephyr/arch/arch/arm/core/aarch32/cortex_m/libarch__arm__core__aarch32__cortex_m.a(fault.c.obj)
 .text.mem_manage_fault
                0x00002ce8      0x1c4 zephyr/arch/arch/arm/core/aarch32/cortex_m/libarch__arm__core__aarch32__cortex_m.a(fault.c.obj)
 .text.hard_fault
                0x00002eac      0x14c zephyr/arch/arch/arm/core/aarch32/cortex_m/libarch__arm__core__aarch32__cortex_m.a(fault.c.obj)
 .text.reserved_exception
                0x00002ff8       0x48 zephyr/arch/arch/arm/core/aarch32/cortex_m/libarch__arm__core__aarch32__cortex_m.a(fault.c.obj)
 .text.z_arm_fault
                0x00003040       0xc4 zephyr/arch/arch/arm/core/aarch32/cortex_m/libarch__arm__core__aarch32__cortex_m.a(fault.c.obj)
                0x00003040                z_arm_fault
 .text.z_arm_fault_init
                0x00003104       0x10 zephyr/arch/arch/arm/core/aarch32/cortex_m/libarch__arm__core__aarch32__cortex_m.a(fault.c.obj)
                0x00003104                z_arm_fault_init
 .text.__fault  0x00003114       0x14 zephyr/arch/arch/arm/core/aarch32/cortex_m/libarch__arm__core__aarch32__cortex_m.a(fault_s.S.obj)
                0x00003114                z_arm_usage_fault
                0x00003114                z_arm_mpu_fault
                0x00003114                z_arm_exc_spurious
                0x00003114                z_arm_debug_monitor
                0x00003114                z_arm_hard_fault
                0x00003114                z_arm_bus_fault
 .text.z_arm_interrupt_init
                0x00003128       0x34 zephyr/arch/arch/arm/core/aarch32/cortex_m/libarch__arm__core__aarch32__cortex_m.a(irq_init.c.obj)
                0x00003128                z_arm_interrupt_init
 .text._reset_section
                0x0000315c       0x54 zephyr/arch/arch/arm/core/aarch32/cortex_m/libarch__arm__core__aarch32__cortex_m.a(reset.S.obj)
                0x0000315c                __start
                0x0000315c                z_arm_reset
 .text.z_arm_clear_arm_mpu_config
                0x000031b0       0x20 zephyr/arch/arch/arm/core/aarch32/cortex_m/libarch__arm__core__aarch32__cortex_m.a(scb.c.obj)
                0x000031b0                z_arm_clear_arm_mpu_config
 .text.z_arm_init_arch_hw_at_boot
                0x000031d0       0x54 zephyr/arch/arch/arm/core/aarch32/cortex_m/libarch__arm__core__aarch32__cortex_m.a(scb.c.obj)
                0x000031d0                z_arm_init_arch_hw_at_boot
 .text.z_impl_k_thread_abort
                0x00003224       0x2c zephyr/arch/arch/arm/core/aarch32/cortex_m/libarch__arm__core__aarch32__cortex_m.a(thread_abort.c.obj)
                0x00003224                z_impl_k_thread_abort
 .text.z_arm_configure_static_mpu_regions
                0x00003250       0x1c zephyr/arch/arch/arm/core/aarch32/mpu/libarch__arm__core__aarch32__mpu.a(arm_core_mpu.c.obj)
                0x00003250                z_arm_configure_static_mpu_regions
 .text.z_arm_configure_dynamic_mpu_regions
                0x0000326c       0x24 zephyr/arch/arch/arm/core/aarch32/mpu/libarch__arm__core__aarch32__mpu.a(arm_core_mpu.c.obj)
                0x0000326c                z_arm_configure_dynamic_mpu_regions
 .text.region_init
                0x00003290       0x20 zephyr/arch/arch/arm/core/aarch32/mpu/libarch__arm__core__aarch32__mpu.a(arm_mpu.c.obj)
 .text.region_allocate_and_init
                0x000032b0       0x44 zephyr/arch/arch/arm/core/aarch32/mpu/libarch__arm__core__aarch32__mpu.a(arm_mpu.c.obj)
 .text.mpu_configure_regions
                0x000032f4       0x80 zephyr/arch/arch/arm/core/aarch32/mpu/libarch__arm__core__aarch32__mpu.a(arm_mpu.c.obj)
 .text.mpu_configure_static_mpu_regions
                0x00003374       0x14 zephyr/arch/arch/arm/core/aarch32/mpu/libarch__arm__core__aarch32__mpu.a(arm_mpu.c.obj)
 .text.mpu_configure_dynamic_mpu_regions
                0x00003388       0x30 zephyr/arch/arch/arm/core/aarch32/mpu/libarch__arm__core__aarch32__mpu.a(arm_mpu.c.obj)
 .text.arm_core_mpu_enable
                0x000033b8       0x14 zephyr/arch/arch/arm/core/aarch32/mpu/libarch__arm__core__aarch32__mpu.a(arm_mpu.c.obj)
                0x000033b8                arm_core_mpu_enable
 .text.arm_core_mpu_disable
                0x000033cc       0x10 zephyr/arch/arch/arm/core/aarch32/mpu/libarch__arm__core__aarch32__mpu.a(arm_mpu.c.obj)
                0x000033cc                arm_core_mpu_disable
 .text.z_arm_mpu_init
                0x000033dc       0x44 zephyr/arch/arch/arm/core/aarch32/mpu/libarch__arm__core__aarch32__mpu.a(arm_mpu.c.obj)
                0x000033dc                z_arm_mpu_init
 .text.__stdout_hook_install
                0x00003420        0xc zephyr/lib/libc/minimal/liblib__libc__minimal.a(stdout_console.c.obj)
                0x00003420                __stdout_hook_install
 .text.nordicsemi_nrf52_init
                0x0000342c       0x28 zephyr/soc/arm/nordic_nrf/nrf52/libsoc__arm__nordic_nrf__nrf52.a(soc.c.obj)
 .text.sys_arch_reboot
                0x00003454       0x2c zephyr/soc/arm/nordic_nrf/nrf52/libsoc__arm__nordic_nrf__nrf52.a(soc.c.obj)
                0x00003454                sys_arch_reboot
 .text.arch_busy_wait
                0x00003480       0x18 zephyr/soc/arm/nordic_nrf/nrf52/libsoc__arm__nordic_nrf__nrf52.a(soc.c.obj)
                0x00003480                arch_busy_wait
 .text.get_hf_flags
                0x00003498        0x8 zephyr/drivers/clock_control/libdrivers__clock_control.a(clock_control_nrf.c.obj)
 .text.get_subsys
                0x000034a0       0x18 zephyr/drivers/clock_control/libdrivers__clock_control.a(clock_control_nrf.c.obj)
 .text.onoff_stop
                0x000034b8       0x20 zephyr/drivers/clock_control/libdrivers__clock_control.a(clock_control_nrf.c.obj)
 .text.onoff_start
                0x000034d8       0x34 zephyr/drivers/clock_control/libdrivers__clock_control.a(clock_control_nrf.c.obj)
 .text.clock_event_handler
                0x0000350c       0x34 zephyr/drivers/clock_control/libdrivers__clock_control.a(clock_control_nrf.c.obj)
 .text.generic_hfclk_start
                0x00003540       0x68 zephyr/drivers/clock_control/libdrivers__clock_control.a(clock_control_nrf.c.obj)
 .text.generic_hfclk_stop
                0x000035a8       0x30 zephyr/drivers/clock_control/libdrivers__clock_control.a(clock_control_nrf.c.obj)
 .text.api_blocking_start
                0x000035d8       0x38 zephyr/drivers/clock_control/libdrivers__clock_control.a(clock_control_nrf.c.obj)
 .text.lfclk_start
                0x00003610       0x24 zephyr/drivers/clock_control/libdrivers__clock_control.a(clock_control_nrf.c.obj)
 .text.clk_init
                0x00003634       0x68 zephyr/drivers/clock_control/libdrivers__clock_control.a(clock_control_nrf.c.obj)
 .text.lfclk_spinwait
                0x0000369c       0xe8 zephyr/drivers/clock_control/libdrivers__clock_control.a(clock_control_nrf.c.obj)
 .text.z_nrf_clock_control_lf_on
                0x00003784       0x54 zephyr/drivers/clock_control/libdrivers__clock_control.a(clock_control_nrf.c.obj)
                0x00003784                z_nrf_clock_control_lf_on
 .text.rtt_console_init
                0x000037d8       0x18 zephyr/drivers/console/libdrivers__console.a(rtt_console.c.obj)
 .text.rtt_console_out
                0x000037f0       0x64 zephyr/drivers/console/libdrivers__console.a(rtt_console.c.obj)
 .text.get_drive
                0x00003854       0x8c zephyr/drivers/gpio/libdrivers__gpio.a(gpio_nrfx.c.obj)
 .text.get_dev  0x000038e0       0x10 zephyr/drivers/gpio/libdrivers__gpio.a(gpio_nrfx.c.obj)
 .text.gpio_nrfx_pin_interrupt_configure
                0x000038f0       0xbc zephyr/drivers/gpio/libdrivers__gpio.a(gpio_nrfx.c.obj)
 .text.pin_uninit
                0x000039ac       0x48 zephyr/drivers/gpio/libdrivers__gpio.a(gpio_nrfx.c.obj)
 .text.gpio_nrfx_pin_configure
                0x000039f4      0x104 zephyr/drivers/gpio/libdrivers__gpio.a(gpio_nrfx.c.obj)
 .text.gpio_nrfx_init
                0x00003af8       0x3c zephyr/drivers/gpio/libdrivers__gpio.a(gpio_nrfx.c.obj)
 .text.configure
                0x00003b34      0x25c zephyr/drivers/spi/libdrivers__spi.a(spi_nrfx_spi.c.obj)
 .text.spi_0_init
                0x00003d90      0x11c zephyr/drivers/spi/libdrivers__spi.a(spi_nrfx_spi.c.obj)
 .text.transfer_next_chunk
                0x00003eac       0xe4 zephyr/drivers/spi/libdrivers__spi.a(spi_nrfx_spi.c.obj)
 .text.transceive
                0x00003f90      0x1a8 zephyr/drivers/spi/libdrivers__spi.a(spi_nrfx_spi.c.obj)
 .text.event_handler
                0x00004138       0xf0 zephyr/drivers/spi/libdrivers__spi.a(spi_nrfx_spi.c.obj)
 .text.set_comparator
                0x00004228       0x14 zephyr/drivers/timer/libdrivers__timer.a(nrf_rtc_timer.c.obj)
 .text.get_comparator
                0x0000423c       0x10 zephyr/drivers/timer/libdrivers__timer.a(nrf_rtc_timer.c.obj)
 .text.event_enable
                0x0000424c       0x14 zephyr/drivers/timer/libdrivers__timer.a(nrf_rtc_timer.c.obj)
 .text.event_disable
                0x00004260       0x14 zephyr/drivers/timer/libdrivers__timer.a(nrf_rtc_timer.c.obj)
 .text.counter  0x00004274        0xc zephyr/drivers/timer/libdrivers__timer.a(nrf_rtc_timer.c.obj)
 .text.compare_int_lock
                0x00004280       0x50 zephyr/drivers/timer/libdrivers__timer.a(nrf_rtc_timer.c.obj)
 .text.channel_processing_check_and_clear
                0x000042d0       0x78 zephyr/drivers/timer/libdrivers__timer.a(nrf_rtc_timer.c.obj)
 .text.compare_int_unlock
                0x00004348       0x60 zephyr/drivers/timer/libdrivers__timer.a(nrf_rtc_timer.c.obj)
 .text.sys_clock_timeout_handler
                0x000043a8       0x74 zephyr/drivers/timer/libdrivers__timer.a(nrf_rtc_timer.c.obj)
 .text.z_nrf_rtc_timer_read
                0x0000441c       0x40 zephyr/drivers/timer/libdrivers__timer.a(nrf_rtc_timer.c.obj)
                0x0000441c                z_nrf_rtc_timer_read
 .text.compare_set_nolocks
                0x0000445c       0xa4 zephyr/drivers/timer/libdrivers__timer.a(nrf_rtc_timer.c.obj)
 .text.sys_clock_driver_init
                0x00004500       0x9c zephyr/drivers/timer/libdrivers__timer.a(nrf_rtc_timer.c.obj)
 .text.process_channel
                0x0000459c       0x74 zephyr/drivers/timer/libdrivers__timer.a(nrf_rtc_timer.c.obj)
 .text.rtc_nrf_isr
                0x00004610       0x44 zephyr/drivers/timer/libdrivers__timer.a(nrf_rtc_timer.c.obj)
                0x00004610                rtc_nrf_isr
 .text.sys_clock_set_timeout
                0x00004654       0x68 zephyr/drivers/timer/libdrivers__timer.a(nrf_rtc_timer.c.obj)
                0x00004654                sys_clock_set_timeout
 .text.sys_clock_elapsed
                0x000046bc       0x14 zephyr/drivers/timer/libdrivers__timer.a(nrf_rtc_timer.c.obj)
                0x000046bc                sys_clock_elapsed
 .text.k_sys_fatal_error_handler
                0x000046d0       0x38 modules/nrf/lib/fatal_error/lib..__nrf__lib__fatal_error.a(fatal_error.c.obj)
                0x000046d0                k_sys_fatal_error_handler
 .text.nrf52_errata_12
                0x00004708       0x24 modules/hal_nordic/nrfx/libmodules__hal_nordic__nrfx.a(system_nrf52.c.obj)
 .text.nrf52_errata_16
                0x0000472c       0x2c modules/hal_nordic/nrfx/libmodules__hal_nordic__nrfx.a(system_nrf52.c.obj)
 .text.nrf52_errata_31
                0x00004758       0x24 modules/hal_nordic/nrfx/libmodules__hal_nordic__nrfx.a(system_nrf52.c.obj)
 .text.nrf52_errata_32
                0x0000477c       0x2c modules/hal_nordic/nrfx/libmodules__hal_nordic__nrfx.a(system_nrf52.c.obj)
 .text.nrf52_errata_36
                0x000047a8       0x24 modules/hal_nordic/nrfx/libmodules__hal_nordic__nrfx.a(system_nrf52.c.obj)
 .text.nrf52_errata_37
                0x000047cc       0x2c modules/hal_nordic/nrfx/libmodules__hal_nordic__nrfx.a(system_nrf52.c.obj)
 .text.nrf52_errata_57
                0x000047f8       0x2c modules/hal_nordic/nrfx/libmodules__hal_nordic__nrfx.a(system_nrf52.c.obj)
 .text.nrf52_errata_66
                0x00004824       0x44 modules/hal_nordic/nrfx/libmodules__hal_nordic__nrfx.a(system_nrf52.c.obj)
 .text.nrf52_errata_108
                0x00004868       0x24 modules/hal_nordic/nrfx/libmodules__hal_nordic__nrfx.a(system_nrf52.c.obj)
 .text.nrf52_errata_136
                0x0000488c       0x24 modules/hal_nordic/nrfx/libmodules__hal_nordic__nrfx.a(system_nrf52.c.obj)
 .text.nrf52_errata_182
                0x000048b0       0x2c modules/hal_nordic/nrfx/libmodules__hal_nordic__nrfx.a(system_nrf52.c.obj)
 .text.nrf52_configuration_249
                0x000048dc       0x2c modules/hal_nordic/nrfx/libmodules__hal_nordic__nrfx.a(system_nrf52.c.obj)
 .text.SystemCoreClockUpdate
                0x00004908       0x10 modules/hal_nordic/nrfx/libmodules__hal_nordic__nrfx.a(system_nrf52.c.obj)
                0x00004908                SystemCoreClockUpdate
 .text.SystemInit
                0x00004918      0x1ac modules/hal_nordic/nrfx/libmodules__hal_nordic__nrfx.a(system_nrf52.c.obj)
                0x00004918                SystemInit
 .text.nrfx_flag32_alloc
                0x00004ac4       0x48 modules/hal_nordic/nrfx/libmodules__hal_nordic__nrfx.a(nrfx_flag32_allocator.c.obj)
                0x00004ac4                nrfx_flag32_alloc
 .text.nrfx_flag32_free
                0x00004b0c       0x48 modules/hal_nordic/nrfx/libmodules__hal_nordic__nrfx.a(nrfx_flag32_allocator.c.obj)
                0x00004b0c                nrfx_flag32_free
 .text.nrfx_clock_anomaly_132
                0x00004b54       0x38 modules/hal_nordic/nrfx/libmodules__hal_nordic__nrfx.a(nrfx_clock.c.obj)
 .text.nrfx_clock_init
                0x00004b8c       0x28 modules/hal_nordic/nrfx/libmodules__hal_nordic__nrfx.a(nrfx_clock.c.obj)
                0x00004b8c                nrfx_clock_init
 .text.nrfx_clock_start
                0x00004bb4       0x7c modules/hal_nordic/nrfx/libmodules__hal_nordic__nrfx.a(nrfx_clock.c.obj)
                0x00004bb4                nrfx_clock_start
 .text.nrfx_clock_stop
                0x00004c30      0x118 modules/hal_nordic/nrfx/libmodules__hal_nordic__nrfx.a(nrfx_clock.c.obj)
                0x00004c30                nrfx_clock_stop
 .text.nrfx_power_clock_irq_handler
                0x00004d48       0x7c modules/hal_nordic/nrfx/libmodules__hal_nordic__nrfx.a(nrfx_clock.c.obj)
                0x00004d48                nrfx_power_clock_irq_handler
 .text.pin_in_use
                0x00004dc4       0x14 modules/hal_nordic/nrfx/libmodules__hal_nordic__nrfx.a(nrfx_gpiote.c.obj)
 .text.pin_in_use_by_te
                0x00004dd8       0x14 modules/hal_nordic/nrfx/libmodules__hal_nordic__nrfx.a(nrfx_gpiote.c.obj)
 .text.pin_has_trigger
                0x00004dec       0x18 modules/hal_nordic/nrfx/libmodules__hal_nordic__nrfx.a(nrfx_gpiote.c.obj)
 .text.pin_is_output
                0x00004e04       0x14 modules/hal_nordic/nrfx/libmodules__hal_nordic__nrfx.a(nrfx_gpiote.c.obj)
 .text.pin_te_get
                0x00004e18       0x10 modules/hal_nordic/nrfx/libmodules__hal_nordic__nrfx.a(nrfx_gpiote.c.obj)
 .text.handler_in_use
                0x00004e28       0x34 modules/hal_nordic/nrfx/libmodules__hal_nordic__nrfx.a(nrfx_gpiote.c.obj)
 .text.find_handler
                0x00004e5c       0x2c modules/hal_nordic/nrfx/libmodules__hal_nordic__nrfx.a(nrfx_gpiote.c.obj)
 .text.channel_handler_get
                0x00004e88       0x20 modules/hal_nordic/nrfx/libmodules__hal_nordic__nrfx.a(nrfx_gpiote.c.obj)
 .text.call_handler
                0x00004ea8       0x2c modules/hal_nordic/nrfx/libmodules__hal_nordic__nrfx.a(nrfx_gpiote.c.obj)
 .text.release_handler
                0x00004ed4       0x44 modules/hal_nordic/nrfx/libmodules__hal_nordic__nrfx.a(nrfx_gpiote.c.obj)
 .text.pin_handler_trigger_uninit
                0x00004f18       0x38 modules/hal_nordic/nrfx/libmodules__hal_nordic__nrfx.a(nrfx_gpiote.c.obj)
 .text.pin_handler_set
                0x00004f50       0x6c modules/hal_nordic/nrfx/libmodules__hal_nordic__nrfx.a(nrfx_gpiote.c.obj)
 .text.port_event_handle
                0x00004fbc       0xa4 modules/hal_nordic/nrfx/libmodules__hal_nordic__nrfx.a(nrfx_gpiote.c.obj)
 .text.gpiote_evt_handle
                0x00005060       0x40 modules/hal_nordic/nrfx/libmodules__hal_nordic__nrfx.a(nrfx_gpiote.c.obj)
 .text.nrfx_gpiote_input_configure
                0x000050a0      0x160 modules/hal_nordic/nrfx/libmodules__hal_nordic__nrfx.a(nrfx_gpiote.c.obj)
                0x000050a0                nrfx_gpiote_input_configure
 .text.nrfx_gpiote_output_configure
                0x00005200      0x170 modules/hal_nordic/nrfx/libmodules__hal_nordic__nrfx.a(nrfx_gpiote.c.obj)
                0x00005200                nrfx_gpiote_output_configure
 .text.nrfx_gpiote_global_callback_set
                0x00005370        0xc modules/hal_nordic/nrfx/libmodules__hal_nordic__nrfx.a(nrfx_gpiote.c.obj)
                0x00005370                nrfx_gpiote_global_callback_set
 .text.nrfx_gpiote_channel_get
                0x0000537c       0x30 modules/hal_nordic/nrfx/libmodules__hal_nordic__nrfx.a(nrfx_gpiote.c.obj)
                0x0000537c                nrfx_gpiote_channel_get
 .text.nrfx_gpiote_init
                0x000053ac       0x54 modules/hal_nordic/nrfx/libmodules__hal_nordic__nrfx.a(nrfx_gpiote.c.obj)
                0x000053ac                nrfx_gpiote_init
 .text.nrfx_gpiote_is_init
                0x00005400       0x14 modules/hal_nordic/nrfx/libmodules__hal_nordic__nrfx.a(nrfx_gpiote.c.obj)
                0x00005400                nrfx_gpiote_is_init
 .text.nrfx_gpiote_channel_free
                0x00005414       0x10 modules/hal_nordic/nrfx/libmodules__hal_nordic__nrfx.a(nrfx_gpiote.c.obj)
                0x00005414                nrfx_gpiote_channel_free
 .text.nrfx_gpiote_channel_alloc
                0x00005424       0x10 modules/hal_nordic/nrfx/libmodules__hal_nordic__nrfx.a(nrfx_gpiote.c.obj)
                0x00005424                nrfx_gpiote_channel_alloc
 .text.nrfx_gpiote_trigger_enable
                0x00005434       0xb0 modules/hal_nordic/nrfx/libmodules__hal_nordic__nrfx.a(nrfx_gpiote.c.obj)
                0x00005434                nrfx_gpiote_trigger_enable
 .text.nrfx_gpiote_trigger_disable
                0x000054e4       0x54 modules/hal_nordic/nrfx/libmodules__hal_nordic__nrfx.a(nrfx_gpiote.c.obj)
                0x000054e4                nrfx_gpiote_trigger_disable
 .text.nrfx_gpiote_pin_uninit
                0x00005538       0x38 modules/hal_nordic/nrfx/libmodules__hal_nordic__nrfx.a(nrfx_gpiote.c.obj)
                0x00005538                nrfx_gpiote_pin_uninit
 .text.nrfx_gpiote_irq_handler
                0x00005570       0x60 modules/hal_nordic/nrfx/libmodules__hal_nordic__nrfx.a(nrfx_gpiote.c.obj)
                0x00005570                nrfx_gpiote_irq_handler
 .text.nrfx_spi_init
                0x000055d0       0xb4 modules/hal_nordic/nrfx/libmodules__hal_nordic__nrfx.a(nrfx_spi.c.obj)
                0x000055d0                nrfx_spi_init
 .text.nrfx_spi_uninit
                0x00005684       0xb4 modules/hal_nordic/nrfx/libmodules__hal_nordic__nrfx.a(nrfx_spi.c.obj)
                0x00005684                nrfx_spi_uninit
 .text.nrfx_spi_xfer
                0x00005738       0xa0 modules/hal_nordic/nrfx/libmodules__hal_nordic__nrfx.a(nrfx_spi.c.obj)
                0x00005738                nrfx_spi_xfer
 .text.nrfx_spi_0_irq_handler
                0x000057d8       0x14 modules/hal_nordic/nrfx/libmodules__hal_nordic__nrfx.a(nrfx_spi.c.obj)
                0x000057d8                nrfx_spi_0_irq_handler
 .text._DoInit  0x000057ec       0x60 modules/segger/libmodules__segger.a(SEGGER_RTT.c.obj)
 .text.SEGGER_RTT_WriteSkipNoLock
                0x0000584c       0xc8 modules/segger/libmodules__segger.a(SEGGER_RTT.c.obj)
                0x0000584c                SEGGER_RTT_WriteSkipNoLock
 .text.SEGGER_RTT_WriteNoLock
                0x00005914       0x6c modules/segger/libmodules__segger.a(SEGGER_RTT.c.obj)
                0x00005914                SEGGER_RTT_WriteNoLock
 .text.SEGGER_RTT_HasDataUp
                0x00005980       0x20 modules/segger/libmodules__segger.a(SEGGER_RTT.c.obj)
                0x00005980                SEGGER_RTT_HasDataUp
 .text.z_device_state_init
                0x000059a0       0x18 zephyr/kernel/libkernel.a(device.c.obj)
                0x000059a0                z_device_state_init
 .text.z_sys_init_run_level
                0x000059b8       0x50 zephyr/kernel/libkernel.a(device.c.obj)
                0x000059b8                z_sys_init_run_level
 .text.z_impl_device_get_binding
                0x00005a08       0x64 zephyr/kernel/libkernel.a(device.c.obj)
                0x00005a08                z_impl_device_get_binding
 .text.reason_to_str
                0x00005a6c       0x40 zephyr/kernel/libkernel.a(fatal.c.obj)
 .text.thread_name_get
                0x00005aac       0x20 zephyr/kernel/libkernel.a(fatal.c.obj)
 .text.z_fatal_error
                0x00005acc       0xdc zephyr/kernel/libkernel.a(fatal.c.obj)
                0x00005acc                z_fatal_error
 .text.init_idle_thread
                0x00005ba8       0x70 zephyr/kernel/libkernel.a(init.c.obj)
 .text.prepare_multithreading
                0x00005c18       0x94 zephyr/kernel/libkernel.a(init.c.obj)
 .text.bg_thread_main
                0x00005cac       0x34 zephyr/kernel/libkernel.a(init.c.obj)
 .text.switch_to_main_thread
                0x00005ce0       0x14 zephyr/kernel/libkernel.a(init.c.obj)
 .text.z_bss_zero
                0x00005cf4       0x18 zephyr/kernel/libkernel.a(init.c.obj)
                0x00005cf4                z_bss_zero
 .text.z_cstart
                0x00005d0c       0x88 zephyr/kernel/libkernel.a(init.c.obj)
                0x00005d0c                z_cstart
 .text.init_mem_slab_module
                0x00005d94       0x24 zephyr/kernel/libkernel.a(mem_slab.c.obj)
 .text.k_mem_slab_alloc
                0x00005db8       0x6c zephyr/kernel/libkernel.a(mem_slab.c.obj)
                0x00005db8                k_mem_slab_alloc
 .text.z_thread_monitor_exit
                0x00005e24       0x40 zephyr/kernel/libkernel.a(thread.c.obj)
                0x00005e24                z_thread_monitor_exit
 .text.z_impl_k_thread_name_set
                0x00005e64       0x24 zephyr/kernel/libkernel.a(thread.c.obj)
                0x00005e64                z_impl_k_thread_name_set
 .text.schedule_new_thread
                0x00005e88       0x24 zephyr/kernel/libkernel.a(thread.c.obj)
 .text.z_setup_new_thread
                0x00005eac       0xc8 zephyr/kernel/libkernel.a(thread.c.obj)
                0x00005eac                z_setup_new_thread
 .text.z_init_static_threads
                0x00005f74       0x9c zephyr/kernel/libkernel.a(thread.c.obj)
                0x00005f74                z_init_static_threads
 .text.idle     0x00006010       0x30 zephyr/kernel/libkernel.a(idle.c.obj)
                0x00006010                idle
 .text.z_impl_k_mutex_lock
                0x00006040      0x114 zephyr/kernel/libkernel.a(mutex.c.obj)
                0x00006040                z_impl_k_mutex_lock
 .text.z_impl_k_mutex_unlock
                0x00006154       0x88 zephyr/kernel/libkernel.a(mutex.c.obj)
                0x00006154                z_impl_k_mutex_unlock
 .text.z_impl_k_sem_give
                0x000061dc       0x48 zephyr/kernel/libkernel.a(sem.c.obj)
                0x000061dc                z_impl_k_sem_give
 .text.z_impl_k_sem_take
                0x00006224       0x54 zephyr/kernel/libkernel.a(sem.c.obj)
                0x00006224                z_impl_k_sem_take
 .text.add_thread_timeout
                0x00006278       0x20 zephyr/kernel/libkernel.a(sched.c.obj)
 .text.z_reset_time_slice
                0x00006298       0x2c zephyr/kernel/libkernel.a(sched.c.obj)
                0x00006298                z_reset_time_slice
 .text.k_sched_time_slice_set
                0x000062c4       0x78 zephyr/kernel/libkernel.a(sched.c.obj)
                0x000062c4                k_sched_time_slice_set
 .text.z_reschedule
                0x0000633c       0x38 zephyr/kernel/libkernel.a(sched.c.obj)
                0x0000633c                z_reschedule
 .text.k_sched_lock
                0x00006374       0x30 zephyr/kernel/libkernel.a(sched.c.obj)
                0x00006374                k_sched_lock
 .text.update_cache
                0x000063a4       0x4c zephyr/kernel/libkernel.a(sched.c.obj)
 .text.move_thread_to_end_of_prio_q
                0x000063f0       0x88 zephyr/kernel/libkernel.a(sched.c.obj)
 .text.z_time_slice
                0x00006478       0x98 zephyr/kernel/libkernel.a(sched.c.obj)
                0x00006478                z_time_slice
 .text.ready_thread
                0x00006510       0x80 zephyr/kernel/libkernel.a(sched.c.obj)
 .text.z_sched_start
                0x00006590       0x3c zephyr/kernel/libkernel.a(sched.c.obj)
                0x00006590                z_sched_start
 .text.unready_thread
                0x000065cc       0x38 zephyr/kernel/libkernel.a(sched.c.obj)
 .text.z_pend_curr
                0x00006604       0x28 zephyr/kernel/libkernel.a(sched.c.obj)
                0x00006604                z_pend_curr
 .text.z_set_prio
                0x0000662c       0xc0 zephyr/kernel/libkernel.a(sched.c.obj)
                0x0000662c                z_set_prio
 .text.z_impl_k_thread_suspend
                0x000066ec       0x84 zephyr/kernel/libkernel.a(sched.c.obj)
                0x000066ec                z_impl_k_thread_suspend
 .text.k_sched_unlock
                0x00006770       0x4c zephyr/kernel/libkernel.a(sched.c.obj)
                0x00006770                k_sched_unlock
 .text.end_thread
                0x000067bc       0x9c zephyr/kernel/libkernel.a(sched.c.obj)
 .text.z_sched_init
                0x00006858       0x18 zephyr/kernel/libkernel.a(sched.c.obj)
                0x00006858                z_sched_init
 .text.z_impl_k_yield
                0x00006870       0x88 zephyr/kernel/libkernel.a(sched.c.obj)
                0x00006870                z_impl_k_yield
 .text.z_tick_sleep
                0x000068f8       0xa0 zephyr/kernel/libkernel.a(sched.c.obj)
 .text.z_impl_k_sleep
                0x00006998       0x58 zephyr/kernel/libkernel.a(sched.c.obj)
                0x00006998                z_impl_k_sleep
 .text.z_impl_z_current_get
                0x000069f0        0xc zephyr/kernel/libkernel.a(sched.c.obj)
                0x000069f0                z_impl_z_current_get
 .text.z_thread_abort
                0x000069fc       0x50 zephyr/kernel/libkernel.a(sched.c.obj)
                0x000069fc                z_thread_abort
 .text.z_data_copy
                0x00006a4c       0x34 zephyr/kernel/libkernel.a(xip.c.obj)
                0x00006a4c                z_data_copy
 .text.first    0x00006a80       0x14 zephyr/kernel/libkernel.a(timeout.c.obj)
 .text.next     0x00006a94       0x18 zephyr/kernel/libkernel.a(timeout.c.obj)
 .text.elapsed  0x00006aac       0x18 zephyr/kernel/libkernel.a(timeout.c.obj)
 .text.next_timeout
                0x00006ac4       0x4c zephyr/kernel/libkernel.a(timeout.c.obj)
 .text.z_add_timeout
                0x00006b10      0x154 zephyr/kernel/libkernel.a(timeout.c.obj)
                0x00006b10                z_add_timeout
 .text.sys_clock_announce
                0x00006c64       0xc4 zephyr/kernel/libkernel.a(timeout.c.obj)
                0x00006c64                sys_clock_announce
 .text.sys_clock_tick_get
                0x00006d28       0x40 zephyr/kernel/libkernel.a(timeout.c.obj)
                0x00006d28                sys_clock_tick_get
 .text.z_timer_expiration_handler
                0x00006d68       0x94 zephyr/kernel/libkernel.a(timer.c.obj)
                0x00006d68                z_timer_expiration_handler
 .text.z_impl_k_timer_start
                0x00006dfc       0xe0 zephyr/kernel/libkernel.a(timer.c.obj)
                0x00006dfc                z_impl_k_timer_start
 .text.boot_banner
                0x00006edc       0x1c zephyr/kernel/libkernel.a(banner.c.obj)
                0x00006edc                boot_banner
 .text.writeReg_bmx160
                0x00006ef8       0xa2 app/libapp.a(bmx160.c.obj)
                0x00006ef8                writeReg_bmx160
 .text.setAccel_ODR_BWP_bmx160
                0x00006f9a        0xc app/libapp.a(bmx160.c.obj)
                0x00006f9a                setAccel_ODR_BWP_bmx160
 .text.setGyro_ODR_BWP_bmx160
                0x00006fa6        0xc app/libapp.a(bmx160.c.obj)
                0x00006fa6                setGyro_ODR_BWP_bmx160
 .text.setSensorMode_bmx160
                0x00006fb2       0x2e app/libapp.a(bmx160.c.obj)
                0x00006fb2                setSensorMode_bmx160
 .text.readReg_bmx160
                0x00006fe0       0xaa app/libapp.a(bmx160.c.obj)
                0x00006fe0                readReg_bmx160
 .text.getChipID_bmx160
                0x0000708a        0xe app/libapp.a(bmx160.c.obj)
                0x0000708a                getChipID_bmx160
 .text.begin_bmx160
                0x00007098       0x6a app/libapp.a(bmx160.c.obj)
                0x00007098                begin_bmx160
 .text.sys_notify_validate
                0x00007102       0x2e zephyr/libzephyr.a(notify.c.obj)
                0x00007102                sys_notify_validate
 .text.sys_notify_finalize
                0x00007130       0x1a zephyr/libzephyr.a(notify.c.obj)
                0x00007130                sys_notify_finalize
 .text.arch_printk_char_out
                0x0000714a        0x4 zephyr/libzephyr.a(printk.c.obj)
                0x0000714a                arch_printk_char_out
 .text.str_out  0x0000714e       0x30 zephyr/libzephyr.a(printk.c.obj)
 .text.printk   0x0000717e       0x1c zephyr/libzephyr.a(printk.c.obj)
                0x0000717e                printk
 .text.snprintk
                0x0000719a       0x1c zephyr/libzephyr.a(printk.c.obj)
                0x0000719a                snprintk
 .text.set_state
                0x000071b6       0x10 zephyr/libzephyr.a(onoff.c.obj)
 .text.notify_monitors
                0x000071c6       0x3e zephyr/libzephyr.a(onoff.c.obj)
 .text.process_recheck
                0x00007204       0x32 zephyr/libzephyr.a(onoff.c.obj)
 .text.process_complete
                0x00007236       0x9a zephyr/libzephyr.a(onoff.c.obj)
 .text.validate_args
                0x000072d0       0x2c zephyr/libzephyr.a(onoff.c.obj)
 .text.notify_one
                0x000072fc       0x26 zephyr/libzephyr.a(onoff.c.obj)
 .text.notify_all
                0x00007322       0x2e zephyr/libzephyr.a(onoff.c.obj)
 .text.transition_complete
                0x00007350       0x1c zephyr/libzephyr.a(onoff.c.obj)
 .text.onoff_manager_init
                0x0000736c       0x38 zephyr/libzephyr.a(onoff.c.obj)
                0x0000736c                onoff_manager_init
 .text.onoff_request
                0x000073a4       0xb8 zephyr/libzephyr.a(onoff.c.obj)
                0x000073a4                onoff_request
 .text.z_thread_entry
                0x0000745c       0x14 zephyr/libzephyr.a(thread_entry.c.obj)
                0x0000745c                z_thread_entry
 .text.extract_decimal
                0x00007470       0x26 zephyr/libzephyr.a(cbprintf_complete.c.obj)
 .text.encode_uint
                0x00007496       0xd4 zephyr/libzephyr.a(cbprintf_complete.c.obj)
 .text.outs     0x0000756a       0x34 zephyr/libzephyr.a(cbprintf_complete.c.obj)
 .text._ConfigAbsSyms
                0x0000759e        0x2 zephyr/libzephyr.a(configs.c.obj)
                0x0000759e                _ConfigAbsSyms
 .text.log_list_init
                0x000075a0        0x8 zephyr/libzephyr.a(log_list.c.obj)
                0x000075a0                log_list_init
 .text.log_list_add_tail
                0x000075a8       0x14 zephyr/libzephyr.a(log_list.c.obj)
                0x000075a8                log_list_add_tail
 .text.log_list_head_peek
                0x000075bc        0x4 zephyr/libzephyr.a(log_list.c.obj)
                0x000075bc                log_list_head_peek
 .text.log_list_head_get
                0x000075c0        0xc zephyr/libzephyr.a(log_list.c.obj)
                0x000075c0                log_list_head_get
 .text.dummy_timestamp
                0x000075cc        0x4 zephyr/libzephyr.a(log_core.c.obj)
 .text.msg_filter_check
                0x000075d0        0x4 zephyr/libzephyr.a(log_core.c.obj)
 .text.default_get_timestamp
                0x000075d4        0x8 zephyr/libzephyr.a(log_core.c.obj)
 .text.z_log_get_s_mask
                0x000075dc       0x42 zephyr/libzephyr.a(log_core.c.obj)
                0x000075dc                z_log_get_s_mask
 .text.z_log_get_tag
                0x0000761e        0x4 zephyr/libzephyr.a(log_core.c.obj)
                0x0000761e                z_log_get_tag
 .text.block_on_alloc
                0x00007622        0x4 zephyr/libzephyr.a(log_msg.c.obj)
 .text.cont_arg_get
                0x00007626       0x24 zephyr/libzephyr.a(log_msg.c.obj)
 .text.log_msg_hexdump_data_op
                0x0000764a       0xbe zephyr/libzephyr.a(log_msg.c.obj)
 .text.log_msg_get
                0x00007708       0x1a zephyr/libzephyr.a(log_msg.c.obj)
                0x00007708                log_msg_get
 .text.log_msg_nargs_get
                0x00007722        0x6 zephyr/libzephyr.a(log_msg.c.obj)
                0x00007722                log_msg_nargs_get
 .text.log_msg_arg_get
                0x00007728       0x24 zephyr/libzephyr.a(log_msg.c.obj)
                0x00007728                log_msg_arg_get
 .text.log_msg_str_get
                0x0000774c        0x4 zephyr/libzephyr.a(log_msg.c.obj)
                0x0000774c                log_msg_str_get
 .text.log_msg_put
                0x00007750       0x26 zephyr/libzephyr.a(log_msg.c.obj)
                0x00007750                log_msg_put
 .text.log_msg_hexdump_create
                0x00007776       0xb0 zephyr/libzephyr.a(log_msg.c.obj)
                0x00007776                log_msg_hexdump_create
 .text.log_msg_hexdump_data_get
                0x00007826       0x10 zephyr/libzephyr.a(log_msg.c.obj)
                0x00007826                log_msg_hexdump_data_get
 .text.buffer_write
                0x00007836       0x1a zephyr/libzephyr.a(log_output.c.obj)
 .text.color_prefix
                0x00007850        0xc zephyr/libzephyr.a(log_output.c.obj)
 .text.color_postfix
                0x0000785c        0xc zephyr/libzephyr.a(log_output.c.obj)
 .text.postfix_print
                0x00007868       0x18 zephyr/libzephyr.a(log_output.c.obj)
 .text.std_print
                0x00007880      0x2b6 zephyr/libzephyr.a(log_output.c.obj)
 .text.log_output_flush
                0x00007b36       0x1a zephyr/libzephyr.a(log_output.c.obj)
                0x00007b36                log_output_flush
 .text.out_func
                0x00007b50       0x38 zephyr/libzephyr.a(log_output.c.obj)
 .text.log_output_msg_process
                0x00007b88       0x7e zephyr/libzephyr.a(log_output.c.obj)
                0x00007b88                log_output_msg_process
 .text.pm_policy_next_state
                0x00007c06        0xa zephyr/libzephyr.a(residency.c.obj)
                0x00007c06                pm_policy_next_state
 .text.z_arm_fatal_error
                0x00007c10       0x18 zephyr/arch/arch/arm/core/aarch32/libarch__arm__core__aarch32.a(fatal.c.obj)
                0x00007c10                z_arm_fatal_error
 .text.z_do_kernel_oops
                0x00007c28        0xc zephyr/arch/arch/arm/core/aarch32/libarch__arm__core__aarch32.a(fatal.c.obj)
                0x00007c28                z_do_kernel_oops
 .text.z_irq_spurious
                0x00007c34        0xc zephyr/arch/arch/arm/core/aarch32/libarch__arm__core__aarch32.a(irq_manage.c.obj)
                0x00007c34                z_irq_spurious
 .text.z_arm_nmi
                0x00007c40        0xc zephyr/arch/arch/arm/core/aarch32/libarch__arm__core__aarch32.a(nmi.c.obj)
                0x00007c40                z_arm_nmi
 .text.memory_fault_recoverable
                0x00007c4c        0x4 zephyr/arch/arch/arm/core/aarch32/cortex_m/libarch__arm__core__aarch32__cortex_m.a(fault.c.obj)
 .text.fault_handle
                0x00007c50       0x4a zephyr/arch/arch/arm/core/aarch32/cortex_m/libarch__arm__core__aarch32__cortex_m.a(fault.c.obj)
 .text.mpu_partition_is_valid
                0x00007c9a       0x22 zephyr/arch/arch/arm/core/aarch32/mpu/libarch__arm__core__aarch32__mpu.a(arm_mpu.c.obj)
 .text.mpu_configure_region
                0x00007cbc       0x3e zephyr/arch/arch/arm/core/aarch32/mpu/libarch__arm__core__aarch32__mpu.a(arm_mpu.c.obj)
 .text.arm_core_mpu_configure_static_mpu_regions
                0x00007cfa        0x8 zephyr/arch/arch/arm/core/aarch32/mpu/libarch__arm__core__aarch32__mpu.a(arm_mpu.c.obj)
                0x00007cfa                arm_core_mpu_configure_static_mpu_regions
 .text.arm_core_mpu_configure_dynamic_mpu_regions
                0x00007d02        0x8 zephyr/arch/arch/arm/core/aarch32/mpu/libarch__arm__core__aarch32__mpu.a(arm_mpu.c.obj)
                0x00007d02                arm_core_mpu_configure_dynamic_mpu_regions
 .text.strcpy   0x00007d0a       0x12 zephyr/lib/libc/minimal/liblib__libc__minimal.a(string.c.obj)
                0x00007d0a                strcpy
 .text.strncpy  0x00007d1c       0x34 zephyr/lib/libc/minimal/liblib__libc__minimal.a(string.c.obj)
                0x00007d1c                strncpy
 .text.strlen   0x00007d50       0x10 zephyr/lib/libc/minimal/liblib__libc__minimal.a(string.c.obj)
                0x00007d50                strlen
 .text.strnlen  0x00007d60       0x14 zephyr/lib/libc/minimal/liblib__libc__minimal.a(string.c.obj)
                0x00007d60                strnlen
 .text.strcmp   0x00007d74       0x14 zephyr/lib/libc/minimal/liblib__libc__minimal.a(string.c.obj)
                0x00007d74                strcmp
 .text.memcpy   0x00007d88       0x48 zephyr/lib/libc/minimal/liblib__libc__minimal.a(string.c.obj)
                0x00007d88                memcpy
 .text.memset   0x00007dd0       0x3a zephyr/lib/libc/minimal/liblib__libc__minimal.a(string.c.obj)
                0x00007dd0                memset
 .text._stdout_hook_default
                0x00007e0a        0x6 zephyr/lib/libc/minimal/liblib__libc__minimal.a(stdout_console.c.obj)
 .text.pm_power_state_set
                0x00007e10       0x26 zephyr/soc/arm/nordic_nrf/nrf52/libsoc__arm__nordic_nrf__nrf52.a(power.c.obj)
                0x00007e10                pm_power_state_set
 .text.pm_power_state_exit_post_ops
                0x00007e36       0x16 zephyr/soc/arm/nordic_nrf/nrf52/libsoc__arm__nordic_nrf__nrf52.a(power.c.obj)
                0x00007e36                pm_power_state_exit_post_ops
 .text.get_sub_data
                0x00007e4c        0xe zephyr/drivers/clock_control/libdrivers__clock_control.a(clock_control_nrf.c.obj)
 .text.get_sub_config
                0x00007e5a        0xc zephyr/drivers/clock_control/libdrivers__clock_control.a(clock_control_nrf.c.obj)
 .text.get_onoff_manager
                0x00007e66        0xc zephyr/drivers/clock_control/libdrivers__clock_control.a(clock_control_nrf.c.obj)
 .text.get_status
                0x00007e72       0x10 zephyr/drivers/clock_control/libdrivers__clock_control.a(clock_control_nrf.c.obj)
 .text.set_off_state
                0x00007e82       0x32 zephyr/drivers/clock_control/libdrivers__clock_control.a(clock_control_nrf.c.obj)
 .text.set_starting_state
                0x00007eb4       0x40 zephyr/drivers/clock_control/libdrivers__clock_control.a(clock_control_nrf.c.obj)
 .text.set_on_state
                0x00007ef4       0x26 zephyr/drivers/clock_control/libdrivers__clock_control.a(clock_control_nrf.c.obj)
 .text.clkstarted_handle
                0x00007f1a       0x24 zephyr/drivers/clock_control/libdrivers__clock_control.a(clock_control_nrf.c.obj)
 .text.stop     0x00007f3e       0x2a zephyr/drivers/clock_control/libdrivers__clock_control.a(clock_control_nrf.c.obj)
 .text.api_stop
                0x00007f68        0xa zephyr/drivers/clock_control/libdrivers__clock_control.a(clock_control_nrf.c.obj)
 .text.async_start
                0x00007f72       0x38 zephyr/drivers/clock_control/libdrivers__clock_control.a(clock_control_nrf.c.obj)
 .text.api_start
                0x00007faa       0x10 zephyr/drivers/clock_control/libdrivers__clock_control.a(clock_control_nrf.c.obj)
 .text.onoff_started_callback
                0x00007fba       0x10 zephyr/drivers/clock_control/libdrivers__clock_control.a(clock_control_nrf.c.obj)
 .text.hfclk_start
                0x00007fca        0xa zephyr/drivers/clock_control/libdrivers__clock_control.a(clock_control_nrf.c.obj)
 .text.hfclk_stop
                0x00007fd4        0xa zephyr/drivers/clock_control/libdrivers__clock_control.a(clock_control_nrf.c.obj)
 .text.lfclk_stop
                0x00007fde        0xa zephyr/drivers/clock_control/libdrivers__clock_control.a(clock_control_nrf.c.obj)
 .text.blocking_start_callback
                0x00007fe8        0xa zephyr/drivers/clock_control/libdrivers__clock_control.a(clock_control_nrf.c.obj)
 .text.wait     0x00007ff2       0x14 zephyr/drivers/console/libdrivers__console.a(rtt_console.c.obj)
 .text.get_pull
                0x00008006       0x18 zephyr/drivers/gpio/libdrivers__gpio.a(gpio_nrfx.c.obj)
 .text.gpio_nrfx_port_get_raw
                0x0000801e        0xe zephyr/drivers/gpio/libdrivers__gpio.a(gpio_nrfx.c.obj)
 .text.gpio_nrfx_port_set_masked_raw
                0x0000802c       0x16 zephyr/drivers/gpio/libdrivers__gpio.a(gpio_nrfx.c.obj)
 .text.gpio_nrfx_port_set_bits_raw
                0x00008042        0xc zephyr/drivers/gpio/libdrivers__gpio.a(gpio_nrfx.c.obj)
 .text.gpio_nrfx_port_clear_bits_raw
                0x0000804e        0xc zephyr/drivers/gpio/libdrivers__gpio.a(gpio_nrfx.c.obj)
 .text.gpio_nrfx_port_toggle_bits
                0x0000805a       0x12 zephyr/drivers/gpio/libdrivers__gpio.a(gpio_nrfx.c.obj)
 .text.get_trigger
                0x0000806c       0x2c zephyr/drivers/gpio/libdrivers__gpio.a(gpio_nrfx.c.obj)
 .text.gpio_nrfx_manage_callback
                0x00008098       0x64 zephyr/drivers/gpio/libdrivers__gpio.a(gpio_nrfx.c.obj)
 .text.nrfx_gpio_handler
                0x000080fc       0x48 zephyr/drivers/gpio/libdrivers__gpio.a(gpio_nrfx.c.obj)
 .text.spi_nrfx_release
                0x00008144       0x7a zephyr/drivers/spi/libdrivers__spi.a(spi_nrfx_spi.c.obj)
 .text.spi_nrfx_transceive
                0x000081be       0x12 zephyr/drivers/spi/libdrivers__spi.a(spi_nrfx_spi.c.obj)
 .text.sys_clock_idle_exit
                0x000081d0        0x2 zephyr/drivers/timer/libdrivers__timer.a(sys_clock_init.c.obj)
                0x000081d0                sys_clock_idle_exit
 .text.counter_sub
                0x000081d2        0x8 zephyr/drivers/timer/libdrivers__timer.a(nrf_rtc_timer.c.obj)
 .text.event_clear
                0x000081da       0x18 zephyr/drivers/timer/libdrivers__timer.a(nrf_rtc_timer.c.obj)
 .text.absolute_time_to_cc
                0x000081f2        0x6 zephyr/drivers/timer/libdrivers__timer.a(nrf_rtc_timer.c.obj)
 .text.full_int_lock
                0x000081f8       0x12 zephyr/drivers/timer/libdrivers__timer.a(nrf_rtc_timer.c.obj)
 .text.full_int_unlock
                0x0000820a        0xa zephyr/drivers/timer/libdrivers__timer.a(nrf_rtc_timer.c.obj)
 .text.set_absolute_alarm
                0x00008214       0x76 zephyr/drivers/timer/libdrivers__timer.a(nrf_rtc_timer.c.obj)
 .text.compare_set
                0x0000828a       0x32 zephyr/drivers/timer/libdrivers__timer.a(nrf_rtc_timer.c.obj)
 .text.sys_clock_cycle_get_32
                0x000082bc        0x8 zephyr/drivers/timer/libdrivers__timer.a(nrf_rtc_timer.c.obj)
                0x000082bc                sys_clock_cycle_get_32
 .text.nrfx_isr
                0x000082c4        0x6 modules/hal_nordic/nrfx/libmodules__hal_nordic__nrfx.a(nrfx_glue.c.obj)
                0x000082c4                nrfx_isr
 .text.nrfx_busy_wait
                0x000082ca        0x8 modules/hal_nordic/nrfx/libmodules__hal_nordic__nrfx.a(nrfx_glue.c.obj)
                0x000082ca                nrfx_busy_wait
 .text.nrfx_clock_enable
                0x000082d2       0x12 modules/hal_nordic/nrfx/libmodules__hal_nordic__nrfx.a(nrfx_clock.c.obj)
                0x000082d2                nrfx_clock_enable
 .text.pin_is_task_output
                0x000082e4       0x1e modules/hal_nordic/nrfx/libmodules__hal_nordic__nrfx.a(nrfx_gpiote.c.obj)
 .text.pin_is_input
                0x00008302        0xe modules/hal_nordic/nrfx/libmodules__hal_nordic__nrfx.a(nrfx_gpiote.c.obj)
 .text.gpiote_polarity_to_trigger
                0x00008310        0x2 modules/hal_nordic/nrfx/libmodules__hal_nordic__nrfx.a(nrfx_gpiote.c.obj)
 .text.gpiote_trigger_to_polarity
                0x00008312        0x2 modules/hal_nordic/nrfx/libmodules__hal_nordic__nrfx.a(nrfx_gpiote.c.obj)
 .text.is_level
                0x00008314        0xa modules/hal_nordic/nrfx/libmodules__hal_nordic__nrfx.a(nrfx_gpiote.c.obj)
 .text.next_sense_cond_call_handler
                0x0000831e       0x9c modules/hal_nordic/nrfx/libmodules__hal_nordic__nrfx.a(nrfx_gpiote.c.obj)
 .text.latch_pending_read_and_check
                0x000083ba       0x34 modules/hal_nordic/nrfx/libmodules__hal_nordic__nrfx.a(nrfx_gpiote.c.obj)
 .text.configure_pins
                0x000083ee      0x112 modules/hal_nordic/nrfx/libmodules__hal_nordic__nrfx.a(nrfx_spi.c.obj)
 .text.finish_transfer
                0x00008500       0x2e modules/hal_nordic/nrfx/libmodules__hal_nordic__nrfx.a(nrfx_spi.c.obj)
 .text.transfer_byte
                0x0000852e       0x76 modules/hal_nordic/nrfx/libmodules__hal_nordic__nrfx.a(nrfx_spi.c.obj)
 .text.spi_xfer
                0x000085a4       0x88 modules/hal_nordic/nrfx/libmodules__hal_nordic__nrfx.a(nrfx_spi.c.obj)
 .text.irq_handler
                0x0000862c       0x1e modules/hal_nordic/nrfx/libmodules__hal_nordic__nrfx.a(nrfx_spi.c.obj)
 .text._GetAvailWriteSpace
                0x0000864a       0x18 modules/segger/libmodules__segger.a(SEGGER_RTT.c.obj)
 .text._WriteNoCheck
                0x00008662       0x44 modules/segger/libmodules__segger.a(SEGGER_RTT.c.obj)
 .text._WriteBlocking
                0x000086a6       0x5e modules/segger/libmodules__segger.a(SEGGER_RTT.c.obj)
 .text.SEGGER_RTT_Init
                0x00008704        0x8 modules/segger/libmodules__segger.a(SEGGER_RTT.c.obj)
                0x00008704                SEGGER_RTT_Init
 .text.rtt_init
                0x0000870c        0xa modules/segger/libmodules__segger.a(SEGGER_RTT_zephyr.c.obj)
 .text.z_device_ready
                0x00008716       0x1a zephyr/kernel/libkernel.a(device.c.obj)
                0x00008716                z_device_ready
 .text.create_free_list
                0x00008730       0x2e zephyr/kernel/libkernel.a(mem_slab.c.obj)
 .text.k_mem_slab_init
                0x0000875e       0x1c zephyr/kernel/libkernel.a(mem_slab.c.obj)
                0x0000875e                k_mem_slab_init
 .text.k_mem_slab_free
                0x0000877a       0x58 zephyr/kernel/libkernel.a(mem_slab.c.obj)
                0x0000877a                k_mem_slab_free
 .text.setup_thread_stack
                0x000087d2       0x24 zephyr/kernel/libkernel.a(thread.c.obj)
 .text.k_is_in_isr
                0x000087f6        0xc zephyr/kernel/libkernel.a(thread.c.obj)
                0x000087f6                k_is_in_isr
 .text.k_thread_name_get
                0x00008802        0x4 zephyr/kernel/libkernel.a(thread.c.obj)
                0x00008802                k_thread_name_get
 .text.z_impl_k_thread_start
                0x00008806        0x8 zephyr/kernel/libkernel.a(thread.c.obj)
                0x00008806                z_impl_k_thread_start
 .text.z_init_thread_base
                0x0000880e       0x16 zephyr/kernel/libkernel.a(thread.c.obj)
                0x0000880e                z_init_thread_base
 .text.z_impl_k_thread_create
                0x00008824       0x44 zephyr/kernel/libkernel.a(thread.c.obj)
                0x00008824                z_impl_k_thread_create
 .text.z_pm_save_idle_exit
                0x00008868        0xc zephyr/kernel/libkernel.a(idle.c.obj)
                0x00008868                z_pm_save_idle_exit
 .text.new_prio_for_inheritance
                0x00008874       0x16 zephyr/kernel/libkernel.a(mutex.c.obj)
 .text.adjust_owner_prio
                0x0000888a       0x16 zephyr/kernel/libkernel.a(mutex.c.obj)
 .text.thread_active_elsewhere
                0x000088a0        0x4 zephyr/kernel/libkernel.a(sched.c.obj)
 .text.pended_on_thread
                0x000088a4        0x4 zephyr/kernel/libkernel.a(sched.c.obj)
 .text.z_sched_prio_cmp
                0x000088a8       0x14 zephyr/kernel/libkernel.a(sched.c.obj)
                0x000088a8                z_sched_prio_cmp
 .text.z_unpend_thread_no_timeout
                0x000088bc       0x3e zephyr/kernel/libkernel.a(sched.c.obj)
                0x000088bc                z_unpend_thread_no_timeout
 .text.z_reschedule_irqlock
                0x000088fa       0x2a zephyr/kernel/libkernel.a(sched.c.obj)
                0x000088fa                z_reschedule_irqlock
 .text.z_priq_dumb_remove
                0x00008924       0x10 zephyr/kernel/libkernel.a(sched.c.obj)
                0x00008924                z_priq_dumb_remove
 .text.z_priq_dumb_best
                0x00008934        0xe zephyr/kernel/libkernel.a(sched.c.obj)
                0x00008934                z_priq_dumb_best
 .text.z_ready_thread
                0x00008942       0x38 zephyr/kernel/libkernel.a(sched.c.obj)
                0x00008942                z_ready_thread
 .text.z_thread_timeout
                0x0000897a       0x68 zephyr/kernel/libkernel.a(sched.c.obj)
                0x0000897a                z_thread_timeout
 .text.add_to_waitq_locked
                0x000089e2       0x54 zephyr/kernel/libkernel.a(sched.c.obj)
 .text.pend     0x00008a36       0x42 zephyr/kernel/libkernel.a(sched.c.obj)
 .text.z_unpend1_no_timeout
                0x00008a78       0x4e zephyr/kernel/libkernel.a(sched.c.obj)
                0x00008a78                z_unpend1_no_timeout
 .text.z_unpend_first_thread
                0x00008ac6       0x56 zephyr/kernel/libkernel.a(sched.c.obj)
                0x00008ac6                z_unpend_first_thread
 .text.init_ready_q
                0x00008b1c        0x8 zephyr/kernel/libkernel.a(sched.c.obj)
                0x00008b1c                init_ready_q
 .text.remove_timeout
                0x00008b24       0x2e zephyr/kernel/libkernel.a(timeout.c.obj)
 .text.z_abort_timeout
                0x00008b52       0x3c zephyr/kernel/libkernel.a(timeout.c.obj)
                0x00008b52                z_abort_timeout
 .text.z_get_next_timeout_expiry
                0x00008b8e       0x2c zephyr/kernel/libkernel.a(timeout.c.obj)
                0x00008b8e                z_get_next_timeout_expiry
 .text.z_set_timeout_expiry
                0x00008bba       0x56 zephyr/kernel/libkernel.a(timeout.c.obj)
                0x00008bba                z_set_timeout_expiry
 .text.sys_clock_tick_get_32
                0x00008c10        0x8 zephyr/kernel/libkernel.a(timeout.c.obj)
                0x00008c10                sys_clock_tick_get_32
 .text.z_impl_k_busy_wait
                0x00008c18        0xc zephyr/kernel/libkernel.a(timeout.c.obj)
                0x00008c18                z_impl_k_busy_wait
 .text.k_timer_init
                0x00008c24       0x18 zephyr/kernel/libkernel.a(timer.c.obj)
                0x00008c24                k_timer_init
 .text.z_impl_k_timer_stop
                0x00008c3c       0x36 zephyr/kernel/libkernel.a(timer.c.obj)
                0x00008c3c                z_impl_k_timer_stop
 .text._OffsetAbsSyms
                0x00008c72        0x2 zephyr/CMakeFiles/offsets.dir/./arch/arm/core/offsets/offsets.c.obj
                0x00008c72                _OffsetAbsSyms
 *(SORT_BY_ALIGNMENT(.TEXT.*))
 .TEXT.z_arm_platform_init
                0x00008c74        0x4 zephyr/libzephyr.a(soc_nrf_common.S.obj)
                0x00008c74                z_arm_platform_init
 *(SORT_BY_ALIGNMENT(.gnu.linkonce.t.*))
 *(SORT_BY_ALIGNMENT(.glue_7t))
 .glue_7t       0x00008c78        0x0 linker stubs
 *(SORT_BY_ALIGNMENT(.glue_7))
 .glue_7        0x00008c78        0x0 linker stubs
 *(SORT_BY_ALIGNMENT(.vfp11_veneer))
 .vfp11_veneer  0x00008c78        0x0 linker stubs
 *(SORT_BY_ALIGNMENT(.v4_bx))
 .v4_bx         0x00008c78        0x0 linker stubs
                0x00008c78                __text_region_end = .

.ARM.exidx      0x00008c78        0x8
                0x00008c78                __exidx_start = .
 *(SORT_BY_ALIGNMENT(.ARM.exidx*) SORT_BY_ALIGNMENT(gnu.linkonce.armexidx.*))
 .ARM.exidx     0x00008c78        0x8 c:/ncs/v1.9.1/toolchain/opt/bin/../lib/gcc/arm-none-eabi/9.2.1/thumb/v7e-m/nofp\libgcc.a(_udivmoddi4.o)
                0x00008c80                __exidx_end = .
                0x00008c80                __rodata_region_start = .

initlevel       0x00008c80       0x48
                0x00008c80                __init_start = .
                0x00008c80                __init_PRE_KERNEL_1_start = .
 *(SORT_BY_NAME(SORT_BY_ALIGNMENT(.z_init_PRE_KERNEL_1[0-9]_*)))
 .z_init_PRE_KERNEL_10_
                0x00008c80        0x8 zephyr/soc/arm/nordic_nrf/nrf52/libsoc__arm__nordic_nrf__nrf52.a(soc.c.obj)
 *(SORT_BY_NAME(SORT_BY_ALIGNMENT(.z_init_PRE_KERNEL_1[1-9][0-9]_*)))
 .z_init_PRE_KERNEL_130_
                0x00008c88        0x8 zephyr/drivers/clock_control/libdrivers__clock_control.a(clock_control_nrf.c.obj)
 .z_init_PRE_KERNEL_130_
                0x00008c90        0x8 modules/segger/libmodules__segger.a(SEGGER_RTT_zephyr.c.obj)
 .z_init_PRE_KERNEL_130_
                0x00008c98        0x8 zephyr/kernel/libkernel.a(mem_slab.c.obj)
 .z_init_PRE_KERNEL_140_
                0x00008ca0        0x8 zephyr/drivers/console/libdrivers__console.a(rtt_console.c.obj)
 .z_init_PRE_KERNEL_140_
                0x00008ca8        0x8 zephyr/drivers/gpio/libdrivers__gpio.a(gpio_nrfx.c.obj)
                0x00008cb0                __init_PRE_KERNEL_2_start = .
 *(SORT_BY_NAME(SORT_BY_ALIGNMENT(.z_init_PRE_KERNEL_2[0-9]_*)))
 .z_init_PRE_KERNEL_20_
                0x00008cb0        0x8 zephyr/drivers/timer/libdrivers__timer.a(nrf_rtc_timer.c.obj)
 *(SORT_BY_NAME(SORT_BY_ALIGNMENT(.z_init_PRE_KERNEL_2[1-9][0-9]_*)))
                0x00008cb8                __init_POST_KERNEL_start = .
 *(SORT_BY_NAME(SORT_BY_ALIGNMENT(.z_init_POST_KERNEL[0-9]_*)))
 .z_init_POST_KERNEL0_
                0x00008cb8        0x8 zephyr/libzephyr.a(log_core.c.obj)
 *(SORT_BY_NAME(SORT_BY_ALIGNMENT(.z_init_POST_KERNEL[1-9][0-9]_*)))
 .z_init_POST_KERNEL70_
                0x00008cc0        0x8 zephyr/drivers/spi/libdrivers__spi.a(spi_nrfx_spi.c.obj)
                0x00008cc8                __init_APPLICATION_start = .
 *(SORT_BY_NAME(SORT_BY_ALIGNMENT(.z_init_APPLICATION[0-9]_*)))
 *(SORT_BY_NAME(SORT_BY_ALIGNMENT(.z_init_APPLICATION[1-9][0-9]_*)))
                0x00008cc8                __init_SMP_start = .
 *(SORT_BY_NAME(SORT_BY_ALIGNMENT(.z_init_SMP[0-9]_*)))
 *(SORT_BY_NAME(SORT_BY_ALIGNMENT(.z_init_SMP[1-9][0-9]_*)))
                0x00008cc8                __init_end = .

devices         0x00008cc8       0x48
                0x00008cc8                __device_start = .
                0x00008cc8                __device_PRE_KERNEL_1_start = .
 *(SORT_BY_NAME(SORT_BY_ALIGNMENT(.z_device_PRE_KERNEL_1[0-9]_*)))
 *(SORT_BY_NAME(SORT_BY_ALIGNMENT(.z_device_PRE_KERNEL_1[1-9][0-9]_*)))
 .z_device_PRE_KERNEL_130_
                0x00008cc8       0x18 zephyr/drivers/clock_control/libdrivers__clock_control.a(clock_control_nrf.c.obj)
                0x00008cc8                __device_dts_ord_11
 .z_device_PRE_KERNEL_140_
                0x00008ce0       0x18 zephyr/drivers/gpio/libdrivers__gpio.a(gpio_nrfx.c.obj)
                0x00008ce0                __device_dts_ord_20
                0x00008cf8                __device_PRE_KERNEL_2_start = .
 *(SORT_BY_NAME(SORT_BY_ALIGNMENT(.z_device_PRE_KERNEL_2[0-9]_*)))
 *(SORT_BY_NAME(SORT_BY_ALIGNMENT(.z_device_PRE_KERNEL_2[1-9][0-9]_*)))
                0x00008cf8                __device_POST_KERNEL_start = .
 *(SORT_BY_NAME(SORT_BY_ALIGNMENT(.z_device_POST_KERNEL[0-9]_*)))
 *(SORT_BY_NAME(SORT_BY_ALIGNMENT(.z_device_POST_KERNEL[1-9][0-9]_*)))
 .z_device_POST_KERNEL70_
                0x00008cf8       0x18 zephyr/drivers/spi/libdrivers__spi.a(spi_nrfx_spi.c.obj)
                0x00008cf8                __device_dts_ord_36
                0x00008d10                __device_APPLICATION_start = .
 *(SORT_BY_NAME(SORT_BY_ALIGNMENT(.z_device_APPLICATION[0-9]_*)))
 *(SORT_BY_NAME(SORT_BY_ALIGNMENT(.z_device_APPLICATION[1-9][0-9]_*)))
                0x00008d10                __device_SMP_start = .
 *(SORT_BY_NAME(SORT_BY_ALIGNMENT(.z_device_SMP[0-9]_*)))
 *(SORT_BY_NAME(SORT_BY_ALIGNMENT(.z_device_SMP[1-9][0-9]_*)))
                0x00008d10                __device_end = .

sw_isr_table    0x00008d10      0x138
                0x00008d10                . = ALIGN (0x0)
 *(SORT_BY_ALIGNMENT(.gnu.linkonce.sw_isr_table*))
 .gnu.linkonce.sw_isr_table
                0x00008d10      0x138 zephyr/arch/common/libisr_tables.a(isr_tables.c.obj)
                0x00008d10                _sw_isr_table

initlevel_error
                0x00008c80        0x0
 *(SORT_BY_NAME(SORT_BY_ALIGNMENT(.z_init_[_A-Z0-9]*)))
                0x00000001                ASSERT ((SIZEOF (initlevel_error) == 0x0), Undefined initialization levels used.)

app_shmem_regions
                0x00008e48        0x0
                0x00008e48                __app_shmem_regions_start = .
 *(SORT_BY_NAME(SORT_BY_ALIGNMENT(.app_regions.*)))
                0x00008e48                __app_shmem_regions_end = .

bt_l2cap_fixed_chan_area
                0x00008e48        0x0
                0x00008e48                _bt_l2cap_fixed_chan_list_start = .
 *(SORT_BY_NAME(SORT_BY_ALIGNMENT(._bt_l2cap_fixed_chan.static.*)))
                0x00008e48                _bt_l2cap_fixed_chan_list_end = .

bt_gatt_service_static_area
                0x00008e48        0x0
                0x00008e48                _bt_gatt_service_static_list_start = .
 *(SORT_BY_NAME(SORT_BY_ALIGNMENT(._bt_gatt_service_static.static.*)))
                0x00008e48                _bt_gatt_service_static_list_end = .

k_p4wq_initparam_area
                0x00008e48        0x0
                0x00008e48                _k_p4wq_initparam_list_start = .
 *(SORT_BY_NAME(SORT_BY_ALIGNMENT(._k_p4wq_initparam.static.*)))
                0x00008e48                _k_p4wq_initparam_list_end = .

log_strings_sections
                0x00008e48        0x0
                0x00008e48                __log_strings_start = .
 *(SORT_BY_NAME(SORT_BY_ALIGNMENT(.log_strings*)))
                0x00008e48                __log_strings_end = .

log_const_sections
                0x00008e48       0x48
                0x00008e48                __log_const_start = .
 *(SORT_BY_NAME(SORT_BY_ALIGNMENT(.log_const_*)))
 .log_const_app
                0x00008e48        0x8 app/libapp.a(main.c.obj)
                0x00008e48                log_const_app
 .log_const_clock_control
                0x00008e50        0x8 zephyr/drivers/clock_control/libdrivers__clock_control.a(clock_control_nrf.c.obj)
                0x00008e50                log_const_clock_control
 .log_const_fatal_error
                0x00008e58        0x8 modules/nrf/lib/fatal_error/lib..__nrf__lib__fatal_error.a(fatal_error.c.obj)
                0x00008e58                log_const_fatal_error
 .log_const_log
                0x00008e60        0x8 zephyr/libzephyr.a(log_core.c.obj)
                0x00008e60                log_const_log
 .log_const_mpu
                0x00008e68        0x8 zephyr/arch/arch/arm/core/aarch32/mpu/libarch__arm__core__aarch32__mpu.a(arm_core_mpu.c.obj)
                0x00008e68                log_const_mpu
 .log_const_os  0x00008e70        0x8 zephyr/kernel/libkernel.a(init.c.obj)
                0x00008e70                log_const_os
 .log_const_pm  0x00008e78        0x8 zephyr/libzephyr.a(pm.c.obj)
                0x00008e78                log_const_pm
 .log_const_soc
                0x00008e80        0x8 zephyr/soc/arm/nordic_nrf/nrf52/libsoc__arm__nordic_nrf__nrf52.a(soc.c.obj)
                0x00008e80                log_const_soc
 .log_const_spi_nrfx_spi
                0x00008e88        0x8 zephyr/drivers/spi/libdrivers__spi.a(spi_nrfx_spi.c.obj)
                0x00008e88                log_const_spi_nrfx_spi
                0x00008e90                __log_const_end = .

log_backends_sections
                0x00008e90       0x10
                0x00008e90                __log_backends_start = .
 *(SORT_BY_ALIGNMENT(._log_backend.*))
 ._log_backend.static.log_backend_rtt
                0x00008e90       0x10 zephyr/libzephyr.a(log_backend_rtt.c.obj)
                0x00008ea0                __log_backends_end = .

shell_area      0x00008ea0        0x0
                0x00008ea0                _shell_list_start = .
 *(SORT_BY_NAME(SORT_BY_ALIGNMENT(._shell.static.*)))
                0x00008ea0                _shell_list_end = .

shell_root_cmds_sections
                0x00008ea0        0x0
                0x00008ea0                __shell_root_cmds_start = .
 *(SORT_BY_NAME(SORT_BY_ALIGNMENT(.shell_root_cmd_*)))
                0x00008ea0                __shell_root_cmds_end = .

font_entry_sections
                0x00008ea0        0x0
                0x00008ea0                __font_entry_start = .
 *(SORT_BY_NAME(SORT_BY_ALIGNMENT(._cfb_font.*)))
                0x00008ea0                __font_entry_end = .

tracing_backend_area
                0x00008ea0        0x0
                0x00008ea0                _tracing_backend_list_start = .
 *(SORT_BY_NAME(SORT_BY_ALIGNMENT(._tracing_backend.static.*)))
                0x00008ea0                _tracing_backend_list_end = .

zephyr_dbg_info
                0x00008ea0       0x3c
 *(SORT_BY_ALIGNMENT(.dbg_thread_info))
 .dbg_thread_info
                0x00008ea0       0x3c zephyr/libzephyr.a(thread_info.c.obj)
                0x00008ea0                _kernel_openocd_size_t_size
                0x00008ea0                _kernel_thread_info_size_t_size
                0x00008ea4                _kernel_openocd_num_offsets
                0x00008ea4                _kernel_thread_info_num_offsets
                0x00008ea8                _kernel_openocd_offsets
                0x00008ea8                _kernel_thread_info_offsets

device_handles  0x00008edc       0x12
                0x00008edc                __device_handles_start = .
 *(SORT_BY_NAME(SORT_BY_ALIGNMENT(.__device_handles_pass2*)))
 .__device_handles_pass2
                0x00008edc       0x12 zephyr/CMakeFiles/zephyr_pre1.dir/dev_handles.c.obj
                0x00008edc                __devicehdl_DT_N_S_soc_S_spi_40003000
                0x00008ee2                __devicehdl_DT_N_S_soc_S_gpio_50000000
                0x00008ee8                __devicehdl_DT_N_S_soc_S_clock_40000000
                0x00008eee                __device_handles_end = .

rodata          0x00008ef0      0xaac
 *(SORT_BY_ALIGNMENT(.rodata))
 *(SORT_BY_ALIGNMENT(.rodata.*))
 .rodata.delay_machine_code.11968
                0x00008ef0        0x6 zephyr/soc/arm/nordic_nrf/nrf52/libsoc__arm__nordic_nrf__nrf52.a(soc.c.obj)
 *fill*         0x00008ef6        0x2 
 .rodata.main.str1.4
                0x00008ef8       0xd8 app/libapp.a(main.c.obj)
 .rodata.str1.4
                0x00008fd0        0x4 app/libapp.a(main.c.obj)
 .rodata.__func__.10393
                0x00008fd4        0x5 app/libapp.a(main.c.obj)
 *fill*         0x00008fd9        0x3 
 .rodata.cbvprintf.str1.4
                0x00008fdc        0x6 zephyr/libzephyr.a(cbprintf_complete.c.obj)
 *fill*         0x00008fe2        0x2 
 .rodata.enable_logger.str1.4
                0x00008fe4        0x8 zephyr/libzephyr.a(log_core.c.obj)
 .rodata.z_log_strdup.str1.4
                0x00008fec       0x1a zephyr/libzephyr.a(log_core.c.obj)
 *fill*         0x00009006        0x2 
 .rodata.detect_missed_strdup.str1.4
                0x00009008       0x40 zephyr/libzephyr.a(log_core.c.obj)
 .rodata.str1.4
                0x00009048        0x4 zephyr/libzephyr.a(log_core.c.obj)
 .rodata.timestamp_print.str1.4
                0x0000904c       0x28 zephyr/libzephyr.a(log_output.c.obj)
 .rodata.color_print.str1.4
                0x00009074        0xb zephyr/libzephyr.a(log_output.c.obj)
 *fill*         0x0000907f        0x1 
 .rodata.newline_print.str1.4
                0x00009080        0x3 zephyr/libzephyr.a(log_output.c.obj)
                                  0x7 (size before relaxing)
 *fill*         0x00009083        0x1 
 .rodata.hexdump_line_print.str1.4
                0x00009084       0x13 zephyr/libzephyr.a(log_output.c.obj)
                                 0x17 (size before relaxing)
 *fill*         0x00009097        0x1 
 .rodata.ids_print.str1.4
                0x00009098       0x12 zephyr/libzephyr.a(log_output.c.obj)
 *fill*         0x000090aa        0x2 
 .rodata.prefix_print.str1.4
                0x000090ac        0x4 zephyr/libzephyr.a(log_output.c.obj)
 .rodata.raw_string_print.str1.4
                0x000090b0        0x2 zephyr/libzephyr.a(log_output.c.obj)
 *fill*         0x000090b2        0x2 
 .rodata.log_output_dropped_process.str1.4
                0x000090b4        0x3 zephyr/libzephyr.a(log_output.c.obj)
 *fill*         0x000090b7        0x1 
 .rodata.str1.4
                0x000090b8       0x20 zephyr/libzephyr.a(log_output.c.obj)
 .rodata.colors
                0x000090d8       0x14 zephyr/libzephyr.a(log_output.c.obj)
 .rodata.postfix.9964
                0x000090ec       0x1c zephyr/libzephyr.a(log_output.c.obj)
 .rodata.prefix.9963
                0x00009108        0xc zephyr/libzephyr.a(log_output.c.obj)
 .rodata.severity
                0x00009114       0x14 zephyr/libzephyr.a(log_output.c.obj)
 .rodata.str1.4
                0x00009128       0x10 zephyr/libzephyr.a(log_backend_rtt.c.obj)
 .rodata.log_backend_rtt_api
                0x00009138       0x1c zephyr/libzephyr.a(log_backend_rtt.c.obj)
                0x00009138                log_backend_rtt_api
 .rodata.log_output_rtt
                0x00009154       0x10 zephyr/libzephyr.a(log_backend_rtt.c.obj)
 .rodata.str1.4
                0x00009164        0x3 zephyr/libzephyr.a(pm.c.obj)
 *fill*         0x00009167        0x1 
 .rodata.esf_dump.str1.4
                0x00009168       0x9e zephyr/arch/arch/arm/core/aarch32/libarch__arm__core__aarch32.a(fatal.c.obj)
 *fill*         0x00009206        0x2 
 .rodata.usage_fault.str1.4
                0x00009208       0xd7 zephyr/arch/arch/arm/core/aarch32/cortex_m/libarch__arm__core__aarch32__cortex_m.a(fault.c.obj)
 *fill*         0x000092df        0x1 
 .rodata.debug_monitor.str1.4
                0x000092e0       0x24 zephyr/arch/arch/arm/core/aarch32/cortex_m/libarch__arm__core__aarch32__cortex_m.a(fault.c.obj)
 .rodata.bus_fault.str1.4
                0x00009304       0xd7 zephyr/arch/arch/arm/core/aarch32/cortex_m/libarch__arm__core__aarch32__cortex_m.a(fault.c.obj)
 *fill*         0x000093db        0x1 
 .rodata.mem_manage_fault.str1.4
                0x000093dc       0x9b zephyr/arch/arch/arm/core/aarch32/cortex_m/libarch__arm__core__aarch32__cortex_m.a(fault.c.obj)
 *fill*         0x00009477        0x1 
 .rodata.hard_fault.str1.4
                0x00009478       0x88 zephyr/arch/arch/arm/core/aarch32/cortex_m/libarch__arm__core__aarch32__cortex_m.a(fault.c.obj)
 .rodata.reserved_exception.str1.4
                0x00009500       0x47 zephyr/arch/arch/arm/core/aarch32/cortex_m/libarch__arm__core__aarch32__cortex_m.a(fault.c.obj)
 *fill*         0x00009547        0x1 
 .rodata.z_arm_fault.str1.4
                0x00009548       0x2b zephyr/arch/arch/arm/core/aarch32/cortex_m/libarch__arm__core__aarch32__cortex_m.a(fault.c.obj)
 *fill*         0x00009573        0x1 
 .rodata.str1.4
                0x00009574        0x4 zephyr/arch/arch/arm/core/aarch32/mpu/libarch__arm__core__aarch32__mpu.a(arm_core_mpu.c.obj)
 .rodata.static_regions
                0x00009578        0xc zephyr/arch/arch/arm/core/aarch32/mpu/libarch__arm__core__aarch32__mpu.a(arm_core_mpu.c.obj)
 .rodata.region_allocate_and_init.str1.4
                0x00009584       0x26 zephyr/arch/arch/arm/core/aarch32/mpu/libarch__arm__core__aarch32__mpu.a(arm_mpu.c.obj)
 *fill*         0x000095aa        0x2 
 .rodata.mpu_configure_regions.str1.4
                0x000095ac       0x23 zephyr/arch/arch/arm/core/aarch32/mpu/libarch__arm__core__aarch32__mpu.a(arm_mpu.c.obj)
 *fill*         0x000095cf        0x1 
 .rodata.str1.4
                0x000095d0        0xf zephyr/soc/arm/common/cortex_m/libsoc__arm__common__cortex_m.a(arm_mpu_regions.c.obj)
 *fill*         0x000095df        0x1 
 .rodata.mpu_config
                0x000095e0        0x8 zephyr/soc/arm/common/cortex_m/libsoc__arm__common__cortex_m.a(arm_mpu_regions.c.obj)
                0x000095e0                mpu_config
 .rodata.mpu_regions
                0x000095e8       0x18 zephyr/soc/arm/common/cortex_m/libsoc__arm__common__cortex_m.a(arm_mpu_regions.c.obj)
 .rodata.str1.4
                0x00009600        0x4 zephyr/soc/arm/nordic_nrf/nrf52/libsoc__arm__nordic_nrf__nrf52.a(soc.c.obj)
 .rodata.str1.4
                0x00009604       0x26 zephyr/drivers/clock_control/libdrivers__clock_control.a(clock_control_nrf.c.obj)
 *fill*         0x0000962a        0x2 
 .rodata.clock_control_api
                0x0000962c       0x18 zephyr/drivers/clock_control/libdrivers__clock_control.a(clock_control_nrf.c.obj)
 .rodata.config
                0x00009644       0x18 zephyr/drivers/clock_control/libdrivers__clock_control.a(clock_control_nrf.c.obj)
 .rodata.transitions.10994
                0x0000965c        0xc zephyr/drivers/clock_control/libdrivers__clock_control.a(clock_control_nrf.c.obj)
 .rodata.str1.4
                0x00009668        0x7 zephyr/drivers/gpio/libdrivers__gpio.a(gpio_nrfx.c.obj)
 .rodata.gpio_nrfx_drv_api_funcs
                0x00009668       0x24 zephyr/drivers/gpio/libdrivers__gpio.a(gpio_nrfx.c.obj)
 .rodata.gpio_nrfx_p0_cfg
                0x0000968c       0x10 zephyr/drivers/gpio/libdrivers__gpio.a(gpio_nrfx.c.obj)
 .rodata.configure.str1.4
                0x0000969c       0xeb zephyr/drivers/spi/libdrivers__spi.a(spi_nrfx_spi.c.obj)
 *fill*         0x00009787        0x1 
 .rodata.spi_0_init.str1.4
                0x00009788       0x24 zephyr/drivers/spi/libdrivers__spi.a(spi_nrfx_spi.c.obj)
 .rodata.transceive.str1.4
                0x000097ac       0x26 zephyr/drivers/spi/libdrivers__spi.a(spi_nrfx_spi.c.obj)
 *fill*         0x000097d2        0x2 
 .rodata.event_handler.str1.4
                0x000097d4       0x1e zephyr/drivers/spi/libdrivers__spi.a(spi_nrfx_spi.c.obj)
 *fill*         0x000097f2        0x2 
 .rodata.str1.4
                0x000097f4        0xd zephyr/drivers/spi/libdrivers__spi.a(spi_nrfx_spi.c.obj)
                                 0x15 (size before relaxing)
 *fill*         0x00009801        0x3 
 .rodata.__compound_literal.0
                0x00009804        0x8 zephyr/drivers/spi/libdrivers__spi.a(spi_nrfx_spi.c.obj)
 .rodata.spi_0z_config
                0x0000980c       0x1c zephyr/drivers/spi/libdrivers__spi.a(spi_nrfx_spi.c.obj)
 .rodata.spi_nrfx_driver_api
                0x00009828        0x8 zephyr/drivers/spi/libdrivers__spi.a(spi_nrfx_spi.c.obj)
 .rodata.k_sys_fatal_error_handler.str1.4
                0x00009830       0x11 modules/nrf/lib/fatal_error/lib..__nrf__lib__fatal_error.a(fatal_error.c.obj)
 *fill*         0x00009841        0x3 
 .rodata.str1.4
                0x00009844        0xc modules/nrf/lib/fatal_error/lib..__nrf__lib__fatal_error.a(fatal_error.c.obj)
 .rodata._DoInit.str1.4
                0x00009850       0x17 modules/segger/libmodules__segger.a(SEGGER_RTT.c.obj)
 *fill*         0x00009867        0x1 
 .rodata.levels.9130
                0x00009868       0x14 zephyr/kernel/libkernel.a(device.c.obj)
 .rodata._k_neg_eagain
                0x0000987c        0x4 zephyr/kernel/libkernel.a(errno.c.obj)
                0x0000987c                _k_neg_eagain
 .rodata.reason_to_str.str1.4
                0x00009880       0x5e zephyr/kernel/libkernel.a(fatal.c.obj)
 *fill*         0x000098de        0x2 
 .rodata.thread_name_get.str1.4
                0x000098e0        0x8 zephyr/kernel/libkernel.a(fatal.c.obj)
 .rodata.z_fatal_error.str1.4
                0x000098e8       0x64 zephyr/kernel/libkernel.a(fatal.c.obj)
 .rodata.init_idle_thread.str1.4
                0x0000994c        0xa zephyr/kernel/libkernel.a(init.c.obj)
 *fill*         0x00009956        0x2 
 .rodata.prepare_multithreading.str1.4
                0x00009958        0x5 zephyr/kernel/libkernel.a(init.c.obj)
 *fill*         0x0000995d        0x3 
 .rodata.str1.4
                0x00009960        0x3 zephyr/kernel/libkernel.a(init.c.obj)
 *fill*         0x00009963        0x1 
 .rodata.boot_banner.str1.4
                0x00009964       0x37 zephyr/kernel/libkernel.a(banner.c.obj)
                                 0x3b (size before relaxing)
 *(SORT_BY_ALIGNMENT(.gnu.linkonce.r.*))
                0x0000999c                . = ALIGN (0x4)
 *fill*         0x0000999b        0x1 
                0x0000999c                __rodata_region_end = .
                0x000099a0                . = ALIGN (_region_min_align)
                0x00010000                . = ALIGN ((0x1 << ((__rodata_region_end - __rom_region_start) <= 0x4)?0x2:((__rodata_region_end - __rom_region_start) <= 0x8)?0x3:((__rodata_region_end - __rom_region_start) <= 0x10)?0x4:((__rodata_region_end - __rom_region_start) <= 0x20)?0x5:((__rodata_region_end - __rom_region_start) <= 0x40)?0x6:((__rodata_region_end - __rom_region_start) <= 0x80)?0x7:((__rodata_region_end - __rom_region_start) <= 0x100)?0x8:((__rodata_region_end - __rom_region_start) <= 0x200)?0x9:((__rodata_region_end - __rom_region_start) <= 0x400)?0xa:((__rodata_region_end - __rom_region_start) <= 0x800)?0xb:((__rodata_region_end - __rom_region_start) <= 0x1000)?0xc:((__rodata_region_end - __rom_region_start) <= 0x2000)?0xd:((__rodata_region_end - __rom_region_start) <= 0x4000)?0xe:((__rodata_region_end - __rom_region_start) <= 0x8000)?0xf:((__rodata_region_end - __rom_region_start) <= 0x10000)?0x10:((__rodata_region_end - __rom_region_start) <= 0x20000)?0x11:((__rodata_region_end - __rom_region_start) <= 0x40000)?0x12:((__rodata_region_end - __rom_region_start) <= 0x80000)?0x13:((__rodata_region_end - __rom_region_start) <= 0x100000)?0x14:((__rodata_region_end - __rom_region_start) <= 0x200000)?0x15:((__rodata_region_end - __rom_region_start) <= 0x400000)?0x16:((__rodata_region_end - __rom_region_start) <= 0x800000)?0x17:((__rodata_region_end - __rom_region_start) <= 0x1000000)?0x18:((__rodata_region_end - __rom_region_start) <= 0x2000000)?0x19:((__rodata_region_end - __rom_region_start) <= 0x4000000)?0x1a:((__rodata_region_end - __rom_region_start) <= 0x8000000)?0x1b:((__rodata_region_end - __rom_region_start) <= 0x10000000)?0x1c:((__rodata_region_end - __rom_region_start) <= 0x20000000)?0x1d:((__rodata_region_end - __rom_region_start) <= 0x40000000)?0x1e:((__rodata_region_end - __rom_region_start) <= 0x80000000)?0x1f:0x20))
                0x00010000                __rom_region_end = .
                0x20000000                . = 0x20000000
                0x20000000                . = ALIGN (_region_min_align)
                0x20000000                _image_ram_start = .

.ramfunc        0x20000000        0x0 load address 0x0000999c
                0x20000000                . = ALIGN (_region_min_align)
                0x20000000                . = ALIGN ((0x1 << (__ramfunc_size <= 0x4)?0x2:(__ramfunc_size <= 0x8)?0x3:(__ramfunc_size <= 0x10)?0x4:(__ramfunc_size <= 0x20)?0x5:(__ramfunc_size <= 0x40)?0x6:(__ramfunc_size <= 0x80)?0x7:(__ramfunc_size <= 0x100)?0x8:(__ramfunc_size <= 0x200)?0x9:(__ramfunc_size <= 0x400)?0xa:(__ramfunc_size <= 0x800)?0xb:(__ramfunc_size <= 0x1000)?0xc:(__ramfunc_size <= 0x2000)?0xd:(__ramfunc_size <= 0x4000)?0xe:(__ramfunc_size <= 0x8000)?0xf:(__ramfunc_size <= 0x10000)?0x10:(__ramfunc_size <= 0x20000)?0x11:(__ramfunc_size <= 0x40000)?0x12:(__ramfunc_size <= 0x80000)?0x13:(__ramfunc_size <= 0x100000)?0x14:(__ramfunc_size <= 0x200000)?0x15:(__ramfunc_size <= 0x400000)?0x16:(__ramfunc_size <= 0x800000)?0x17:(__ramfunc_size <= 0x1000000)?0x18:(__ramfunc_size <= 0x2000000)?0x19:(__ramfunc_size <= 0x4000000)?0x1a:(__ramfunc_size <= 0x8000000)?0x1b:(__ramfunc_size <= 0x10000000)?0x1c:(__ramfunc_size <= 0x20000000)?0x1d:(__ramfunc_size <= 0x40000000)?0x1e:(__ramfunc_size <= 0x80000000)?0x1f:0x20))
                0x20000000                __ramfunc_start = .
 *(SORT_BY_ALIGNMENT(.ramfunc))
 *(SORT_BY_ALIGNMENT(.ramfunc.*))
                0x20000000                . = ALIGN (_region_min_align)
                0x20000000                . = ALIGN ((0x1 << (__ramfunc_size <= 0x4)?0x2:(__ramfunc_size <= 0x8)?0x3:(__ramfunc_size <= 0x10)?0x4:(__ramfunc_size <= 0x20)?0x5:(__ramfunc_size <= 0x40)?0x6:(__ramfunc_size <= 0x80)?0x7:(__ramfunc_size <= 0x100)?0x8:(__ramfunc_size <= 0x200)?0x9:(__ramfunc_size <= 0x400)?0xa:(__ramfunc_size <= 0x800)?0xb:(__ramfunc_size <= 0x1000)?0xc:(__ramfunc_size <= 0x2000)?0xd:(__ramfunc_size <= 0x4000)?0xe:(__ramfunc_size <= 0x8000)?0xf:(__ramfunc_size <= 0x10000)?0x10:(__ramfunc_size <= 0x20000)?0x11:(__ramfunc_size <= 0x40000)?0x12:(__ramfunc_size <= 0x80000)?0x13:(__ramfunc_size <= 0x100000)?0x14:(__ramfunc_size <= 0x200000)?0x15:(__ramfunc_size <= 0x400000)?0x16:(__ramfunc_size <= 0x800000)?0x17:(__ramfunc_size <= 0x1000000)?0x18:(__ramfunc_size <= 0x2000000)?0x19:(__ramfunc_size <= 0x4000000)?0x1a:(__ramfunc_size <= 0x8000000)?0x1b:(__ramfunc_size <= 0x10000000)?0x1c:(__ramfunc_size <= 0x20000000)?0x1d:(__ramfunc_size <= 0x40000000)?0x1e:(__ramfunc_size <= 0x80000000)?0x1f:0x20))
                0x20000000                __ramfunc_end = .
                0x00000000                __ramfunc_size = (__ramfunc_end - __ramfunc_start)